<html>
<body>
<pre>
<h1>礦ision Build Log</h1>
<h2>Tool Versions:</h2>
IDE-Version: 礦ision V5.36.0.0
Copyright (C) 2021 ARM Ltd and ARM Germany GmbH. All rights reserved.
License Information: 1 2, 3, LIC=JL28G-VVY99-SBEEJ-UD6RE-68JHD-TDFKR
 
Tool Versions:
Toolchain:       MDK-ARM Plus  Version: 5.36.0.0
Toolchain Path:  C:\Keil_v5\ARM\ARMCC\Bin
C Compiler:      Armcc.exe V5.06 update 7 (build 960)
Assembler:       Armasm.exe V5.06 update 7 (build 960)
Linker/Locator:  ArmLink.exe V5.06 update 7 (build 960)
Library Manager: ArmAr.exe V5.06 update 7 (build 960)
Hex Converter:   FromElf.exe V5.06 update 7 (build 960)
CPU DLL:         SARMCM3.DLL V5.36.0.0
Dialog DLL:      DCM.DLL V1.17.3.0
Target DLL:      STLink\ST-LINKIII-KEIL_SWO.dll V3.0.9.0
Dialog DLL:      TCM.DLL V1.53.0.0
 
<h2>Project:</h2>
C:\Users\13406\Downloads\四自由度机械臂_Mini小车_D版STM32源码2023.04.21(霍尔编码器)\四自由度机械臂_Mini小车_D版STM32源码2023.04.21(霍尔编码器)\USER\WHEELTEC.uvprojx
Project File Date:  04/19/2024

<h2>Output:</h2>
*** Using Compiler 'V5.06 update 7 (build 960)', folder: 'C:\Keil_v5\ARM\ARMCC\Bin'
Build target 'FreeRTOS'
compiling key.c...
compiling system_stm32f4xx.c...
compiling encoder.c...
compiling main.c...
compiling LED.C...
compiling can.c...
compiling stm32f4xx_it.c...
compiling adc.c...
compiling oled.c...
compiling delay.c...
compiling timer.c...
compiling F4_flash.c...
compiling pstwo.c...
compiling sys.c...
compiling motor.c...
assembling startup_stm32f40_41xxx.s...
compiling usartx.c...
compiling usart.c...
compiling stm32f4xx_gpio.c...
compiling stm32f4xx_usart.c...
compiling stm32f4xx_rcc.c...
compiling stm32f4xx_adc.c...
compiling misc.c...
compiling stm32f4xx_can.c...
compiling stm32f4xx_syscfg.c...
compiling stm32f4xx_pwr.c...
compiling stm32f4xx_flash.c...
compiling croutine.c...
compiling event_groups.c...
compiling queue.c...
compiling stm32f4xx_tim.c...
compiling list.c...
compiling tasks.c...
compiling timers.c...
compiling heap_4.c...
compiling port.c...
compiling robot_select_init.c...
compiling balance.c...
compiling MPU6050.c...
compiling show.c...
compiling system.c...
compiling I2C.c...
linking...
Program Size: Code=40982 RO-data=5858 RW-data=764 ZI-data=24340  
FromELF: creating hex file...
"..\OBJ\WHEELTEC.axf" - 0 Error(s), 0 Warning(s).

<h2>Software Packages used:</h2>

Package Vendor: Keil
                http://www.keil.com/pack/Keil.STM32F4xx_DFP.2.15.0.pack
                Keil.STM32F4xx_DFP.2.15.0
                STMicroelectronics STM32F4 Series Device Support, Drivers and Examples

<h2>Collection of Component include folders:</h2>
  C:\Users\13406\AppData\Local\Arm\Packs\Keil\STM32F4xx_DFP\2.15.0\Drivers\CMSIS\Device\ST\STM32F4xx\Include

<h2>Collection of Component Files used:</h2>
Build Time Elapsed:  00:00:08
</pre>
</body>
</html>
