Component: ARM Compiler 5.06 update 7 (build 960) Tool: armlink [4d3601]

==============================================================================

Section Cross References

    main.o(i.main) refers to system.o(i.systemInit) for systemInit
    main.o(i.main) refers to tasks.o(i.xTaskCreate) for xTaskCreate
    main.o(i.main) refers to tasks.o(i.vTaskStartScheduler) for vTaskStartScheduler
    main.o(i.main) refers to main.o(.data) for .data
    main.o(i.main) refers to main.o(i.start_task) for start_task
    main.o(i.start_task) refers to port.o(i.vPortEnterCritical) for vPortEnterCritical
    main.o(i.start_task) refers to tasks.o(i.xTaskCreate) for xTaskCreate
    main.o(i.start_task) refers to tasks.o(i.vTaskDelete) for vTaskDelete
    main.o(i.start_task) refers to port.o(i.vPortExitCritical) for vPortExitCritical
    main.o(i.start_task) refers to balance.o(i.Balance_task) for Balance_task
    main.o(i.start_task) refers to mpu6050.o(i.MPU6050_task) for MPU6050_task
    main.o(i.start_task) refers to show.o(i.show_task) for show_task
    main.o(i.start_task) refers to led.o(i.led_task) for led_task
    main.o(i.start_task) refers to pstwo.o(i.pstwo_task) for pstwo_task
    main.o(i.start_task) refers to usartx.o(i.data_task) for data_task
    main.o(i.start_task) refers to main.o(.data) for .data
    system_stm32f4xx.o(i.SystemCoreClockUpdate) refers to system_stm32f4xx.o(.data) for .data
    system_stm32f4xx.o(i.SystemInit) refers to system_stm32f4xx.o(i.SetSysClock) for SetSysClock
    adc.o(i.Adc_Init) refers to stm32f4xx_rcc.o(i.RCC_AHB1PeriphClockCmd) for RCC_AHB1PeriphClockCmd
    adc.o(i.Adc_Init) refers to stm32f4xx_rcc.o(i.RCC_APB2PeriphClockCmd) for RCC_APB2PeriphClockCmd
    adc.o(i.Adc_Init) refers to stm32f4xx_gpio.o(i.GPIO_Init) for GPIO_Init
    adc.o(i.Adc_Init) refers to stm32f4xx_rcc.o(i.RCC_APB2PeriphResetCmd) for RCC_APB2PeriphResetCmd
    adc.o(i.Adc_Init) refers to stm32f4xx_adc.o(i.ADC_CommonInit) for ADC_CommonInit
    adc.o(i.Adc_Init) refers to stm32f4xx_adc.o(i.ADC_Init) for ADC_Init
    adc.o(i.Adc_Init) refers to stm32f4xx_adc.o(i.ADC_Cmd) for ADC_Cmd
    adc.o(i.Adc_POWER_Init) refers to stm32f4xx_rcc.o(i.RCC_AHB1PeriphClockCmd) for RCC_AHB1PeriphClockCmd
    adc.o(i.Adc_POWER_Init) refers to stm32f4xx_rcc.o(i.RCC_APB2PeriphClockCmd) for RCC_APB2PeriphClockCmd
    adc.o(i.Adc_POWER_Init) refers to stm32f4xx_gpio.o(i.GPIO_Init) for GPIO_Init
    adc.o(i.Adc_POWER_Init) refers to stm32f4xx_rcc.o(i.RCC_APB2PeriphResetCmd) for RCC_APB2PeriphResetCmd
    adc.o(i.Adc_POWER_Init) refers to stm32f4xx_adc.o(i.ADC_CommonInit) for ADC_CommonInit
    adc.o(i.Adc_POWER_Init) refers to stm32f4xx_adc.o(i.ADC_Init) for ADC_Init
    adc.o(i.Adc_POWER_Init) refers to stm32f4xx_adc.o(i.ADC_Cmd) for ADC_Cmd
    adc.o(i.Get_Adc) refers to stm32f4xx_adc.o(i.ADC_RegularChannelConfig) for ADC_RegularChannelConfig
    adc.o(i.Get_Adc) refers to stm32f4xx_adc.o(i.ADC_SoftwareStartConv) for ADC_SoftwareStartConv
    adc.o(i.Get_Adc) refers to stm32f4xx_adc.o(i.ADC_GetFlagStatus) for ADC_GetFlagStatus
    adc.o(i.Get_Adc) refers to stm32f4xx_adc.o(i.ADC_GetConversionValue) for ADC_GetConversionValue
    adc.o(i.Get_Adc2) refers to stm32f4xx_adc.o(i.ADC_RegularChannelConfig) for ADC_RegularChannelConfig
    adc.o(i.Get_Adc2) refers to stm32f4xx_adc.o(i.ADC_SoftwareStartConv) for ADC_SoftwareStartConv
    adc.o(i.Get_Adc2) refers to stm32f4xx_adc.o(i.ADC_GetFlagStatus) for ADC_GetFlagStatus
    adc.o(i.Get_Adc2) refers to stm32f4xx_adc.o(i.ADC_GetConversionValue) for ADC_GetConversionValue
    adc.o(i.Get_adc_Average) refers to adc.o(i.Get_Adc) for Get_Adc
    adc.o(i.Get_adc_Average) refers to delay.o(i.delay_ms) for delay_ms
    adc.o(i.Get_battery_volt) refers to adc.o(i.Get_Adc2) for Get_Adc2
    adc.o(i.Get_battery_volt) refers to dflt_clz.o(x$fpl$dfltu) for __aeabi_ui2d
    adc.o(i.Get_battery_volt) refers to dmul.o(x$fpl$dmul) for __aeabi_dmul
    adc.o(i.Get_battery_volt) refers to d2f.o(x$fpl$d2f) for __aeabi_d2f
    can.o(i.CAN1_Mode_Init) refers to stm32f4xx_rcc.o(i.RCC_AHB1PeriphClockCmd) for RCC_AHB1PeriphClockCmd
    can.o(i.CAN1_Mode_Init) refers to stm32f4xx_rcc.o(i.RCC_APB1PeriphClockCmd) for RCC_APB1PeriphClockCmd
    can.o(i.CAN1_Mode_Init) refers to stm32f4xx_gpio.o(i.GPIO_Init) for GPIO_Init
    can.o(i.CAN1_Mode_Init) refers to stm32f4xx_gpio.o(i.GPIO_PinAFConfig) for GPIO_PinAFConfig
    can.o(i.CAN1_Mode_Init) refers to misc.o(i.NVIC_Init) for NVIC_Init
    can.o(i.CAN1_Mode_Init) refers to stm32f4xx_can.o(i.CAN_ITConfig) for CAN_ITConfig
    can.o(i.CAN1_RX0_IRQHandler) refers to can.o(i.CAN1_Rx_Msg) for CAN1_Rx_Msg
    can.o(i.CAN1_RX0_IRQHandler) refers to system.o(.data) for CAN_ON_Flag
    can.o(i.CAN1_RX0_IRQHandler) refers to system.o(.data) for PS2_ON_Flag
    can.o(i.CAN1_RX0_IRQHandler) refers to system.o(.data) for Remote_ON_Flag
    can.o(i.CAN1_RX0_IRQHandler) refers to system.o(.data) for APP_ON_Flag
[...]
    TIM_EncoderInterfaceConfig               0x08004577   Thumb Code    50  stm32f4xx_tim.o(i.TIM_EncoderInterfaceConfig)
    TIM_GetCapture1                          0x080045a9   Thumb Code     4  stm32f4xx_tim.o(i.TIM_GetCapture1)
    TIM_GetCapture2                          0x080045ad   Thumb Code     4  stm32f4xx_tim.o(i.TIM_GetCapture2)
    TIM_GetCapture3                          0x080045b1   Thumb Code     4  stm32f4xx_tim.o(i.TIM_GetCapture3)
    TIM_GetCapture4                          0x080045b5   Thumb Code     4  stm32f4xx_tim.o(i.TIM_GetCapture4)
    TIM_GetITStatus                          0x080045b9   Thumb Code    24  stm32f4xx_tim.o(i.TIM_GetITStatus)
    TIM_ICInit                               0x080045d1   Thumb Code   172  stm32f4xx_tim.o(i.TIM_ICInit)
    TIM_ICStructInit                         0x0800467d   Thumb Code    16  stm32f4xx_tim.o(i.TIM_ICStructInit)
    TIM_ITConfig                             0x0800468d   Thumb Code    16  stm32f4xx_tim.o(i.TIM_ITConfig)
    TIM_OC1Init                              0x0800469d   Thumb Code    88  stm32f4xx_tim.o(i.TIM_OC1Init)
    TIM_OC1PolarityConfig                    0x080046fd   Thumb Code    12  stm32f4xx_tim.o(i.TIM_OC1PolarityConfig)
    TIM_OC1PreloadConfig                     0x08004709   Thumb Code    12  stm32f4xx_tim.o(i.TIM_OC1PreloadConfig)
    TIM_OC2Init                              0x08004715   Thumb Code   120  stm32f4xx_tim.o(i.TIM_OC2Init)
    TIM_OC2PolarityConfig                    0x08004795   Thumb Code    20  stm32f4xx_tim.o(i.TIM_OC2PolarityConfig)
    TIM_OC2PreloadConfig                     0x080047a9   Thumb Code    20  stm32f4xx_tim.o(i.TIM_OC2PreloadConfig)
    TIM_OC3Init                              0x080047bd   Thumb Code   116  stm32f4xx_tim.o(i.TIM_OC3Init)
    TIM_OC3PolarityConfig                    0x08004839   Thumb Code    20  stm32f4xx_tim.o(i.TIM_OC3PolarityConfig)
    TIM_OC3PreloadConfig                     0x0800484d   Thumb Code    12  stm32f4xx_tim.o(i.TIM_OC3PreloadConfig)
    TIM_OC4Init                              0x08004859   Thumb Code    88  stm32f4xx_tim.o(i.TIM_OC4Init)
    TIM_OC4PolarityConfig                    0x080048b9   Thumb Code    20  stm32f4xx_tim.o(i.TIM_OC4PolarityConfig)
    TIM_OC4PreloadConfig                     0x080048cd   Thumb Code    20  stm32f4xx_tim.o(i.TIM_OC4PreloadConfig)
    TIM_SetCounter                           0x080048e1   Thumb Code     4  stm32f4xx_tim.o(i.TIM_SetCounter)
    TIM_SetIC1Prescaler                      0x080048e5   Thumb Code    16  stm32f4xx_tim.o(i.TIM_SetIC1Prescaler)
    TIM_SetIC2Prescaler                      0x080048f5   Thumb Code    24  stm32f4xx_tim.o(i.TIM_SetIC2Prescaler)
    TIM_SetIC3Prescaler                      0x0800490d   Thumb Code    16  stm32f4xx_tim.o(i.TIM_SetIC3Prescaler)
    TIM_SetIC4Prescaler                      0x0800491d   Thumb Code    24  stm32f4xx_tim.o(i.TIM_SetIC4Prescaler)
    TIM_TimeBaseInit                         0x08004935   Thumb Code    96  stm32f4xx_tim.o(i.TIM_TimeBaseInit)
    TIM_TimeBaseStructInit                   0x080049b1   Thumb Code    18  stm32f4xx_tim.o(i.TIM_TimeBaseStructInit)
    Turn_Off                                 0x080049c5   Thumb Code    54  balance.o(i.Turn_Off)
    UART5_IRQHandler                         0x08004a15   Thumb Code   366  usartx.o(i.UART5_IRQHandler)
    USART1_IRQHandler                        0x08004bd5   Thumb Code   432  usartx.o(i.USART1_IRQHandler)
    USART1_SEND                              0x08004dd9   Thumb Code    22  usartx.o(i.USART1_SEND)
    USART2_IRQHandler                        0x08004df5   Thumb Code   588  usartx.o(i.USART2_IRQHandler)
    USART3_IRQHandler                        0x080050c5   Thumb Code    86  usartx.o(i.USART3_IRQHandler)
    USART3_SEND                              0x0800512d   Thumb Code    22  usartx.o(i.USART3_SEND)
    USART5_SEND                              0x08005149   Thumb Code    22  usartx.o(i.USART5_SEND)
    USART_ClearFlag                          0x08005165   Thumb Code     6  stm32f4xx_usart.o(i.USART_ClearFlag)
    USART_ClearITPendingBit                  0x0800516b   Thumb Code    12  stm32f4xx_usart.o(i.USART_ClearITPendingBit)
    USART_Cmd                                0x08005177   Thumb Code    20  stm32f4xx_usart.o(i.USART_Cmd)
    USART_GetFlagStatus                      0x0800518b   Thumb Code    14  stm32f4xx_usart.o(i.USART_GetFlagStatus)
    USART_GetITStatus                        0x08005199   Thumb Code    62  stm32f4xx_usart.o(i.USART_GetITStatus)
    USART_ITConfig                           0x080051d7   Thumb Code    48  stm32f4xx_usart.o(i.USART_ITConfig)
    USART_Init                               0x08005209   Thumb Code   164  stm32f4xx_usart.o(i.USART_Init)
    USART_ReceiveData                        0x080052b5   Thumb Code     8  stm32f4xx_usart.o(i.USART_ReceiveData)
    USART_SendData                           0x080052bd   Thumb Code     8  stm32f4xx_usart.o(i.USART_SendData)
    UsageFault_Handler                       0x080052c5   Thumb Code     2  stm32f4xx_it.o(i.UsageFault_Handler)
    XYZ_Target_Speed_transition              0x080052c9   Thumb Code    74  usartx.o(i.XYZ_Target_Speed_transition)
    __ARM_fpclassify                         0x0800531d   Thumb Code    48  fpclassify.o(i.__ARM_fpclassify)
    __hardfp_pow                             0x08005351   Thumb Code  3072  pow.o(i.__hardfp_pow)
    __kernel_poly                            0x08005fa1   Thumb Code   248  poly.o(i.__kernel_poly)
    __mathlib_dbl_divzero                    0x08006099   Thumb Code    28  dunder.o(i.__mathlib_dbl_divzero)
    __mathlib_dbl_infnan2                    0x080060c9   Thumb Code    20  dunder.o(i.__mathlib_dbl_infnan2)
    __mathlib_dbl_invalid                    0x080060e1   Thumb Code    24  dunder.o(i.__mathlib_dbl_invalid)
    __mathlib_dbl_overflow                   0x08006101   Thumb Code    24  dunder.o(i.__mathlib_dbl_overflow)
    __mathlib_dbl_underflow                  0x08006121   Thumb Code    24  dunder.o(i.__mathlib_dbl_underflow)
    _sys_exit                                0x08006141   Thumb Code     2  usart.o(i._sys_exit)
    click_N_Double_MPU6050                   0x08006145   Thumb Code   132  key.o(i.click_N_Double_MPU6050)
    data_task                                0x080061d1   Thumb Code    38  usartx.o(i.data_task)
    data_transition                          0x080061f9   Thumb Code   414  usartx.o(i.data_transition)
    delay_init                               0x080063cd   Thumb Code    50  delay.o(i.delay_init)
    delay_ms                                 0x08006405   Thumb Code    52  delay.o(i.delay_ms)
    delay_us                                 0x0800643d   Thumb Code    48  delay.o(i.delay_us)
    fabs                                     0x08006471   Thumb Code    24  fabs.o(i.fabs)
    float_abs                                0x08006489   Thumb Code    16  balance.o(i.float_abs)
    fputc                                    0x08006499   Thumb Code    18  usart.o(i.fputc)
    getSysTickCnt                            0x080064b1   Thumb Code    24  delay.o(i.getSysTickCnt)
    led_task                                 0x080064cd   Thumb Code    22  led.o(i.led_task)
    main                                     0x080064ed   Thumb Code    34  main.o(i.main)
    moveit_angle_limit                       0x08006525   Thumb Code   100  balance.o(i.moveit_angle_limit)
    moveit_pwm_limit                         0x080065a9   Thumb Code    72  balance.o(i.moveit_pwm_limit)
    oled_pow                                 0x08006601   Thumb Code    16  oled.o(i.oled_pow)
    oled_show                                0x08006611   Thumb Code  2154  show.o(i.oled_show)
    pstwo_task                               0x08007795   Thumb Code    26  pstwo.o(i.pstwo_task)
    pvPortMalloc                             0x080077b1   Thumb Code   214  heap_4.o(i.pvPortMalloc)
    pvTaskIncrementMutexHeldCount            0x080078c5   Thumb Code    18  tasks.o(i.pvTaskIncrementMutexHeldCount)
    pxPortInitialiseStack                    0x080078dd   Thumb Code    40  port.o(i.pxPortInitialiseStack)
    show_task                                0x08007909   Thumb Code   296  show.o(i.show_task)
    sqrt                                     0x08007a59   Thumb Code   110  sqrt.o(i.sqrt)
    start_task                               0x08007ac9   Thumb Code   132  main.o(i.start_task)
    systemInit                               0x08007bb9   Thumb Code   180  system.o(i.systemInit)
    target_limit_float                       0x08007c6d   Thumb Code    32  balance.o(i.target_limit_float)
    target_limit_int                         0x08007c8d   Thumb Code    16  balance.o(i.target_limit_int)
    uart1_init                               0x08007c9d   Thumb Code   162  usartx.o(i.uart1_init)
    uart2_init                               0x08007d49   Thumb Code   160  usartx.o(i.uart2_init)
    uart3_init                               0x08007df1   Thumb Code   168  usartx.o(i.uart3_init)
    uart5_init                               0x08007ea1   Thumb Code   206  usartx.o(i.uart5_init)
    usart1_send                              0x08007f7d   Thumb Code    12  usartx.o(i.usart1_send)
    usart3_send                              0x08007f8d   Thumb Code    14  usartx.o(i.usart3_send)
    usart5_send                              0x08007fa1   Thumb Code    12  usartx.o(i.usart5_send)
    uxListRemove                             0x08007fb1   Thumb Code    36  list.o(i.uxListRemove)
    vListInitialise                          0x08007fd5   Thumb Code    22  list.o(i.vListInitialise)
    vListInitialiseItem                      0x08007feb   Thumb Code     6  list.o(i.vListInitialiseItem)
    vListInsert                              0x08007ff1   Thumb Code    48  list.o(i.vListInsert)
    vListInsertEnd                           0x08008021   Thumb Code    24  list.o(i.vListInsertEnd)
    vPortEnterCritical                       0x08008039   Thumb Code    50  port.o(i.vPortEnterCritical)
    vPortExitCritical                        0x080080b1   Thumb Code    34  port.o(i.vPortExitCritical)
    vPortFree                                0x08008115   Thumb Code    94  heap_4.o(i.vPortFree)
    vPortSetupTimerInterrupt                 0x080081b1   Thumb Code    26  port.o(i.vPortSetupTimerInterrupt)
    vPortValidateInterruptPriority           0x080081d1   Thumb Code    70  port.o(i.vPortValidateInterruptPriority)
    vQueueAddToRegistry                      0x0800825d   Thumb Code    32  queue.o(i.vQueueAddToRegistry)
    vQueueWaitForMessageRestricted           0x08008281   Thumb Code    68  queue.o(i.vQueueWaitForMessageRestricted)
    vTaskDelay                               0x080082c5   Thumb Code    62  tasks.o(i.vTaskDelay)
    vTaskDelayUntil                          0x08008331   Thumb Code   128  tasks.o(i.vTaskDelayUntil)
    vTaskDelete                              0x080083dd   Thumb Code   152  tasks.o(i.vTaskDelete)
    vTaskMissedYield                         0x080084a9   Thumb Code     8  tasks.o(i.vTaskMissedYield)
    vTaskPlaceOnEventList                    0x080084b5   Thumb Code    44  tasks.o(i.vTaskPlaceOnEventList)
    vTaskPlaceOnEventListRestricted          0x08008509   Thumb Code    52  tasks.o(i.vTaskPlaceOnEventListRestricted)
    vTaskPriorityInherit                     0x08008565   Thumb Code   124  tasks.o(i.vTaskPriorityInherit)
    vTaskSetTimeOutState                     0x080085e9   Thumb Code    30  tasks.o(i.vTaskSetTimeOutState)
    vTaskStartScheduler                      0x08008631   Thumb Code    96  tasks.o(i.vTaskStartScheduler)
    vTaskSuspendAll                          0x080086c5   Thumb Code    10  tasks.o(i.vTaskSuspendAll)
    vTaskSwitchContext                       0x080086d5   Thumb Code    80  tasks.o(i.vTaskSwitchContext)
    xPortStartScheduler                      0x08008751   Thumb Code   196  port.o(i.xPortStartScheduler)
    xPortSysTickHandler                      0x08008865   Thumb Code    38  port.o(i.xPortSysTickHandler)
    xQueueGenericCreate                      0x08008891   Thumb Code    82  queue.o(i.xQueueGenericCreate)
    xQueueGenericReceive                     0x08008909   Thumb Code   348  queue.o(i.xQueueGenericReceive)
    xQueueGenericReset                       0x08008a8d   Thumb Code   128  queue.o(i.xQueueGenericReset)
    xQueueGenericSend                        0x08008b35   Thumb Code   350  queue.o(i.xQueueGenericSend)
    xQueueGenericSendFromISR                 0x08008cbd   Thumb Code   188  queue.o(i.xQueueGenericSendFromISR)
    xTaskCheckForTimeOut                     0x08008d9d   Thumb Code    94  tasks.o(i.xTaskCheckForTimeOut)
    xTaskCreate                              0x08008e25   Thumb Code    86  tasks.o(i.xTaskCreate)
    xTaskGetSchedulerState                   0x08008e7d   Thumb Code    22  tasks.o(i.xTaskGetSchedulerState)
    xTaskGetTickCount                        0x08008e99   Thumb Code     6  tasks.o(i.xTaskGetTickCount)
    xTaskIncrementTick                       0x08008ea5   Thumb Code   188  tasks.o(i.xTaskIncrementTick)
    xTaskPriorityDisinherit                  0x08008f8d   Thumb Code   136  tasks.o(i.xTaskPriorityDisinherit)
    xTaskRemoveFromEventList                 0x08009041   Thumb Code   102  tasks.o(i.xTaskRemoveFromEventList)
    xTaskResumeAll                           0x080090d9   Thumb Code   180  tasks.o(i.xTaskResumeAll)
    xTimerCreate                             0x080091bd   Thumb Code    74  timers.o(i.xTimerCreate)
    xTimerCreateTimerTask                    0x08009231   Thumb Code    58  timers.o(i.xTimerCreateTimerTask)
    xTimerGenericCommand                     0x080092a5   Thumb Code    98  timers.o(i.xTimerGenericCommand)
    __aeabi_dneg                             0x08009335   Thumb Code     0  basic.o(x$fpl$basic)
    _dneg                                    0x08009335   Thumb Code     6  basic.o(x$fpl$basic)
    __aeabi_fneg                             0x0800933b   Thumb Code     0  basic.o(x$fpl$basic)
    _fneg                                    0x0800933b   Thumb Code     6  basic.o(x$fpl$basic)
    _dabs                                    0x08009341   Thumb Code     6  basic.o(x$fpl$basic)
    _fabs                                    0x08009347   Thumb Code     6  basic.o(x$fpl$basic)
    __aeabi_d2f                              0x0800934d   Thumb Code     0  d2f.o(x$fpl$d2f)
    _d2f                                     0x0800934d   Thumb Code    98  d2f.o(x$fpl$d2f)
    __aeabi_dadd                             0x080093b1   Thumb Code     0  daddsub_clz.o(x$fpl$dadd)
    _dadd                                    0x080093b1   Thumb Code   332  daddsub_clz.o(x$fpl$dadd)
    __fpl_dcheck_NaN1                        0x08009501   Thumb Code    10  dcheck1.o(x$fpl$dcheck1)
    __fpl_dcmp_Inf                           0x08009511   Thumb Code    24  dcmpi.o(x$fpl$dcmpinf)
    __aeabi_ddiv                             0x08009529   Thumb Code     0  ddiv.o(x$fpl$ddiv)
    _ddiv                                    0x08009529   Thumb Code   552  ddiv.o(x$fpl$ddiv)
    __aeabi_i2d                              0x080097d9   Thumb Code     0  dflt_clz.o(x$fpl$dflt)
    _dflt                                    0x080097d9   Thumb Code    46  dflt_clz.o(x$fpl$dflt)
    __aeabi_ui2d                             0x08009807   Thumb Code     0  dflt_clz.o(x$fpl$dfltu)
    _dfltu                                   0x08009807   Thumb Code    38  dflt_clz.o(x$fpl$dfltu)
    __aeabi_cdcmple                          0x0800982d   Thumb Code     0  dleqf.o(x$fpl$dleqf)
    _dcmple                                  0x0800982d   Thumb Code   120  dleqf.o(x$fpl$dleqf)
    __fpl_dcmple_InfNaN                      0x0800988f   Thumb Code     0  dleqf.o(x$fpl$dleqf)
    __aeabi_dmul                             0x080098a5   Thumb Code     0  dmul.o(x$fpl$dmul)
    _dmul                                    0x080098a5   Thumb Code   332  dmul.o(x$fpl$dmul)
    __fpl_dnaninf                            0x080099f9   Thumb Code   156  dnaninf.o(x$fpl$dnaninf)
    __fpl_dretinf                            0x08009a95   Thumb Code    12  dretinf.o(x$fpl$dretinf)
    __aeabi_cdrcmple                         0x08009aa1   Thumb Code     0  drleqf.o(x$fpl$drleqf)
    _drcmple                                 0x08009aa1   Thumb Code   108  drleqf.o(x$fpl$drleqf)
    __aeabi_drsub                            0x08009b0d   Thumb Code     0  daddsub_clz.o(x$fpl$drsb)
    _drsb                                    0x08009b0d   Thumb Code    22  daddsub_clz.o(x$fpl$drsb)
    _dsqrt                                   0x08009b25   Thumb Code   404  dsqrt_umaal.o(x$fpl$dsqrt)
    __aeabi_dsub                             0x08009cbd   Thumb Code     0  daddsub_clz.o(x$fpl$dsub)
    _dsub                                    0x08009cbd   Thumb Code   464  daddsub_clz.o(x$fpl$dsub)
    __aeabi_f2d                              0x08009e91   Thumb Code     0  f2d.o(x$fpl$f2d)
    _f2d                                     0x08009e91   Thumb Code    86  f2d.o(x$fpl$f2d)
    __fpl_fnaninf                            0x08009ee7   Thumb Code   140  fnaninf.o(x$fpl$fnaninf)
    _fp_init                                 0x08009f73   Thumb Code    10  fpinit.o(x$fpl$fpinit)
    __fplib_config_fpu_vfp                   0x08009f7b   Thumb Code     0  fpinit.o(x$fpl$fpinit)
    __fplib_config_pureend_doubles           0x08009f7b   Thumb Code     0  fpinit.o(x$fpl$fpinit)
    __fpl_fretinf                            0x08009f7d   Thumb Code    10  fretinf.o(x$fpl$fretinf)
    __fpl_return_NaN                         0x08009f87   Thumb Code   100  retnan.o(x$fpl$retnan)
    __ARM_scalbn                             0x08009feb   Thumb Code    92  scalbn.o(x$fpl$scalbn)
    __fpl_cmpreturn                          0x0800a047   Thumb Code    48  trapv.o(x$fpl$trapveneer)
    __I$use$fp                               0x0800a076   Number         0  usenofp.o(x$fpl$usenofp)
    oled_asc2_1206                           0x0800a076   Data        1140  oled.o(.constdata)
    oled_asc2_1608                           0x0800a4ea   Data        1520  oled.o(.constdata)
    Hzk16                                    0x0800aada   Data        2624  oled.o(.constdata)
    __mathlib_zero                           0x0800b5a8   Data           8  qnan.o(.constdata)
    Region$$Table$$Base                      0x0800b5b0   Number         0  anon$$obj.o(Region$$Table)
    Region$$Table$$Limit                     0x0800b5d0   Number         0  anon$$obj.o(Region$$Table)
    StartTask_Handler                        0x20000000   Data           4  main.o(.data)
    SystemCoreClock                          0x20000004   Data           4  system_stm32f4xx.o(.data)
    AHBPrescTable                            0x20000008   Data          16  system_stm32f4xx.o(.data)
    Voltage                                  0x20000018   Data           4  adc.o(.data)
    Voltage_All                              0x2000001c   Data           4  adc.o(.data)
    Led_Count                                0x20000034   Data           4  led.o(.data)
    Comd                                     0x2000003c   Data           2  pstwo.o(.data)
    Handkey                                  0x2000003e   Data           2  pstwo.o(.data)
    Beep_Control_Flag                        0x20000040   Data           4  pstwo.o(.data)
    MASK                                     0x20000054   Data          32  pstwo.o(.data)
    TIM8CH1_CAPTURE_STA                      0x20000074   Data           1  timer.o(.data)
    TIM8CH2_CAPTURE_STA                      0x20000075   Data           1  timer.o(.data)
    TIM8CH3_CAPTURE_STA                      0x20000076   Data           1  timer.o(.data)
    TIM8CH4_CAPTURE_STA                      0x20000077   Data           1  timer.o(.data)
    TIM8CH1_CAPTURE_UPVAL                    0x20000078   Data           2  timer.o(.data)
    TIM8CH1_CAPTURE_DOWNVAL                  0x2000007a   Data           2  timer.o(.data)
    TIM8CH2_CAPTURE_UPVAL                    0x2000007c   Data           2  timer.o(.data)
    TIM8CH2_CAPTURE_DOWNVAL                  0x2000007e   Data           2  timer.o(.data)
    TIM8CH3_CAPTURE_UPVAL                    0x20000080   Data           2  timer.o(.data)
    TIM8CH3_CAPTURE_DOWNVAL                  0x20000082   Data           2  timer.o(.data)
    TIM8CH4_CAPTURE_UPVAL                    0x20000084   Data           2  timer.o(.data)
    TIM8CH4_CAPTURE_DOWNVAL                  0x20000086   Data           2  timer.o(.data)
    Remoter_Ch1                              0x20000088   Data           4  timer.o(.data)
    Remoter_Ch2                              0x2000008c   Data           4  timer.o(.data)
    Remoter_Ch3                              0x20000090   Data           4  timer.o(.data)
    Remoter_Ch4                              0x20000094   Data           4  timer.o(.data)
    L_Remoter_Ch1                            0x20000098   Data           4  timer.o(.data)
    L_Remoter_Ch2                            0x2000009c   Data           4  timer.o(.data)
    L_Remoter_Ch3                            0x200000a0   Data           4  timer.o(.data)
    L_Remoter_Ch4                            0x200000a4   Data           4  timer.o(.data)
    TIM8_T1                                  0x200000a8   Data           4  timer.o(.data)
    TIM8_T2                                  0x200000ac   Data           4  timer.o(.data)
    TIM8_T3                                  0x200000b0   Data           4  timer.o(.data)
    TIM8_T4                                  0x200000b4   Data           4  timer.o(.data)
    recv_ok                                  0x200000c0   Data           2  usartx.o(.data)
    uart_cnt                                 0x200000c2   Data           2  usartx.o(.data)
    Position1                                0x200000c8   Data           4  f4_flash.o(.data)
    Position2                                0x200000cc   Data           4  f4_flash.o(.data)
    Position3                                0x200000d0   Data           4  f4_flash.o(.data)
    Position4                                0x200000d4   Data           4  f4_flash.o(.data)
    Velocity1                                0x200000d8   Data           4  f4_flash.o(.data)
    Velocity2                                0x200000dc   Data           4  f4_flash.o(.data)
    Velocity3                                0x200000e0   Data           4  f4_flash.o(.data)
    Velocity4                                0x200000e4   Data           4  f4_flash.o(.data)
    Position_KP                              0x200000e8   Data           4  f4_flash.o(.data)
    Position_KI                              0x200000ec   Data           4  f4_flash.o(.data)
    Position_KD                              0x200000f0   Data           4  f4_flash.o(.data)
    Moveit_Angle1_init                       0x200000f4   Data           2  f4_flash.o(.data)
    Moveit_Angle2_init                       0x200000f6   Data           2  f4_flash.o(.data)
    Moveit_Angle3_init                       0x200000f8   Data           2  f4_flash.o(.data)
    Moveit_Angle4_init                       0x200000fa   Data           2  f4_flash.o(.data)
    Servo_init_angle_adjust                  0x200000fc   Data           4  f4_flash.o(.data)
    __stdout                                 0x20000108   Data           4  usart.o(.data)
    pxCurrentTCB                             0x2000011c   Data           4  tasks.o(.data)
    Flag_Stop                                0x20000190   Data           1  system.o(.data)
    Car_Mode                                 0x20000191   Data           1  system.o(.data)
    RC_Velocity                              0x20000194   Data           4  system.o(.data)
    car_A_steer_flag                         0x20000198   Data           1  system.o(.data)
    Velocity_KP                              0x2000019c   Data           4  system.o(.data)
    Velocity_KI                              0x200001a0   Data           4  system.o(.data)
    PS2_ON_Flag                              0x200001a4   Data           1  system.o(.data)
    APP_ON_Flag                              0x200001a5   Data           1  system.o(.data)
    Remote_ON_Flag                           0x200001a6   Data           1  system.o(.data)
    CAN_ON_Flag                              0x200001a7   Data           1  system.o(.data)
    Moveit_Angle1                            0x200001a8   Data           4  system.o(.data)
    Moveit_Angle2                            0x200001ac   Data           4  system.o(.data)
    Moveit_Angle3                            0x200001b0   Data           4  system.o(.data)
    Moveit_Angle4                            0x200001b4   Data           4  system.o(.data)
    Flag_Direction                           0x200001b8   Data           1  system.o(.data)
    Check                                    0x200001bc   Data           4  system.o(.data)
    CheckPhrase1                             0x200001c0   Data           4  system.o(.data)
    CheckPhrase2                             0x200001c4   Data           4  system.o(.data)
    Divisor_Mode                             0x200001c8   Data           4  system.o(.data)
    Move_X                                   0x200001cc   Data           4  system.o(.data)
    Move_Y                                   0x200001d0   Data           4  system.o(.data)
    Move_Z                                   0x200001d4   Data           4  system.o(.data)
    Encoder_precision                        0x200001d8   Data           4  system.o(.data)
    Wheel_perimeter                          0x200001dc   Data           4  system.o(.data)
    Wheel_spacing                            0x200001e0   Data           4  system.o(.data)
    Axle_spacing                             0x200001e4   Data           4  system.o(.data)
    Omni_turn_radiaus                        0x200001e8   Data           4  system.o(.data)
    Usart1_ON_Flag                           0x200001ec   Data           1  system.o(.data)
    Usart5_ON_Flag                           0x200001ed   Data           1  system.o(.data)
    Moveit_PWM1                              0x200001f0   Data           4  system.o(.data)
    Moveit_PWM2                              0x200001f4   Data           4  system.o(.data)
    Moveit_PWM3                              0x200001f8   Data           4  system.o(.data)
    Moveit_PWM4                              0x200001fc   Data           4  system.o(.data)
    Flag_Left                                0x20000200   Data           1  system.o(.data)
    Flag_Right                               0x20000201   Data           1  system.o(.data)
    Turn_Flag                                0x20000202   Data           1  system.o(.data)
    PID_Send                                 0x20000203   Data           1  system.o(.data)
    PS2_LX                                   0x20000204   Data           4  system.o(.data)
    PS2_LY                                   0x20000208   Data           4  system.o(.data)
    PS2_RX                                   0x2000020c   Data           4  system.o(.data)
    PS2_RY                                   0x20000210   Data           4  system.o(.data)
    PS2_KEY                                  0x20000214   Data           4  system.o(.data)
    Time_count                               0x2000021c   Data           4  balance.o(.data)
    robot_mode_check_flag                    0x20000220   Data           4  balance.o(.data)
    command_lost_count                       0x200002b4   Data           1  balance.o(.data)
    Buzzer_count                             0x200002bc   Data           4  show.o(.data)
    Voltage_Show                             0x200002d0   Data           4  show.o(.data)
    Deviation_Count                          0x200002d4   Data           4  mpu6050.o(.data)
    gyro                                     0x200002d8   Data           6  mpu6050.o(.data)
    accel                                    0x200002de   Data           6  mpu6050.o(.data)
    Deviation_gyro                           0x200002e4   Data           6  mpu6050.o(.data)
    Original_gyro                            0x200002ea   Data           6  mpu6050.o(.data)
    Deviation_accel                          0x200002f0   Data           6  mpu6050.o(.data)
    Original_accel                           0x200002f6   Data           6  mpu6050.o(.data)
    OLED_GRAM                                0x200002fc   Data        1024  oled.o(.bss)
    Data                                     0x200006fc   Data           9  pstwo.o(.bss)
    Send_Data                                0x20000766   Data          48  usartx.o(.bss)
    Receive_Data                             0x20000798   Data          32  usartx.o(.bss)
    uart_buf                                 0x200007b8   Data         200  usartx.o(.bss)
    Flash_Parameter                          0x20000880   Data          20  f4_flash.o(.bss)
    xQueueRegistry                           0x20000894   Data          64  queue.o(.bss)
    smooth_control                           0x20005be0   Data          12  system.o(.bss)
    MOTOR_A                                  0x20005bec   Data          20  system.o(.bss)
    MOTOR_B                                  0x20005c00   Data          20  system.o(.bss)
    MOTOR_C                                  0x20005c14   Data          20  system.o(.bss)
    MOTOR_D                                  0x20005c28   Data          20  system.o(.bss)
    OriginalEncoder                          0x20005c3c   Data          16  balance.o(.bss)
    Robot_Parament                           0x20005c4c   Data          24  robot_select_init.o(.bss)
    __libspace_start                         0x20005c64   Data          96  libspace.o(.bss)
    __temporary_stack_top$libspace           0x20005cc4   Data           0  libspace.o(.bss)



==============================================================================

Memory Map of the image

  Image Entry point : 0x08000189

  Load Region LR_IROM1 (Base: 0x08000000, Size: 0x0000b8cc, Max: 0x00100000, ABSOLUTE, COMPRESSED[0x0000b64c])

    Execution Region ER_IROM1 (Exec base: 0x08000000, Load base: 0x08000000, Size: 0x0000b5d0, Max: 0x00100000, ABSOLUTE)

    Exec Addr    Load Addr    Size         Type   Attr      Idx    E Section Name        Object

    0x08000000   0x08000000   0x00000188   Data   RO         1360    RESET               startup_stm32f40_41xxx.o
    0x08000188   0x08000188   0x00000008   Code   RO         5082  * !!!main             c_w.l(__main.o)
    0x08000190   0x08000190   0x00000034   Code   RO         5383    !!!scatter          c_w.l(__scatter.o)
    0x080001c4   0x080001c4   0x0000005a   Code   RO         5381    !!dczerorl2         c_w.l(__dczerorl2.o)
    0x0800021e   0x0800021e   0x00000002   PAD
    0x08000220   0x08000220   0x0000001c   Code   RO         5385    !!handler_zi        c_w.l(__scatter_zi.o)
    0x0800023c   0x0800023c   0x00000000   Code   RO         5069    .ARM.Collect$$_printf_percent$$00000000  c_w.l(_printf_percent.o)
    0x0800023c   0x0800023c   0x00000006   Code   RO         5067    .ARM.Collect$$_printf_percent$$00000009  c_w.l(_printf_d.o)
    0x08000242   0x08000242   0x00000006   Code   RO         5066    .ARM.Collect$$_printf_percent$$00000014  c_w.l(_printf_s.o)
    0x08000248   0x08000248   0x00000004   Code   RO         5145    .ARM.Collect$$_printf_percent$$00000017  c_w.l(_printf_percent_end.o)
    0x0800024c   0x0800024c   0x00000002   Code   RO         5250    .ARM.Collect$$libinit$$00000000  c_w.l(libinit.o)
    0x0800024e   0x0800024e   0x00000004   Code   RO         5257    .ARM.Collect$$libinit$$00000001  c_w.l(libinit2.o)
    0x08000252   0x08000252   0x00000000   Code   RO         5260    .ARM.Collect$$libinit$$00000004  c_w.l(libinit2.o)
    0x08000252   0x08000252   0x00000000   Code   RO         5263    .ARM.Collect$$libinit$$0000000A  c_w.l(libinit2.o)
    0x08000252   0x08000252   0x00000000   Code   RO         5265    .ARM.Collect$$libinit$$0000000C  c_w.l(libinit2.o)
    0x08000252   0x08000252   0x00000000   Code   RO         5267    .ARM.Collect$$libinit$$0000000E  c_w.l(libinit2.o)
    0x08000252   0x08000252   0x00000000   Code   RO         5270    .ARM.Collect$$libinit$$00000011  c_w.l(libinit2.o)
    0x08000252   0x08000252   0x00000000   Code   RO         5272    .ARM.Collect$$libinit$$00000013  c_w.l(libinit2.o)
    0x08000252   0x08000252   0x00000000   Code   RO         5274    .ARM.Collect$$libinit$$00000015  c_w.l(libinit2.o)
    0x08000252   0x08000252   0x00000000   Code   RO         5276    .ARM.Collect$$libinit$$00000017  c_w.l(libinit2.o)
    0x08000252   0x08000252   0x00000000   Code   RO         5278    .ARM.Collect$$libinit$$00000019  c_w.l(libinit2.o)
    0x08000252   0x08000252   0x00000000   Code   RO         5280    .ARM.Collect$$libinit$$0000001B  c_w.l(libinit2.o)
    0x08000252   0x08000252   0x00000000   Code   RO         5282    .ARM.Collect$$libinit$$0000001D  c_w.l(libinit2.o)
    0x08000252   0x08000252   0x00000000   Code   RO         5284    .ARM.Collect$$libinit$$0000001F  c_w.l(libinit2.o)
    0x08000252   0x08000252   0x00000000   Code   RO         5286    .ARM.Collect$$libinit$$00000021  c_w.l(libinit2.o)
    0x08000252   0x08000252   0x00000000   Code   RO         5288    .ARM.Collect$$libinit$$00000023  c_w.l(libinit2.o)
    0x08000252   0x08000252   0x00000000   Code   RO         5290    .ARM.Collect$$libinit$$00000025  c_w.l(libinit2.o)
    0x08000252   0x08000252   0x00000000   Code   RO         5294    .ARM.Collect$$libinit$$0000002C  c_w.l(libinit2.o)
    0x08000252   0x08000252   0x00000000   Code   RO         5296    .ARM.Collect$$libinit$$0000002E  c_w.l(libinit2.o)
    0x08000252   0x08000252   0x00000000   Code   RO         5298    .ARM.Collect$$libinit$$00000030  c_w.l(libinit2.o)
    0x08000252   0x08000252   0x00000000   Code   RO         5300    .ARM.Collect$$libinit$$00000032  c_w.l(libinit2.o)
    0x08000252   0x08000252   0x00000002   Code   RO         5301    .ARM.Collect$$libinit$$00000033  c_w.l(libinit2.o)
    0x08000254   0x08000254   0x00000002   Code   RO         5321    .ARM.Collect$$libshutdown$$00000000  c_w.l(libshutdown.o)
    0x08000256   0x08000256   0x00000000   Code   RO         5331    .ARM.Collect$$libshutdown$$00000002  c_w.l(libshutdown2.o)
    0x08000256   0x08000256   0x00000000   Code   RO         5333    .ARM.Collect$$libshutdown$$00000004  c_w.l(libshutdown2.o)
    0x08000256   0x08000256   0x00000000   Code   RO         5335    .ARM.Collect$$libshutdown$$00000006  c_w.l(libshutdown2.o)
    0x08000256   0x08000256   0x00000000   Code   RO         5338    .ARM.Collect$$libshutdown$$00000009  c_w.l(libshutdown2.o)
    0x08000256   0x08000256   0x00000000   Code   RO         5341    .ARM.Collect$$libshutdown$$0000000C  c_w.l(libshutdown2.o)
    0x08000256   0x08000256   0x00000000   Code   RO         5343    .ARM.Collect$$libshutdown$$0000000E  c_w.l(libshutdown2.o)
    0x08000256   0x08000256   0x00000000   Code   RO         5346    .ARM.Collect$$libshutdown$$00000011  c_w.l(libshutdown2.o)
    0x08000256   0x08000256   0x00000002   Code   RO         5347    .ARM.Collect$$libshutdown$$00000012  c_w.l(libshutdown2.o)
    0x08000258   0x08000258   0x00000000   Code   RO         5132    .ARM.Collect$$rtentry$$00000000  c_w.l(__rtentry.o)
    0x08000258   0x08000258   0x00000000   Code   RO         5207    .ARM.Collect$$rtentry$$00000002  c_w.l(__rtentry2.o)
    0x08000258   0x08000258   0x00000006   Code   RO         5219    .ARM.Collect$$rtentry$$00000004  c_w.l(__rtentry4.o)
    0x0800025e   0x0800025e   0x00000000   Code   RO         5209    .ARM.Collect$$rtentry$$00000009  c_w.l(__rtentry2.o)
    0x0800025e   0x0800025e   0x00000004   Code   RO         5210    .ARM.Collect$$rtentry$$0000000A  c_w.l(__rtentry2.o)
    0x08000262   0x08000262   0x00000000   Code   RO         5212    .ARM.Collect$$rtentry$$0000000C  c_w.l(__rtentry2.o)
    0x08000262   0x08000262   0x00000008   Code   RO         5213    .ARM.Collect$$rtentry$$0000000D  c_w.l(__rtentry2.o)
    0x0800026a   0x0800026a   0x00000002   Code   RO         5255    .ARM.Collect$$rtexit$$00000000  c_w.l(rtexit.o)
    0x0800026c   0x0800026c   0x00000000   Code   RO         5305    .ARM.Collect$$rtexit$$00000002  c_w.l(rtexit2.o)
    0x0800026c   0x0800026c   0x00000004   Code   RO         5306    .ARM.Collect$$rtexit$$00000003  c_w.l(rtexit2.o)
    0x08000270   0x08000270   0x00000006   Code   RO         5307    .ARM.Collect$$rtexit$$00000004  c_w.l(rtexit2.o)
    0x08000276   0x08000276   0x00000002   PAD
    0x08000278   0x08000278   0x000000b6   Code   RO         4316    .emb_text           port.o
    0x0800032e   0x0800032e   0x00000002   PAD
    0x08000330   0x08000330   0x00000040   Code   RO         1361    .text               startup_stm32f40_41xxx.o
    0x08000370   0x08000370   0x00000002   Code   RO         5029    .text               c_w.l(use_no_semi_2.o)
    0x08000372   0x08000372   0x00000002   PAD
    0x08000374   0x08000374   0x00000018   Code   RO         5035    .text               c_w.l(noretval__2printf.o)
    0x0800038c   0x0800038c   0x00000068   Code   RO         5039    .text               c_w.l(__printf.o)
    0x080003f4   0x080003f4   0x00000052   Code   RO         5041    .text               c_w.l(_printf_str.o)
    0x08000446   0x08000446   0x00000002   PAD
    0x08000448   0x08000448   0x00000078   Code   RO         5043    .text               c_w.l(_printf_dec.o)
    0x080004c0   0x080004c0   0x0000008a   Code   RO         5074    .text               c_w.l(rt_memcpy_v6.o)
    0x0800054a   0x0800054a   0x00000010   Code   RO         5076    .text               c_w.l(aeabi_memset.o)
    0x0800055a   0x0800055a   0x00000044   Code   RO         5078    .text               c_w.l(rt_memclr.o)
    0x0800059e   0x0800059e   0x00000006   Code   RO         5080    .text               c_w.l(heapauxi.o)
    0x080005a4   0x080005a4   0x00000002   Code   RO         5130    .text               c_w.l(use_no_semi.o)
    0x080005a6   0x080005a6   0x00000016   Code   RO         5133    .text               c_w.l(_rserrno.o)
    0x080005bc   0x080005bc   0x000000b2   Code   RO         5135    .text               c_w.l(_printf_intcommon.o)
    0x0800066e   0x0800066e   0x00000002   PAD
    0x08000670   0x08000670   0x00000030   Code   RO         5137    .text               c_w.l(_printf_char_common.o)
    0x080006a0   0x080006a0   0x0000002c   Code   RO         5141    .text               c_w.l(_printf_char.o)
    0x080006cc   0x080006cc   0x00000024   Code   RO         5143    .text               c_w.l(_printf_char_file.o)
    0x080006f0   0x080006f0   0x00000064   Code   RO         5146    .text               c_w.l(rt_memcpy_w.o)
    0x08000754   0x08000754   0x0000004e   Code   RO         5148    .text               c_w.l(rt_memclr_w.o)
    0x080007a2   0x080007a2   0x00000002   PAD
    0x080007a4   0x080007a4   0x00000008   Code   RO         5224    .text               c_w.l(rt_errno_addr_intlibspace.o)
    0x080007ac   0x080007ac   0x00000008   Code   RO         5228    .text               c_w.l(ferror.o)
    0x080007b4   0x080007b4   0x00000008   Code   RO         5238    .text               c_w.l(libspace.o)
    0x080007bc   0x080007bc   0x0000004a   Code   RO         5241    .text               c_w.l(sys_stackheap_outer.o)
    0x08000806   0x08000806   0x00000012   Code   RO         5243    .text               c_w.l(exit.o)
    0x08000818   0x08000818   0x00000014   Code   RO         2093    i.ADC_Cmd           stm32f4xx_adc.o
    0x0800082c   0x0800082c   0x0000002c   Code   RO         2094    i.ADC_CommonInit    stm32f4xx_adc.o
    0x08000858   0x08000858   0x00000006   Code   RO         2105    i.ADC_GetConversionValue  stm32f4xx_adc.o
    0x0800085e   0x0800085e   0x0000000e   Code   RO         2106    i.ADC_GetFlagStatus  stm32f4xx_adc.o
    0x0800086c   0x0800086c   0x0000004c   Code   RO         2113    i.ADC_Init          stm32f4xx_adc.o
    0x080008b8   0x080008b8   0x00000074   Code   RO         2118    i.ADC_RegularChannelConfig  stm32f4xx_adc.o
    0x0800092c   0x0800092c   0x0000000a   Code   RO         2120    i.ADC_SoftwareStartConv  stm32f4xx_adc.o
    0x08000936   0x08000936   0x00000002   PAD
    0x08000938   0x08000938   0x000001b8   Code   RO         4764    i.APP_Show          show.o
    0x08000af0   0x08000af0   0x00000080   Code   RO          386    i.Adc_Init          adc.o
    0x08000b70   0x08000b70   0x00000080   Code   RO          387    i.Adc_POWER_Init    adc.o
    0x08000bf0   0x08000bf0   0x0000022c   Code   RO         4535    i.Balance_task      balance.o
    0x08000e1c   0x08000e1c   0x00000002   Code   RO          270    i.BusFault_Handler  stm32f4xx_it.o
    0x08000e1e   0x08000e1e   0x00000002   PAD
    0x08000e20   0x08000e20   0x00000034   Code   RO          644    i.Buzzer_Init       led.o
    0x08000e54   0x08000e54   0x00000198   Code   RO          445    i.CAN1_Mode_Init    can.o
    0x08000fec   0x08000fec   0x000000d8   Code   RO          447    i.CAN1_RX0_IRQHandler  can.o
    0x080010c4   0x080010c4   0x00000094   Code   RO          449    i.CAN1_Rx_Msg       can.o
    0x08001158   0x08001158   0x00000036   Code   RO          452    i.CAN1_Send_Num     can.o
    0x0800118e   0x0800118e   0x00000002   PAD
    0x08001190   0x08001190   0x000000c0   Code   RO          453    i.CAN1_Tx_Msg       can.o
    0x08001250   0x08001250   0x00000064   Code   RO          454    i.CAN1_Tx_Staus     can.o
    0x080012b4   0x080012b4   0x00000010   Code   RO         2341    i.CAN_ITConfig      stm32f4xx_can.o
    0x080012c4   0x080012c4   0x00000058   Code   RO         1007    i.CAN_SEND          usartx.o
    0x0800131c   0x0800131c   0x00000038   Code   RO         1008    i.Check_Sum         usartx.o
    0x08001354   0x08001354   0x00000002   Code   RO          271    i.DebugMon_Handler  stm32f4xx_it.o
    0x08001356   0x08001356   0x00000002   PAD
    0x08001358   0x08001358   0x0000019c   Code   RO         4536    i.Drive_Motor       balance.o
    0x080014f4   0x080014f4   0x00000158   Code   RO         4537    i.Drive_Robot_Arm   balance.o
    0x0800164c   0x0800164c   0x00000030   Code   RO          688    i.Enable_Pin        motor.o
    0x0800167c   0x0800167c   0x000000dc   Code   RO          519    i.Encoder_Init_TIM2  encoder.o
    0x08001758   0x08001758   0x000000bc   Code   RO          520    i.Encoder_Init_TIM3  encoder.o
    0x08001814   0x08001814   0x000000bc   Code   RO          521    i.Encoder_Init_TIM4  encoder.o
    0x080018d0   0x080018d0   0x000000bc   Code   RO          522    i.Encoder_Init_TIM5  encoder.o
    0x0800198c   0x0800198c   0x0000001c   Code   RO         3162    i.FLASH_DataCacheCmd  stm32f4xx_flash.o
    0x080019a8   0x080019a8   0x0000006c   Code   RO         3167    i.FLASH_EraseSector  stm32f4xx_flash.o
    0x08001a14   0x08001a14   0x0000003c   Code   RO         3169    i.FLASH_GetStatus   stm32f4xx_flash.o
    0x08001a50   0x08001a50   0x00000010   Code   RO         3173    i.FLASH_Lock        stm32f4xx_flash.o
    0x08001a60   0x08001a60   0x0000003c   Code   RO         3196    i.FLASH_ProgramHalfWord  stm32f4xx_flash.o
    0x08001a9c   0x08001a9c   0x00000024   Code   RO         3199    i.FLASH_Unlock      stm32f4xx_flash.o
    0x08001ac0   0x08001ac0   0x0000001e   Code   RO         3200    i.FLASH_WaitForLastOperation  stm32f4xx_flash.o
    0x08001ade   0x08001ade   0x00000002   PAD
    0x08001ae0   0x08001ae0   0x00000054   Code   RO         1162    i.Flash_Read        f4_flash.o
    0x08001b34   0x08001b34   0x00000028   Code   RO         1163    i.Flash_Write       f4_flash.o
    0x08001b5c   0x08001b5c   0x00000078   Code   RO         1412    i.GPIO_Init         stm32f4xx_gpio.o
    0x08001bd4   0x08001bd4   0x00000020   Code   RO         1413    i.GPIO_PinAFConfig  stm32f4xx_gpio.o
    0x08001bf4   0x08001bf4   0x00000004   Code   RO         1420    i.GPIO_SetBits      stm32f4xx_gpio.o
    0x08001bf8   0x08001bf8   0x00000030   Code   RO          388    i.Get_Adc           adc.o
    0x08001c28   0x08001c28   0x00000030   Code   RO          389    i.Get_Adc2          adc.o
    0x08001c58   0x08001c58   0x00000298   Code   RO         4538    i.Get_RC            balance.o
    0x08001ef0   0x08001ef0   0x00000100   Code   RO         4539    i.Get_Velocity_Form_Encoder  balance.o
    0x08001ff0   0x08001ff0   0x0000002e   Code   RO          390    i.Get_adc_Average   adc.o
    0x0800201e   0x0800201e   0x00000002   PAD
    0x08002020   0x08002020   0x00000068   Code   RO          391    i.Get_battery_volt  adc.o
    0x08002088   0x08002088   0x00000002   Code   RO          272    i.HardFault_Handler  stm32f4xx_it.o
    0x0800208a   0x0800208a   0x00000002   PAD
    0x0800208c   0x0800208c   0x00000040   Code   RO         4927    i.I2C_Ack           i2c.o
    0x080020cc   0x080020cc   0x00000044   Code   RO         4928    i.I2C_GPIOInit      i2c.o
    0x08002110   0x08002110   0x00000040   Code   RO         4929    i.I2C_NAck          i2c.o
    0x08002150   0x08002150   0x00000070   Code   RO         4931    i.I2C_ReadByte      i2c.o
    0x080021c0   0x080021c0   0x0000003e   Code   RO         4932    i.I2C_ReadOneByte   i2c.o
    0x080021fe   0x080021fe   0x00000002   PAD
    0x08002200   0x08002200   0x00000050   Code   RO         4933    i.I2C_Start         i2c.o
    0x08002250   0x08002250   0x00000040   Code   RO         4934    i.I2C_Stop          i2c.o
    0x08002290   0x08002290   0x00000054   Code   RO         4935    i.I2C_WaiteForAck   i2c.o
    0x080022e4   0x080022e4   0x0000004a   Code   RO         4936    i.I2C_WriteBits     i2c.o
    0x0800232e   0x0800232e   0x00000002   PAD
    0x08002330   0x08002330   0x00000060   Code   RO         4938    i.I2C_WriteByte     i2c.o
    0x08002390   0x08002390   0x00000032   Code   RO         4940    i.I2C_WriteOneByte  i2c.o
    0x080023c2   0x080023c2   0x00000002   PAD
    0x080023c4   0x080023c4   0x0000007c   Code   RO         4540    i.Incremental_PI_A  balance.o
    0x08002440   0x08002440   0x0000007c   Code   RO         4541    i.Incremental_PI_B  balance.o
    0x080024bc   0x080024bc   0x0000007c   Code   RO         4542    i.Incremental_PI_C  balance.o
    0x08002538   0x08002538   0x0000007c   Code   RO         4543    i.Incremental_PI_D  balance.o
    0x080025b4   0x080025b4   0x0000002c   Code   RO          594    i.KEY_Init          key.o
    0x080025e0   0x080025e0   0x00000038   Code   RO         4544    i.Key               balance.o
    0x08002618   0x08002618   0x0000003c   Code   RO          645    i.LED_Init          led.o
    0x08002654   0x08002654   0x00000090   Code   RO         4545    i.Limit_Pwm         balance.o
    0x080026e4   0x080026e4   0x00000032   Code   RO         4802    i.MPU6050_Set_LPF   mpu6050.o
    0x08002716   0x08002716   0x00000030   Code   RO         4803    i.MPU6050_Set_Rate  mpu6050.o
    0x08002746   0x08002746   0x00000084   Code   RO         4805    i.MPU6050_initialize  mpu6050.o
    0x080027ca   0x080027ca   0x00000012   Code   RO         4808    i.MPU6050_setFullScaleAccelRange  mpu6050.o
    0x080027dc   0x080027dc   0x00000012   Code   RO         4809    i.MPU6050_setFullScaleGyroRange  mpu6050.o
    0x080027ee   0x080027ee   0x00000002   PAD
    0x080027f0   0x080027f0   0x00000040   Code   RO         4813    i.MPU6050_task      mpu6050.o
    0x08002830   0x08002830   0x00000088   Code   RO         4815    i.MPU_Get_Accelscope  mpu6050.o
    0x080028b8   0x080028b8   0x000000ac   Code   RO         4816    i.MPU_Get_Gyroscope  mpu6050.o
    0x08002964   0x08002964   0x00000002   Code   RO          273    i.MemManage_Handler  stm32f4xx_it.o
    0x08002966   0x08002966   0x00000002   Code   RO          274    i.NMI_Handler       stm32f4xx_it.o
    0x08002968   0x08002968   0x00000064   Code   RO         1367    i.NVIC_Init         misc.o
    0x080029cc   0x080029cc   0x00000014   Code   RO         1368    i.NVIC_PriorityGroupConfig  misc.o
    0x080029e0   0x080029e0   0x0000002c   Code   RO          732    i.OLED_Clear        oled.o
    0x08002a0c   0x08002a0c   0x0000003c   Code   RO          735    i.OLED_DrawPoint    oled.o
    0x08002a48   0x08002a48   0x0000012c   Code   RO          736    i.OLED_Init         oled.o
    0x08002b74   0x08002b74   0x00000048   Code   RO          737    i.OLED_Refresh_Gram  oled.o
    0x08002bbc   0x08002bbc   0x00000084   Code   RO          740    i.OLED_ShowChar     oled.o
    0x08002c40   0x08002c40   0x00000078   Code   RO          741    i.OLED_ShowNumber   oled.o
    0x08002cb8   0x08002cb8   0x0000003e   Code   RO          742    i.OLED_ShowString   oled.o
    0x08002cf6   0x08002cf6   0x00000002   PAD
    0x08002cf8   0x08002cf8   0x00000044   Code   RO          743    i.OLED_WR_Byte      oled.o
    0x08002d3c   0x08002d3c   0x00000018   Code   RO          830    i.PS2_ClearData     pstwo.o
    0x08002d54   0x08002d54   0x00000084   Code   RO          831    i.PS2_Cmd           pstwo.o
    0x08002dd8   0x08002dd8   0x00000040   Code   RO          832    i.PS2_DataKey       pstwo.o
    0x08002e18   0x08002e18   0x0000005c   Code   RO          833    i.PS2_EnterConfing  pstwo.o
    0x08002e74   0x08002e74   0x0000005c   Code   RO          834    i.PS2_ExitConfing   pstwo.o
    0x08002ed0   0x08002ed0   0x00000054   Code   RO          835    i.PS2_Init          pstwo.o
    0x08002f24   0x08002f24   0x000000a4   Code   RO          836    i.PS2_Read          pstwo.o
    0x08002fc8   0x08002fc8   0x000000a8   Code   RO          837    i.PS2_ReadData      pstwo.o
    0x08003070   0x08003070   0x0000001e   Code   RO          840    i.PS2_SetInit       pstwo.o
    0x0800308e   0x0800308e   0x00000002   PAD
    0x08003090   0x08003090   0x00000044   Code   RO          841    i.PS2_ShortPoll     pstwo.o
    0x080030d4   0x080030d4   0x00000058   Code   RO          842    i.PS2_TurnOnAnalogMode  pstwo.o
    0x0800312c   0x0800312c   0x00000258   Code   RO         4546    i.PS2_control       balance.o
    0x08003384   0x08003384   0x0000000c   Code   RO         3039    i.PWR_BackupAccessCmd  stm32f4xx_pwr.o
    0x08003390   0x08003390   0x0000006c   Code   RO         4547    i.Position_PID1     balance.o
    0x080033fc   0x080033fc   0x0000006c   Code   RO         4548    i.Position_PID2     balance.o
    0x08003468   0x08003468   0x0000006c   Code   RO         4549    i.Position_PID3     balance.o
    0x080034d4   0x080034d4   0x0000006c   Code   RO         4550    i.Position_PID4     balance.o
    0x08003540   0x08003540   0x00000018   Code   RO         1509    i.RCC_AHB1PeriphClockCmd  stm32f4xx_rcc.o
    0x08003558   0x08003558   0x00000018   Code   RO         1518    i.RCC_APB1PeriphClockCmd  stm32f4xx_rcc.o
    0x08003570   0x08003570   0x00000018   Code   RO         1521    i.RCC_APB2PeriphClockCmd  stm32f4xx_rcc.o
    0x08003588   0x08003588   0x00000018   Code   RO         1523    i.RCC_APB2PeriphResetCmd  stm32f4xx_rcc.o
    0x080035a0   0x080035a0   0x00000090   Code   RO         1530    i.RCC_GetClocksFreq  stm32f4xx_rcc.o
    0x08003630   0x08003630   0x0000001c   Code   RO         1539    i.RCC_LSEConfig     stm32f4xx_rcc.o
    0x0800364c   0x0800364c   0x00000040   Code   RO          523    i.Read_Encoder      encoder.o
    0x0800368c   0x0800368c   0x00000098   Code   RO         4735    i.Robot_Init        robot_select_init.o
    0x08003724   0x08003724   0x000000e8   Code   RO         4736    i.Robot_Select      robot_select_init.o
    0x0800380c   0x0800380c   0x0000002c   Code   RO         4554    i.SERVO_PWM_VALUE   balance.o
    0x08003838   0x08003838   0x000000a0   Code   RO         1164    i.STMFLASH_GetFlashSector  f4_flash.o
    0x080038d8   0x080038d8   0x00000016   Code   RO         1165    i.STMFLASH_Read     f4_flash.o
    0x080038ee   0x080038ee   0x00000002   PAD
    0x080038f0   0x080038f0   0x00000084   Code   RO         1167    i.STMFLASH_Write    f4_flash.o
    0x08003974   0x08003974   0x00000098   Code   RO          845    i.Servo_init_angle_adjust_function  pstwo.o
    0x08003a0c   0x08003a0c   0x000000a4   Code   RO          846    i.Servo_init_angle_adjust_mode_check  pstwo.o
    0x08003ab0   0x08003ab0   0x000000b4   Code   RO          349    i.SetSysClock       system_stm32f4xx.o
    0x08003b64   0x08003b64   0x00000090   Code   RO         4555    i.Set_Pwm           balance.o
    0x08003bf4   0x08003bf4   0x00000140   Code   RO         4556    i.Smooth_control    balance.o
    0x08003d34   0x08003d34   0x00000018   Code   RO         1371    i.SysTick_CLKSourceConfig  misc.o
    0x08003d4c   0x08003d4c   0x00000014   Code   RO         1239    i.SysTick_Handler   delay.o
    0x08003d60   0x08003d60   0x0000005c   Code   RO          351    i.SystemInit        system_stm32f4xx.o
    0x08003dbc   0x08003dbc   0x0000002e   Code   RO         2492    i.TI1_Config        stm32f4xx_tim.o
    0x08003dea   0x08003dea   0x00000036   Code   RO         2493    i.TI2_Config        stm32f4xx_tim.o
    0x08003e20   0x08003e20   0x000000a0   Code   RO          689    i.TIM10_PWM_Init    motor.o
    0x08003ec0   0x08003ec0   0x000000a8   Code   RO          690    i.TIM11_PWM_Init    motor.o
    0x08003f68   0x08003f68   0x000000f8   Code   RO          691    i.TIM1_PWM_Init     motor.o
    0x08004060   0x08004060   0x00000010   Code   RO          524    i.TIM2_IRQHandler   encoder.o
    0x08004070   0x08004070   0x00000014   Code   RO          525    i.TIM3_IRQHandler   encoder.o
    0x08004084   0x08004084   0x00000014   Code   RO          526    i.TIM4_IRQHandler   encoder.o
    0x08004098   0x08004098   0x00000014   Code   RO          527    i.TIM5_IRQHandler   encoder.o
    0x080040ac   0x080040ac   0x00000014   Code   RO          528    i.TIM8_BRK_TIM12_IRQHandler  encoder.o
    0x080040c0   0x080040c0   0x00000264   Code   RO          963    i.TIM8_CC_IRQHandler  timer.o
    0x08004324   0x08004324   0x00000140   Code   RO          965    i.TIM8_SERVO_Init   timer.o
    0x08004464   0x08004464   0x00000010   Code   RO          966    i.TIM8_UP_TIM13_IRQHandler  timer.o
    0x08004474   0x08004474   0x000000b8   Code   RO          692    i.TIM9_PWM_Init     motor.o
    0x0800452c   0x0800452c   0x00000014   Code   RO         2494    i.TIM_ARRPreloadConfig  stm32f4xx_tim.o
    0x08004540   0x08004540   0x00000006   Code   RO         2500    i.TIM_ClearFlag     stm32f4xx_tim.o
    0x08004546   0x08004546   0x00000006   Code   RO         2501    i.TIM_ClearITPendingBit  stm32f4xx_tim.o
    0x0800454c   0x0800454c   0x00000014   Code   RO         2506    i.TIM_Cmd           stm32f4xx_tim.o
    0x08004560   0x08004560   0x00000016   Code   RO         2508    i.TIM_CtrlPWMOutputs  stm32f4xx_tim.o
    0x08004576   0x08004576   0x00000032   Code   RO         2515    i.TIM_EncoderInterfaceConfig  stm32f4xx_tim.o
    0x080045a8   0x080045a8   0x00000004   Code   RO         2521    i.TIM_GetCapture1   stm32f4xx_tim.o
    0x080045ac   0x080045ac   0x00000004   Code   RO         2522    i.TIM_GetCapture2   stm32f4xx_tim.o
    0x080045b0   0x080045b0   0x00000004   Code   RO         2523    i.TIM_GetCapture3   stm32f4xx_tim.o
    0x080045b4   0x080045b4   0x00000004   Code   RO         2524    i.TIM_GetCapture4   stm32f4xx_tim.o
    0x080045b8   0x080045b8   0x00000018   Code   RO         2527    i.TIM_GetITStatus   stm32f4xx_tim.o
    0x080045d0   0x080045d0   0x000000ac   Code   RO         2529    i.TIM_ICInit        stm32f4xx_tim.o
    0x0800467c   0x0800467c   0x00000010   Code   RO         2530    i.TIM_ICStructInit  stm32f4xx_tim.o
    0x0800468c   0x0800468c   0x00000010   Code   RO         2531    i.TIM_ITConfig      stm32f4xx_tim.o
    0x0800469c   0x0800469c   0x00000060   Code   RO         2535    i.TIM_OC1Init       stm32f4xx_tim.o
    0x080046fc   0x080046fc   0x0000000c   Code   RO         2537    i.TIM_OC1PolarityConfig  stm32f4xx_tim.o
    0x08004708   0x08004708   0x0000000c   Code   RO         2538    i.TIM_OC1PreloadConfig  stm32f4xx_tim.o
    0x08004714   0x08004714   0x00000080   Code   RO         2540    i.TIM_OC2Init       stm32f4xx_tim.o
    0x08004794   0x08004794   0x00000014   Code   RO         2542    i.TIM_OC2PolarityConfig  stm32f4xx_tim.o
    0x080047a8   0x080047a8   0x00000014   Code   RO         2543    i.TIM_OC2PreloadConfig  stm32f4xx_tim.o
    0x080047bc   0x080047bc   0x0000007c   Code   RO         2545    i.TIM_OC3Init       stm32f4xx_tim.o
    0x08004838   0x08004838   0x00000014   Code   RO         2547    i.TIM_OC3PolarityConfig  stm32f4xx_tim.o
    0x0800484c   0x0800484c   0x0000000c   Code   RO         2548    i.TIM_OC3PreloadConfig  stm32f4xx_tim.o
    0x08004858   0x08004858   0x00000060   Code   RO         2550    i.TIM_OC4Init       stm32f4xx_tim.o
    0x080048b8   0x080048b8   0x00000014   Code   RO         2551    i.TIM_OC4PolarityConfig  stm32f4xx_tim.o
    0x080048cc   0x080048cc   0x00000014   Code   RO         2552    i.TIM_OC4PreloadConfig  stm32f4xx_tim.o
    0x080048e0   0x080048e0   0x00000004   Code   RO         2572    i.TIM_SetCounter    stm32f4xx_tim.o
    0x080048e4   0x080048e4   0x00000010   Code   RO         2573    i.TIM_SetIC1Prescaler  stm32f4xx_tim.o
    0x080048f4   0x080048f4   0x00000018   Code   RO         2574    i.TIM_SetIC2Prescaler  stm32f4xx_tim.o
    0x0800490c   0x0800490c   0x00000010   Code   RO         2575    i.TIM_SetIC3Prescaler  stm32f4xx_tim.o
    0x0800491c   0x0800491c   0x00000018   Code   RO         2576    i.TIM_SetIC4Prescaler  stm32f4xx_tim.o
    0x08004934   0x08004934   0x0000007c   Code   RO         2578    i.TIM_TimeBaseInit  stm32f4xx_tim.o
    0x080049b0   0x080049b0   0x00000012   Code   RO         2579    i.TIM_TimeBaseStructInit  stm32f4xx_tim.o
    0x080049c2   0x080049c2   0x00000002   PAD
    0x080049c4   0x080049c4   0x00000050   Code   RO         4557    i.Turn_Off          balance.o
    0x08004a14   0x08004a14   0x000001c0   Code   RO         1009    i.UART5_IRQHandler  usartx.o
    0x08004bd4   0x08004bd4   0x00000204   Code   RO         1010    i.USART1_IRQHandler  usartx.o
    0x08004dd8   0x08004dd8   0x0000001c   Code   RO         1011    i.USART1_SEND       usartx.o
    0x08004df4   0x08004df4   0x000002d0   Code   RO         1012    i.USART2_IRQHandler  usartx.o
    0x080050c4   0x080050c4   0x00000068   Code   RO         1013    i.USART3_IRQHandler  usartx.o
    0x0800512c   0x0800512c   0x0000001c   Code   RO         1014    i.USART3_SEND       usartx.o
    0x08005148   0x08005148   0x0000001c   Code   RO         1015    i.USART5_SEND       usartx.o
    0x08005164   0x08005164   0x00000006   Code   RO         1899    i.USART_ClearFlag   stm32f4xx_usart.o
    0x0800516a   0x0800516a   0x0000000c   Code   RO         1900    i.USART_ClearITPendingBit  stm32f4xx_usart.o
    0x08005176   0x08005176   0x00000014   Code   RO         1903    i.USART_Cmd         stm32f4xx_usart.o
    0x0800518a   0x0800518a   0x0000000e   Code   RO         1906    i.USART_GetFlagStatus  stm32f4xx_usart.o
    0x08005198   0x08005198   0x0000003e   Code   RO         1907    i.USART_GetITStatus  stm32f4xx_usart.o
    0x080051d6   0x080051d6   0x00000030   Code   RO         1909    i.USART_ITConfig    stm32f4xx_usart.o
    0x08005206   0x08005206   0x00000002   PAD
    0x08005208   0x08005208   0x000000ac   Code   RO         1910    i.USART_Init        stm32f4xx_usart.o
    0x080052b4   0x080052b4   0x00000008   Code   RO         1917    i.USART_ReceiveData  stm32f4xx_usart.o
    0x080052bc   0x080052bc   0x00000008   Code   RO         1920    i.USART_SendData    stm32f4xx_usart.o
    0x080052c4   0x080052c4   0x00000002   Code   RO          275    i.UsageFault_Handler  stm32f4xx_it.o
    0x080052c6   0x080052c6   0x00000002   PAD
    0x080052c8   0x080052c8   0x00000054   Code   RO         1017    i.XYZ_Target_Speed_transition  usartx.o
    0x0800531c   0x0800531c   0x00000030   Code   RO         5189    i.__ARM_fpclassify  m_wm.l(fpclassify.o)
    0x0800534c   0x0800534c   0x00000004   PAD
    0x08005350   0x08005350   0x00000c50   Code   RO         5116    i.__hardfp_pow      m_wm.l(pow.o)
    0x08005fa0   0x08005fa0   0x000000f8   Code   RO         5191    i.__kernel_poly     m_wm.l(poly.o)
    0x08006098   0x08006098   0x00000030   Code   RO         5169    i.__mathlib_dbl_divzero  m_wm.l(dunder.o)
    0x080060c8   0x080060c8   0x00000014   Code   RO         5171    i.__mathlib_dbl_infnan2  m_wm.l(dunder.o)
    0x080060dc   0x080060dc   0x00000004   PAD
    0x080060e0   0x080060e0   0x00000020   Code   RO         5172    i.__mathlib_dbl_invalid  m_wm.l(dunder.o)
    0x08006100   0x08006100   0x00000020   Code   RO         5173    i.__mathlib_dbl_overflow  m_wm.l(dunder.o)
    0x08006120   0x08006120   0x00000020   Code   RO         5175    i.__mathlib_dbl_underflow  m_wm.l(dunder.o)
    0x08006140   0x08006140   0x00000002   Code   RO         1313    i._sys_exit         usart.o
    0x08006142   0x08006142   0x00000002   PAD
    0x08006144   0x08006144   0x0000008c   Code   RO          598    i.click_N_Double_MPU6050  key.o
    0x080061d0   0x080061d0   0x00000026   Code   RO         1018    i.data_task         usartx.o
    0x080061f6   0x080061f6   0x00000002   PAD
    0x080061f8   0x080061f8   0x000001d4   Code   RO         1019    i.data_transition   usartx.o
    0x080063cc   0x080063cc   0x00000038   Code   RO         1240    i.delay_init        delay.o
    0x08006404   0x08006404   0x00000038   Code   RO         1241    i.delay_ms          delay.o
    0x0800643c   0x0800643c   0x00000034   Code   RO         1242    i.delay_us          delay.o
    0x08006470   0x08006470   0x00000018   Code   RO         5185    i.fabs              m_wm.l(fabs.o)
    0x08006488   0x08006488   0x00000010   Code   RO         4558    i.float_abs         balance.o
    0x08006498   0x08006498   0x00000018   Code   RO         1314    i.fputc             usart.o
    0x080064b0   0x080064b0   0x0000001c   Code   RO         1244    i.getSysTickCnt     delay.o
    0x080064cc   0x080064cc   0x00000020   Code   RO          647    i.led_task          led.o
    0x080064ec   0x080064ec   0x00000038   Code   RO            3    i.main              main.o
    0x08006524   0x08006524   0x00000084   Code   RO         4559    i.moveit_angle_limit  balance.o
    0x080065a8   0x080065a8   0x00000058   Code   RO         4560    i.moveit_pwm_limit  balance.o
    0x08006600   0x08006600   0x00000010   Code   RO          744    i.oled_pow          oled.o
    0x08006610   0x08006610   0x00000920   Code   RO         4765    i.oled_show         show.o
    0x08006f30   0x08006f30   0x00000070   Code   RO         3835    i.prvAddCurrentTaskToDelayedList  tasks.o
    0x08006fa0   0x08006fa0   0x000000d0   Code   RO         3836    i.prvAddNewTaskToReadyList  tasks.o
    0x08007070   0x08007070   0x00000050   Code   RO         4188    i.prvCheckForValidListAndQueue  timers.o
    0x080070c0   0x080070c0   0x00000054   Code   RO         3837    i.prvCheckTasksWaitingTermination  tasks.o
    0x08007114   0x08007114   0x00000026   Code   RO         3612    i.prvCopyDataFromQueue  queue.o
    0x0800713a   0x0800713a   0x0000006c   Code   RO         3613    i.prvCopyDataToQueue  queue.o
    0x080071a6   0x080071a6   0x00000014   Code   RO         3838    i.prvDeleteTCB      tasks.o
    0x080071ba   0x080071ba   0x00000002   PAD
    0x080071bc   0x080071bc   0x0000004c   Code   RO         4401    i.prvHeapInit       heap_4.o
    0x08007208   0x08007208   0x00000028   Code   RO         3839    i.prvIdleTask       tasks.o
    0x08007230   0x08007230   0x000000c0   Code   RO         3840    i.prvInitialiseNewTask  tasks.o
    0x080072f0   0x080072f0   0x0000004c   Code   RO         4402    i.prvInsertBlockIntoFreeList  heap_4.o
    0x0800733c   0x0800733c   0x00000038   Code   RO         4189    i.prvInsertTimerInActiveList  timers.o
    0x08007374   0x08007374   0x0000001a   Code   RO         3614    i.prvIsQueueEmpty   queue.o
    0x0800738e   0x0800738e   0x00000002   PAD
    0x08007390   0x08007390   0x00000090   Code   RO         3615    i.prvNotifyQueueSetContainer  queue.o
    0x08007420   0x08007420   0x00000060   Code   RO         4190    i.prvProcessExpiredTimer  timers.o
    0x08007480   0x08007480   0x000000f0   Code   RO         4191    i.prvProcessReceivedCommands  timers.o
    0x08007570   0x08007570   0x0000006c   Code   RO         4192    i.prvProcessTimerOrBlockTask  timers.o
    0x080075dc   0x080075dc   0x00000020   Code   RO         3842    i.prvResetNextTaskUnblockTime  tasks.o
    0x080075fc   0x080075fc   0x00000028   Code   RO         4193    i.prvSampleTimeNow  timers.o
    0x08007624   0x08007624   0x0000006c   Code   RO         4194    i.prvSwitchTimerLists  timers.o
    0x08007690   0x08007690   0x00000064   Code   RO         4317    i.prvTaskExitError  port.o
    0x080076f4   0x080076f4   0x00000028   Code   RO         4195    i.prvTimerTask      timers.o
    0x0800771c   0x0800771c   0x00000078   Code   RO         3616    i.prvUnlockQueue    queue.o
    0x08007794   0x08007794   0x0000001a   Code   RO          847    i.pstwo_task        pstwo.o
    0x080077ae   0x080077ae   0x00000002   PAD
    0x080077b0   0x080077b0   0x00000114   Code   RO         4403    i.pvPortMalloc      heap_4.o
    0x080078c4   0x080078c4   0x00000018   Code   RO         3844    i.pvTaskIncrementMutexHeldCount  tasks.o
    0x080078dc   0x080078dc   0x0000002c   Code   RO         4318    i.pxPortInitialiseStack  port.o
    0x08007908   0x08007908   0x00000150   Code   RO         4766    i.show_task         show.o
    0x08007a58   0x08007a58   0x0000006e   Code   RO         5196    i.sqrt              m_wm.l(sqrt.o)
    0x08007ac6   0x08007ac6   0x00000002   PAD
    0x08007ac8   0x08007ac8   0x000000f0   Code   RO            4    i.start_task        main.o
    0x08007bb8   0x08007bb8   0x000000b4   Code   RO         4458    i.systemInit        system.o
    0x08007c6c   0x08007c6c   0x00000020   Code   RO         4563    i.target_limit_float  balance.o
    0x08007c8c   0x08007c8c   0x00000010   Code   RO         4564    i.target_limit_int  balance.o
    0x08007c9c   0x08007c9c   0x000000ac   Code   RO         1020    i.uart1_init        usartx.o
    0x08007d48   0x08007d48   0x000000a8   Code   RO         1021    i.uart2_init        usartx.o
    0x08007df0   0x08007df0   0x000000b0   Code   RO         1022    i.uart3_init        usartx.o
    0x08007ea0   0x08007ea0   0x000000dc   Code   RO         1023    i.uart5_init        usartx.o
    0x08007f7c   0x08007f7c   0x00000010   Code   RO         1024    i.usart1_send       usartx.o
    0x08007f8c   0x08007f8c   0x00000014   Code   RO         1026    i.usart3_send       usartx.o
    0x08007fa0   0x08007fa0   0x00000010   Code   RO         1027    i.usart5_send       usartx.o
    0x08007fb0   0x08007fb0   0x00000024   Code   RO         3567    i.uxListRemove      list.o
    0x08007fd4   0x08007fd4   0x00000016   Code   RO         3568    i.vListInitialise   list.o
    0x08007fea   0x08007fea   0x00000006   Code   RO         3569    i.vListInitialiseItem  list.o
    0x08007ff0   0x08007ff0   0x00000030   Code   RO         3570    i.vListInsert       list.o
    0x08008020   0x08008020   0x00000018   Code   RO         3571    i.vListInsertEnd    list.o
    0x08008038   0x08008038   0x00000078   Code   RO         4320    i.vPortEnterCritical  port.o
    0x080080b0   0x080080b0   0x00000064   Code   RO         4321    i.vPortExitCritical  port.o
    0x08008114   0x08008114   0x0000009c   Code   RO         4404    i.vPortFree         heap_4.o
    0x080081b0   0x080081b0   0x00000020   Code   RO         4322    i.vPortSetupTimerInterrupt  port.o
    0x080081d0   0x080081d0   0x0000008c   Code   RO         4323    i.vPortValidateInterruptPriority  port.o
    0x0800825c   0x0800825c   0x00000024   Code   RO         3622    i.vQueueAddToRegistry  queue.o
    0x08008280   0x08008280   0x00000044   Code   RO         3626    i.vQueueWaitForMessageRestricted  queue.o
    0x080082c4   0x080082c4   0x0000006c   Code   RO         3852    i.vTaskDelay        tasks.o
    0x08008330   0x08008330   0x000000ac   Code   RO         3853    i.vTaskDelayUntil   tasks.o
    0x080083dc   0x080083dc   0x000000cc   Code   RO         3854    i.vTaskDelete       tasks.o
    0x080084a8   0x080084a8   0x0000000c   Code   RO         3858    i.vTaskMissedYield  tasks.o
    0x080084b4   0x080084b4   0x00000054   Code   RO         3860    i.vTaskPlaceOnEventList  tasks.o
    0x08008508   0x08008508   0x0000005c   Code   RO         3861    i.vTaskPlaceOnEventListRestricted  tasks.o
    0x08008564   0x08008564   0x00000084   Code   RO         3863    i.vTaskPriorityInherit  tasks.o
    0x080085e8   0x080085e8   0x00000048   Code   RO         3867    i.vTaskSetTimeOutState  tasks.o
    0x08008630   0x08008630   0x00000094   Code   RO         3868    i.vTaskStartScheduler  tasks.o
    0x080086c4   0x080086c4   0x00000010   Code   RO         3870    i.vTaskSuspendAll   tasks.o
    0x080086d4   0x080086d4   0x0000007c   Code   RO         3871    i.vTaskSwitchContext  tasks.o
    0x08008750   0x08008750   0x00000114   Code   RO         4324    i.xPortStartScheduler  port.o
    0x08008864   0x08008864   0x0000002c   Code   RO         4325    i.xPortSysTickHandler  port.o
    0x08008890   0x08008890   0x00000078   Code   RO         3631    i.xQueueGenericCreate  queue.o
    0x08008908   0x08008908   0x00000184   Code   RO         3632    i.xQueueGenericReceive  queue.o
    0x08008a8c   0x08008a8c   0x000000a8   Code   RO         3633    i.xQueueGenericReset  queue.o
    0x08008b34   0x08008b34   0x00000188   Code   RO         3634    i.xQueueGenericSend  queue.o
    0x08008cbc   0x08008cbc   0x000000e0   Code   RO         3635    i.xQueueGenericSendFromISR  queue.o
    0x08008d9c   0x08008d9c   0x00000088   Code   RO         3872    i.xTaskCheckForTimeOut  tasks.o
    0x08008e24   0x08008e24   0x00000056   Code   RO         3873    i.xTaskCreate       tasks.o
    0x08008e7a   0x08008e7a   0x00000002   PAD
    0x08008e7c   0x08008e7c   0x0000001c   Code   RO         3877    i.xTaskGetSchedulerState  tasks.o
    0x08008e98   0x08008e98   0x0000000c   Code   RO         3878    i.xTaskGetTickCount  tasks.o
    0x08008ea4   0x08008ea4   0x000000e8   Code   RO         3880    i.xTaskIncrementTick  tasks.o
    0x08008f8c   0x08008f8c   0x000000b4   Code   RO         3883    i.xTaskPriorityDisinherit  tasks.o
    0x08009040   0x08009040   0x00000098   Code   RO         3884    i.xTaskRemoveFromEventList  tasks.o
    0x080090d8   0x080090d8   0x000000e4   Code   RO         3886    i.xTaskResumeAll    tasks.o
    0x080091bc   0x080091bc   0x00000074   Code   RO         4198    i.xTimerCreate      timers.o
    0x08009230   0x08009230   0x00000074   Code   RO         4199    i.xTimerCreateTimerTask  timers.o
    0x080092a4   0x080092a4   0x00000090   Code   RO         4200    i.xTimerGenericCommand  timers.o
    0x08009334   0x08009334   0x00000018   Code   RO         5150    x$fpl$basic         fz_wm.l(basic.o)
    0x0800934c   0x0800934c   0x00000062   Code   RO         5084    x$fpl$d2f           fz_wm.l(d2f.o)
    0x080093ae   0x080093ae   0x00000002   PAD
    0x080093b0   0x080093b0   0x00000150   Code   RO         5086    x$fpl$dadd          fz_wm.l(daddsub_clz.o)
    0x08009500   0x08009500   0x00000010   Code   RO         5232    x$fpl$dcheck1       fz_wm.l(dcheck1.o)
    0x08009510   0x08009510   0x00000018   Code   RO         5251    x$fpl$dcmpinf       fz_wm.l(dcmpi.o)
    0x08009528   0x08009528   0x000002b0   Code   RO         5153    x$fpl$ddiv          fz_wm.l(ddiv.o)
    0x080097d8   0x080097d8   0x0000002e   Code   RO         5093    x$fpl$dflt          fz_wm.l(dflt_clz.o)
    0x08009806   0x08009806   0x00000026   Code   RO         5092    x$fpl$dfltu         fz_wm.l(dflt_clz.o)
    0x0800982c   0x0800982c   0x00000078   Code   RO         5234    x$fpl$dleqf         fz_wm.l(dleqf.o)
    0x080098a4   0x080098a4   0x00000154   Code   RO         5098    x$fpl$dmul          fz_wm.l(dmul.o)
    0x080099f8   0x080099f8   0x0000009c   Code   RO         5156    x$fpl$dnaninf       fz_wm.l(dnaninf.o)
    0x08009a94   0x08009a94   0x0000000c   Code   RO         5158    x$fpl$dretinf       fz_wm.l(dretinf.o)
    0x08009aa0   0x08009aa0   0x0000006c   Code   RO         5160    x$fpl$drleqf        fz_wm.l(drleqf.o)
    0x08009b0c   0x08009b0c   0x00000016   Code   RO         5087    x$fpl$drsb          fz_wm.l(daddsub_clz.o)
    0x08009b22   0x08009b22   0x00000002   PAD
    0x08009b24   0x08009b24   0x00000198   Code   RO         5236    x$fpl$dsqrt         fz_wm.l(dsqrt_umaal.o)
    0x08009cbc   0x08009cbc   0x000001d4   Code   RO         5088    x$fpl$dsub          fz_wm.l(daddsub_clz.o)
    0x08009e90   0x08009e90   0x00000056   Code   RO         5100    x$fpl$f2d           fz_wm.l(f2d.o)
    0x08009ee6   0x08009ee6   0x0000008c   Code   RO         5162    x$fpl$fnaninf       fz_wm.l(fnaninf.o)
    0x08009f72   0x08009f72   0x0000000a   Code   RO         5313    x$fpl$fpinit        fz_wm.l(fpinit.o)
    0x08009f7c   0x08009f7c   0x0000000a   Code   RO         5164    x$fpl$fretinf       fz_wm.l(fretinf.o)
    0x08009f86   0x08009f86   0x00000064   Code   RO         5253    x$fpl$retnan        fz_wm.l(retnan.o)
    0x08009fea   0x08009fea   0x0000005c   Code   RO         5166    x$fpl$scalbn        fz_wm.l(scalbn.o)
    0x0800a046   0x0800a046   0x00000030   Code   RO         5302    x$fpl$trapveneer    fz_wm.l(trapv.o)
    0x0800a076   0x0800a076   0x00000000   Code   RO         5168    x$fpl$usenofp       fz_wm.l(usenofp.o)
    0x0800a076   0x0800a076   0x000014a4   Data   RO          746    .constdata          oled.o
    0x0800b51a   0x0800b51a   0x00000006   PAD
    0x0800b520   0x0800b520   0x00000088   Data   RO         5119    .constdata          m_wm.l(pow.o)
    0x0800b5a8   0x0800b5a8   0x00000008   Data   RO         5193    .constdata          m_wm.l(qnan.o)
    0x0800b5b0   0x0800b5b0   0x00000020   Data   RO         5379    Region$$Table       anon$$obj.o


    Execution Region RW_IRAM1 (Exec base: 0x20000000, Load base: 0x0800b5d0, Size: 0x000062c8, Max: 0x00020000, ABSOLUTE, COMPRESSED[0x0000007c])

    Exec Addr    Load Addr    Size         Type   Attr      Idx    E Section Name        Object

    0x20000000   COMPRESSED   0x00000004   Data   RW            5    .data               main.o
    0x20000004   COMPRESSED   0x00000014   Data   RW          352    .data               system_stm32f4xx.o
    0x20000018   COMPRESSED   0x00000004   Data   RW          393    .data               adc.o
    0x2000001c   COMPRESSED   0x00000004   Data   RW          395    .data               adc.o
    0x20000020   COMPRESSED   0x00000014   Data   RW          599    .data               key.o
    0x20000034   COMPRESSED   0x00000008   Data   RW          648    .data               led.o
    0x2000003c   COMPRESSED   0x00000038   Data   RW          849    .data               pstwo.o
    0x20000074   COMPRESSED   0x00000044   Data   RW          967    .data               timer.o
    0x200000b8   COMPRESSED   0x00000010   Data   RW         1029    .data               usartx.o
    0x200000c8   COMPRESSED   0x00000004   Data   RW         1169    .data               f4_flash.o
    0x200000cc   COMPRESSED   0x00000004   Data   RW         1170    .data               f4_flash.o
    0x200000d0   COMPRESSED   0x00000004   Data   RW         1171    .data               f4_flash.o
    0x200000d4   COMPRESSED   0x00000004   Data   RW         1172    .data               f4_flash.o
    0x200000d8   COMPRESSED   0x00000004   Data   RW         1173    .data               f4_flash.o
    0x200000dc   COMPRESSED   0x00000004   Data   RW         1174    .data               f4_flash.o
    0x200000e0   COMPRESSED   0x00000004   Data   RW         1175    .data               f4_flash.o
    0x200000e4   COMPRESSED   0x00000004   Data   RW         1176    .data               f4_flash.o
    0x200000e8   COMPRESSED   0x00000004   Data   RW         1177    .data               f4_flash.o
    0x200000ec   COMPRESSED   0x00000004   Data   RW         1178    .data               f4_flash.o
    0x200000f0   COMPRESSED   0x00000004   Data   RW         1179    .data               f4_flash.o
    0x200000f4   COMPRESSED   0x00000008   Data   RW         1180    .data               f4_flash.o
    0x200000fc   COMPRESSED   0x00000004   Data   RW         1181    .data               f4_flash.o
    0x20000100   COMPRESSED   0x00000008   Data   RW         1245    .data               delay.o
    0x20000108   COMPRESSED   0x00000004   Data   RW         1318    .data               usart.o
    0x2000010c   COMPRESSED   0x00000010   Data   RW         1562    .data               stm32f4xx_rcc.o
    0x2000011c   COMPRESSED   0x0000003c   Data   RW         3889    .data               tasks.o
    0x20000158   COMPRESSED   0x00000014   Data   RW         4208    .data               timers.o
    0x2000016c   COMPRESSED   0x0000000c   Data   RW         4326    .data               port.o
    0x20000178   COMPRESSED   0x00000018   Data   RW         4409    .data               heap_4.o
    0x20000190   COMPRESSED   0x00000001   Data   RW         4464    .data               system.o
    0x20000191   COMPRESSED   0x00000001   Data   RW         4465    .data               system.o
    0x20000192   COMPRESSED   0x00000002   PAD
    0x20000194   COMPRESSED   0x00000004   Data   RW         4466    .data               system.o
    0x20000198   COMPRESSED   0x00000001   Data   RW         4467    .data               system.o
    0x20000199   COMPRESSED   0x00000003   PAD
    0x2000019c   COMPRESSED   0x00000004   Data   RW         4468    .data               system.o
    0x200001a0   COMPRESSED   0x00000004   Data   RW         4469    .data               system.o
    0x200001a4   COMPRESSED   0x00000001   Data   RW         4470    .data               system.o
    0x200001a5   COMPRESSED   0x00000001   Data   RW         4471    .data               system.o
    0x200001a6   COMPRESSED   0x00000001   Data   RW         4472    .data               system.o
    0x200001a7   COMPRESSED   0x00000001   Data   RW         4473    .data               system.o
    0x200001a8   COMPRESSED   0x00000004   Data   RW         4474    .data               system.o
    0x200001ac   COMPRESSED   0x00000004   Data   RW         4475    .data               system.o
    0x200001b0   COMPRESSED   0x00000004   Data   RW         4476    .data               system.o
    0x200001b4   COMPRESSED   0x00000004   Data   RW         4477    .data               system.o
    0x200001b8   COMPRESSED   0x00000001   Data   RW         4478    .data               system.o
    0x200001b9   COMPRESSED   0x00000003   PAD
    0x200001bc   COMPRESSED   0x00000004   Data   RW         4479    .data               system.o
    0x200001c0   COMPRESSED   0x00000004   Data   RW         4483    .data               system.o
    0x200001c4   COMPRESSED   0x00000004   Data   RW         4484    .data               system.o
    0x200001c8   COMPRESSED   0x00000004   Data   RW         4486    .data               system.o
    0x200001cc   COMPRESSED   0x00000004   Data   RW         4488    .data               system.o
    0x200001d0   COMPRESSED   0x00000004   Data   RW         4489    .data               system.o
    0x200001d4   COMPRESSED   0x00000004   Data   RW         4490    .data               system.o
    0x200001d8   COMPRESSED   0x00000004   Data   RW         4491    .data               system.o
    0x200001dc   COMPRESSED   0x00000004   Data   RW         4492    .data               system.o
    0x200001e0   COMPRESSED   0x00000004   Data   RW         4493    .data               system.o
    0x200001e4   COMPRESSED   0x00000004   Data   RW         4494    .data               system.o
    0x200001e8   COMPRESSED   0x00000004   Data   RW         4495    .data               system.o
    0x200001ec   COMPRESSED   0x00000001   Data   RW         4496    .data               system.o
    0x200001ed   COMPRESSED   0x00000001   Data   RW         4497    .data               system.o
    0x200001ee   COMPRESSED   0x00000002   PAD
    0x200001f0   COMPRESSED   0x00000004   Data   RW         4498    .data               system.o
    0x200001f4   COMPRESSED   0x00000004   Data   RW         4499    .data               system.o
    0x200001f8   COMPRESSED   0x00000004   Data   RW         4500    .data               system.o
    0x200001fc   COMPRESSED   0x00000004   Data   RW         4501    .data               system.o
    0x20000200   COMPRESSED   0x00000001   Data   RW         4502    .data               system.o
    0x20000201   COMPRESSED   0x00000001   Data   RW         4503    .data               system.o
    0x20000202   COMPRESSED   0x00000001   Data   RW         4504    .data               system.o
    0x20000203   COMPRESSED   0x00000001   Data   RW         4505    .data               system.o
    0x20000204   COMPRESSED   0x00000004   Data   RW         4506    .data               system.o
    0x20000208   COMPRESSED   0x00000004   Data   RW         4507    .data               system.o
    0x2000020c   COMPRESSED   0x00000004   Data   RW         4508    .data               system.o
    0x20000210   COMPRESSED   0x00000004   Data   RW         4509    .data               system.o
    0x20000214   COMPRESSED   0x00000004   Data   RW         4510    .data               system.o
    0x20000218   COMPRESSED   0x0000009c   Data   RW         4566    .data               balance.o
    0x200002b4   COMPRESSED   0x00000001   Data   RW         4567    .data               balance.o
    0x200002b5   COMPRESSED   0x00000003   PAD
    0x200002b8   COMPRESSED   0x0000001c   Data   RW         4767    .data               show.o
    0x200002d4   COMPRESSED   0x00000028   Data   RW         4827    .data               mpu6050.o
    0x200002fc        -       0x00000400   Zero   RW          745    .bss                oled.o
    0x200006fc        -       0x00000009   Zero   RW          848    .bss                pstwo.o
    0x20000705   COMPRESSED   0x00000003   PAD
    0x20000708        -       0x00000178   Zero   RW         1028    .bss                usartx.o
    0x20000880        -       0x00000014   Zero   RW         1168    .bss                f4_flash.o
    0x20000894        -       0x00000040   Zero   RW         3646    .bss                queue.o
    0x200008d4        -       0x000002e4   Zero   RW         3888    .bss                tasks.o
    0x20000bb8        -       0x00000028   Zero   RW         4207    .bss                timers.o
    0x20000be0        -       0x00005000   Zero   RW         4408    .bss                heap_4.o
    0x20005be0        -       0x0000000c   Zero   RW         4459    .bss                system.o
    0x20005bec        -       0x00000014   Zero   RW         4460    .bss                system.o
    0x20005c00        -       0x00000014   Zero   RW         4461    .bss                system.o
    0x20005c14        -       0x00000014   Zero   RW         4462    .bss                system.o
    0x20005c28        -       0x00000014   Zero   RW         4463    .bss                system.o
    0x20005c3c        -       0x00000010   Zero   RW         4565    .bss                balance.o
    0x20005c4c        -       0x00000018   Zero   RW         4737    .bss                robot_select_init.o
    0x20005c64        -       0x00000060   Zero   RW         5239    .bss                c_w.l(libspace.o)
    0x20005cc4   COMPRESSED   0x00000004   PAD
    0x20005cc8        -       0x00000200   Zero   RW         1359    HEAP                startup_stm32f40_41xxx.o
    0x20005ec8        -       0x00000400   Zero   RW         1358    STACK               startup_stm32f40_41xxx.o


==============================================================================

Image component sizes


      Code (inc. data)   RO Data    RW Data    ZI Data      Debug   Object Name

       502         60          0          8          0       4073   adc.o
      4832        804          0        157         16      21209   balance.o
      1118         82          0          0          0       5367   can.o
       212         18          0          8          0       3233   delay.o
       944         70          0          0          0       6111   encoder.o
         0          0          0          0          0       9380   event_groups.o
       438         76          0         56         20       4998   f4_flash.o
       584        138          0         24      20480       4187   heap_4.o
       818         74          0          0          0       7101   i2c.o
       184         12          0         20          0       3102   key.o
       144         18          0          8          0       2276   led.o
       136          0          0          0          0       3258   list.o
       296        130          0          4          0     331600   main.o
       144         14          0          0          0       2153   misc.o
       808         44          0          0          0       3771   motor.o
       638         24          0         40          0       6612   mpu6050.o
       874         40       5284          0       1024       7547   oled.o
      1038        382          0         12          0      10965   port.o
      1348        192          0         56          9       9418   pstwo.o
      1832        236          0          0         64      13561   queue.o
       384         94          0          0         24       1861   robot_select_init.o
      3112        496          0         28          0       3948   show.o
        64         26        392          0       1536        848   startup_stm32f40_41xxx.o
       286         20          0          0          0       5706   stm32f4xx_adc.o
        16          0          0          0          0       1591   stm32f4xx_can.o
       338         36          0          0          0       4832   stm32f4xx_flash.o
       156          0          0          0          0       2362   stm32f4xx_gpio.o
        12          0          0          0          0       2769   stm32f4xx_it.o
        12          6          0          0          0        542   stm32f4xx_pwr.o
       268         42          0         16          0       5952   stm32f4xx_rcc.o
      1274         60          0          0          0      24464   stm32f4xx_tim.o
       350          8          0          0          0       6945   stm32f4xx_usart.o
       180          0          0        126         92       4223   system.o
       272         36          0         20          0       1805   system_stm32f4xx.o
      2930        714          0         60        740      31081   tasks.o
       948         66          0         68          0       3776   timer.o
      1144        260          0         20         40      10138   timers.o
        26          6          0          4          0       2944   usart.o
      3394        470          0         16        376      14694   usartx.o

    ----------------------------------------------------------------------
     32104       4754       5714        764      24424     590403   Object Totals
         0          0         32          0          0          0   (incl. Generated)
        48          0          6         13          3          0   (incl. Padding)

    ----------------------------------------------------------------------

      Code (inc. data)   RO Data    RW Data    ZI Data      Debug   Library Member Name

        90          0          0          0          0          0   __dczerorl2.o
         8          0          0          0          0         68   __main.o
       104          0          0          0          0         84   __printf.o
         0          0          0          0          0          0   __rtentry.o
        12          0          0          0          0          0   __rtentry2.o
         6          0          0          0          0          0   __rtentry4.o
        52          8          0          0          0          0   __scatter.o
        28          0          0          0          0          0   __scatter_zi.o
        44          0          0          0          0        108   _printf_char.o
        48          6          0          0          0         96   _printf_char_common.o
        36          4          0          0          0         80   _printf_char_file.o
         6          0          0          0          0          0   _printf_d.o
       120         16          0          0          0         92   _printf_dec.o
       178          0          0          0          0         88   _printf_intcommon.o
         0          0          0          0          0          0   _printf_percent.o
         4          0          0          0          0          0   _printf_percent_end.o
         6          0          0          0          0          0   _printf_s.o
        82          0          0          0          0         80   _printf_str.o
        22          0          0          0          0        100   _rserrno.o
        16          0          0          0          0         68   aeabi_memset.o
        18          0          0          0          0         80   exit.o
         8          0          0          0          0         68   ferror.o
         6          0          0          0          0        152   heapauxi.o
         2          0          0          0          0          0   libinit.o
         6          0          0          0          0          0   libinit2.o
         2          0          0          0          0          0   libshutdown.o
         2          0          0          0          0          0   libshutdown2.o
         8          4          0          0         96         68   libspace.o
        24          4          0          0          0         84   noretval__2printf.o
         8          4          0          0          0         68   rt_errno_addr_intlibspace.o
        68          0          0          0          0         68   rt_memclr.o
        78          0          0          0          0         80   rt_memclr_w.o
       138          0          0          0          0         68   rt_memcpy_v6.o
       100          0          0          0          0         80   rt_memcpy_w.o
         2          0          0          0          0          0   rtexit.o
        10          0          0          0          0          0   rtexit2.o
        74          0          0          0          0         80   sys_stackheap_outer.o
         2          0          0          0          0         68   use_no_semi.o
         2          0          0          0          0         68   use_no_semi_2.o
        24          0          0          0          0        164   basic.o
        98          4          0          0          0        140   d2f.o
       826         16          0          0          0        492   daddsub_clz.o
        16          4          0          0          0        116   dcheck1.o
        24          0          0          0          0        116   dcmpi.o
       688        140          0          0          0        256   ddiv.o
        84          0          0          0          0        232   dflt_clz.o
       120          4          0          0          0        140   dleqf.o
       340         12          0          0          0        152   dmul.o
       156          4          0          0          0        140   dnaninf.o
        12          0          0          0          0        116   dretinf.o
       108          0          0          0          0        128   drleqf.o
       408         56          0          0          0        168   dsqrt_umaal.o
        86          4          0          0          0        132   f2d.o
       140          4          0          0          0        132   fnaninf.o
        10          0          0          0          0        116   fpinit.o
        10          0          0          0          0        116   fretinf.o
       100          0          0          0          0        116   retnan.o
        92          0          0          0          0        116   scalbn.o
        48          0          0          0          0        116   trapv.o
         0          0          0          0          0          0   usenofp.o
       164         44          0          0          0        620   dunder.o
        24          0          0          0          0        124   fabs.o
        48          0          0          0          0        124   fpclassify.o
       248          0          0          0          0        152   poly.o
      3152        296        136          0          0        352   pow.o
         0          0          8          0          0          0   qnan.o
       110          0          0          0          0        148   sqrt.o

    ----------------------------------------------------------------------
      8582        634        144          0        100       6620   Library Totals
        26          0          0          0          4          0   (incl. Padding)

    ----------------------------------------------------------------------

      Code (inc. data)   RO Data    RW Data    ZI Data      Debug   Library Name

      1420         46          0          0         96       1896   c_w.l
      3390        248          0          0          0       3204   fz_wm.l
      3746        340        144          0          0       1520   m_wm.l

    ----------------------------------------------------------------------
      8582        634        144          0        100       6620   Library Totals

    ----------------------------------------------------------------------

==============================================================================


      Code (inc. data)   RO Data    RW Data    ZI Data      Debug   

     40686       5388       5858        764      24524     565835   Grand Totals
     40686       5388       5858        124      24524     565835   ELF Image Totals (compressed)
     40686       5388       5858        124          0          0   ROM Totals

==============================================================================

    Total RO  Size (Code + RO Data)                46544 (  45.45kB)
    Total RW  Size (RW Data + ZI Data)             25288 (  24.70kB)
    Total ROM Size (Code + RO Data + RW Data)      46668 (  45.57kB)

==============================================================================

