Component: ARM Compiler 5.06 update 7 (build 960) Tool: armlink [4d3601]

==============================================================================

Section Cross References

    main.o(i.main) refers to system.o(i.systemInit) for systemInit
    main.o(i.main) refers to tasks.o(i.xTaskCreate) for xTaskCreate
    main.o(i.main) refers to tasks.o(i.vTaskStartScheduler) for vTaskStartScheduler
    main.o(i.main) refers to main.o(.data) for .data
    main.o(i.main) refers to main.o(i.start_task) for start_task
    main.o(i.start_task) refers to port.o(i.vPortEnterCritical) for vPortEnterCritical
    main.o(i.start_task) refers to tasks.o(i.xTaskCreate) for xTaskCreate
    main.o(i.start_task) refers to tasks.o(i.vTaskDelete) for vTaskDelete
    main.o(i.start_task) refers to port.o(i.vPortExitCritical) for vPortExitCritical
    main.o(i.start_task) refers to balance.o(i.Balance_task) for Balance_task
    main.o(i.start_task) refers to mpu6050.o(i.MPU6050_task) for MPU6050_task
    main.o(i.start_task) refers to show.o(i.show_task) for show_task
    main.o(i.start_task) refers to led.o(i.led_task) for led_task
    main.o(i.start_task) refers to pstwo.o(i.pstwo_task) for pstwo_task
    main.o(i.start_task) refers to usartx.o(i.data_task) for data_task
    main.o(i.start_task) refers to main.o(.data) for .data
    system_stm32f4xx.o(i.SystemCoreClockUpdate) refers to system_stm32f4xx.o(.data) for .data
    system_stm32f4xx.o(i.SystemInit) refers to system_stm32f4xx.o(i.SetSysClock) for SetSysClock
    adc.o(i.Adc_Init) refers to stm32f4xx_rcc.o(i.RCC_AHB1PeriphClockCmd) for RCC_AHB1PeriphClockCmd
    adc.o(i.Adc_Init) refers to stm32f4xx_rcc.o(i.RCC_APB2PeriphClockCmd) for RCC_APB2PeriphClockCmd
    adc.o(i.Adc_Init) refers to stm32f4xx_gpio.o(i.GPIO_Init) for GPIO_Init
    adc.o(i.Adc_Init) refers to stm32f4xx_rcc.o(i.RCC_APB2PeriphResetCmd) for RCC_APB2PeriphResetCmd
    adc.o(i.Adc_Init) refers to stm32f4xx_adc.o(i.ADC_CommonInit) for ADC_CommonInit
    adc.o(i.Adc_Init) refers to stm32f4xx_adc.o(i.ADC_Init) for ADC_Init
    adc.o(i.Adc_Init) refers to stm32f4xx_adc.o(i.ADC_Cmd) for ADC_Cmd
    adc.o(i.Adc_POWER_Init) refers to stm32f4xx_rcc.o(i.RCC_AHB1PeriphClockCmd) for RCC_AHB1PeriphClockCmd
    adc.o(i.Adc_POWER_Init) refers to stm32f4xx_rcc.o(i.RCC_APB2PeriphClockCmd) for RCC_APB2PeriphClockCmd
    adc.o(i.Adc_POWER_Init) refers to stm32f4xx_gpio.o(i.GPIO_Init) for GPIO_Init
    adc.o(i.Adc_POWER_Init) refers to stm32f4xx_rcc.o(i.RCC_APB2PeriphResetCmd) for RCC_APB2PeriphResetCmd
    adc.o(i.Adc_POWER_Init) refers to stm32f4xx_adc.o(i.ADC_CommonInit) for ADC_CommonInit
    adc.o(i.Adc_POWER_Init) refers to stm32f4xx_adc.o(i.ADC_Init) for ADC_Init
    adc.o(i.Adc_POWER_Init) refers to stm32f4xx_adc.o(i.ADC_Cmd) for ADC_Cmd
    adc.o(i.Get_Adc) refers to stm32f4xx_adc.o(i.ADC_RegularChannelConfig) for ADC_RegularChannelConfig
    adc.o(i.Get_Adc) refers to stm32f4xx_adc.o(i.ADC_SoftwareStartConv) for ADC_SoftwareStartConv
    adc.o(i.Get_Adc) refers to stm32f4xx_adc.o(i.ADC_GetFlagStatus) for ADC_GetFlagStatus
    adc.o(i.Get_Adc) refers to stm32f4xx_adc.o(i.ADC_GetConversionValue) for ADC_GetConversionValue
    adc.o(i.Get_Adc2) refers to stm32f4xx_adc.o(i.ADC_RegularChannelConfig) for ADC_RegularChannelConfig
    adc.o(i.Get_Adc2) refers to stm32f4xx_adc.o(i.ADC_SoftwareStartConv) for ADC_SoftwareStartConv
    adc.o(i.Get_Adc2) refers to stm32f4xx_adc.o(i.ADC_GetFlagStatus) for ADC_GetFlagStatus
    adc.o(i.Get_Adc2) refers to stm32f4xx_adc.o(i.ADC_GetConversionValue) for ADC_GetConversionValue
    adc.o(i.Get_adc_Average) refers to adc.o(i.Get_Adc) for Get_Adc
    adc.o(i.Get_adc_Average) refers to delay.o(i.delay_ms) for delay_ms
    adc.o(i.Get_battery_volt) refers to adc.o(i.Get_Adc2) for Get_Adc2
    adc.o(i.Get_battery_volt) refers to dflt_clz.o(x$fpl$dfltu) for __aeabi_ui2d
    adc.o(i.Get_battery_volt) refers to dmul.o(x$fpl$dmul) for __aeabi_dmul
    adc.o(i.Get_battery_volt) refers to d2f.o(x$fpl$d2f) for __aeabi_d2f
    can.o(i.CAN1_Mode_Init) refers to stm32f4xx_rcc.o(i.RCC_AHB1PeriphClockCmd) for RCC_AHB1PeriphClockCmd
    can.o(i.CAN1_Mode_Init) refers to stm32f4xx_rcc.o(i.RCC_APB1PeriphClockCmd) for RCC_APB1PeriphClockCmd
    can.o(i.CAN1_Mode_Init) refers to stm32f4xx_gpio.o(i.GPIO_Init) for GPIO_Init
    can.o(i.CAN1_Mode_Init) refers to stm32f4xx_gpio.o(i.GPIO_PinAFConfig) for GPIO_PinAFConfig
    can.o(i.CAN1_Mode_Init) refers to misc.o(i.NVIC_Init) for NVIC_Init
    can.o(i.CAN1_Mode_Init) refers to stm32f4xx_can.o(i.CAN_ITConfig) for CAN_ITConfig
    can.o(i.CAN1_RX0_IRQHandler) refers to can.o(i.CAN1_Rx_Msg) for CAN1_Rx_Msg
    can.o(i.CAN1_RX0_IRQHandler) refers to system.o(.data) for CAN_ON_Flag
    can.o(i.CAN1_RX0_IRQHandler) refers to system.o(.data) for PS2_ON_Flag
    can.o(i.CAN1_RX0_IRQHandler) refers to system.o(.data) for Remote_ON_Flag
    can.o(i.CAN1_RX0_IRQHandler) refers to system.o(.data) for APP_ON_Flag
[...]
    TIM5_IRQHandler                          0x080040a1   Thumb Code    14  encoder.o(i.TIM5_IRQHandler)
    TIM8_BRK_TIM12_IRQHandler                0x080040b5   Thumb Code    14  encoder.o(i.TIM8_BRK_TIM12_IRQHandler)
    TIM8_CC_IRQHandler                       0x080040c9   Thumb Code   576  timer.o(i.TIM8_CC_IRQHandler)
    TIM8_SERVO_Init                          0x0800432d   Thumb Code   294  timer.o(i.TIM8_SERVO_Init)
    TIM8_UP_TIM13_IRQHandler                 0x0800446d   Thumb Code    12  timer.o(i.TIM8_UP_TIM13_IRQHandler)
    TIM9_PWM_Init                            0x0800447d   Thumb Code   176  motor.o(i.TIM9_PWM_Init)
    TIM_ARRPreloadConfig                     0x08004535   Thumb Code    20  stm32f4xx_tim.o(i.TIM_ARRPreloadConfig)
    TIM_ClearFlag                            0x08004549   Thumb Code     6  stm32f4xx_tim.o(i.TIM_ClearFlag)
    TIM_ClearITPendingBit                    0x0800454f   Thumb Code     6  stm32f4xx_tim.o(i.TIM_ClearITPendingBit)
    TIM_Cmd                                  0x08004555   Thumb Code    20  stm32f4xx_tim.o(i.TIM_Cmd)
    TIM_CtrlPWMOutputs                       0x08004569   Thumb Code    22  stm32f4xx_tim.o(i.TIM_CtrlPWMOutputs)
    TIM_EncoderInterfaceConfig               0x0800457f   Thumb Code    50  stm32f4xx_tim.o(i.TIM_EncoderInterfaceConfig)
    TIM_GetCapture1                          0x080045b1   Thumb Code     4  stm32f4xx_tim.o(i.TIM_GetCapture1)
    TIM_GetCapture2                          0x080045b5   Thumb Code     4  stm32f4xx_tim.o(i.TIM_GetCapture2)
    TIM_GetCapture3                          0x080045b9   Thumb Code     4  stm32f4xx_tim.o(i.TIM_GetCapture3)
    TIM_GetCapture4                          0x080045bd   Thumb Code     4  stm32f4xx_tim.o(i.TIM_GetCapture4)
    TIM_GetITStatus                          0x080045c1   Thumb Code    24  stm32f4xx_tim.o(i.TIM_GetITStatus)
    TIM_ICInit                               0x080045d9   Thumb Code   172  stm32f4xx_tim.o(i.TIM_ICInit)
    TIM_ICStructInit                         0x08004685   Thumb Code    16  stm32f4xx_tim.o(i.TIM_ICStructInit)
    TIM_ITConfig                             0x08004695   Thumb Code    16  stm32f4xx_tim.o(i.TIM_ITConfig)
    TIM_OC1Init                              0x080046a5   Thumb Code    88  stm32f4xx_tim.o(i.TIM_OC1Init)
    TIM_OC1PolarityConfig                    0x08004705   Thumb Code    12  stm32f4xx_tim.o(i.TIM_OC1PolarityConfig)
    TIM_OC1PreloadConfig                     0x08004711   Thumb Code    12  stm32f4xx_tim.o(i.TIM_OC1PreloadConfig)
    TIM_OC2Init                              0x0800471d   Thumb Code   120  stm32f4xx_tim.o(i.TIM_OC2Init)
    TIM_OC2PolarityConfig                    0x0800479d   Thumb Code    20  stm32f4xx_tim.o(i.TIM_OC2PolarityConfig)
    TIM_OC2PreloadConfig                     0x080047b1   Thumb Code    20  stm32f4xx_tim.o(i.TIM_OC2PreloadConfig)
    TIM_OC3Init                              0x080047c5   Thumb Code   116  stm32f4xx_tim.o(i.TIM_OC3Init)
    TIM_OC3PolarityConfig                    0x08004841   Thumb Code    20  stm32f4xx_tim.o(i.TIM_OC3PolarityConfig)
    TIM_OC3PreloadConfig                     0x08004855   Thumb Code    12  stm32f4xx_tim.o(i.TIM_OC3PreloadConfig)
    TIM_OC4Init                              0x08004861   Thumb Code    88  stm32f4xx_tim.o(i.TIM_OC4Init)
    TIM_OC4PolarityConfig                    0x080048c1   Thumb Code    20  stm32f4xx_tim.o(i.TIM_OC4PolarityConfig)
    TIM_OC4PreloadConfig                     0x080048d5   Thumb Code    20  stm32f4xx_tim.o(i.TIM_OC4PreloadConfig)
    TIM_SetCounter                           0x080048e9   Thumb Code     4  stm32f4xx_tim.o(i.TIM_SetCounter)
    TIM_SetIC1Prescaler                      0x080048ed   Thumb Code    16  stm32f4xx_tim.o(i.TIM_SetIC1Prescaler)
    TIM_SetIC2Prescaler                      0x080048fd   Thumb Code    24  stm32f4xx_tim.o(i.TIM_SetIC2Prescaler)
    TIM_SetIC3Prescaler                      0x08004915   Thumb Code    16  stm32f4xx_tim.o(i.TIM_SetIC3Prescaler)
    TIM_SetIC4Prescaler                      0x08004925   Thumb Code    24  stm32f4xx_tim.o(i.TIM_SetIC4Prescaler)
    TIM_TimeBaseInit                         0x0800493d   Thumb Code    96  stm32f4xx_tim.o(i.TIM_TimeBaseInit)
    TIM_TimeBaseStructInit                   0x080049b9   Thumb Code    18  stm32f4xx_tim.o(i.TIM_TimeBaseStructInit)
    Turn_Off                                 0x080049cd   Thumb Code    54  balance.o(i.Turn_Off)
    UART5_IRQHandler                         0x08004a1d   Thumb Code   366  usartx.o(i.UART5_IRQHandler)
    USART1_IRQHandler                        0x08004bdd   Thumb Code   432  usartx.o(i.USART1_IRQHandler)
    USART1_SEND                              0x08004de1   Thumb Code    22  usartx.o(i.USART1_SEND)
    USART2_IRQHandler                        0x08004dfd   Thumb Code   588  usartx.o(i.USART2_IRQHandler)
    USART3_IRQHandler                        0x080050cd   Thumb Code   364  usartx.o(i.USART3_IRQHandler)
    USART3_SEND                              0x08005289   Thumb Code    22  usartx.o(i.USART3_SEND)
    USART5_SEND                              0x080052a5   Thumb Code    22  usartx.o(i.USART5_SEND)
    USART_Cmd                                0x080052c1   Thumb Code    20  stm32f4xx_usart.o(i.USART_Cmd)
    USART_GetITStatus                        0x080052d5   Thumb Code    62  stm32f4xx_usart.o(i.USART_GetITStatus)
    USART_ITConfig                           0x08005313   Thumb Code    48  stm32f4xx_usart.o(i.USART_ITConfig)
    USART_Init                               0x08005345   Thumb Code   164  stm32f4xx_usart.o(i.USART_Init)
    USART_ReceiveData                        0x080053f1   Thumb Code     8  stm32f4xx_usart.o(i.USART_ReceiveData)
    UsageFault_Handler                       0x080053f9   Thumb Code     2  stm32f4xx_it.o(i.UsageFault_Handler)
    XYZ_Target_Speed_transition              0x080053fd   Thumb Code    74  usartx.o(i.XYZ_Target_Speed_transition)
    __ARM_fpclassify                         0x08005451   Thumb Code    48  fpclassify.o(i.__ARM_fpclassify)
    __hardfp_pow                             0x08005481   Thumb Code  3072  pow.o(i.__hardfp_pow)
    __kernel_poly                            0x080060d1   Thumb Code   248  poly.o(i.__kernel_poly)
    __mathlib_dbl_divzero                    0x080061c9   Thumb Code    28  dunder.o(i.__mathlib_dbl_divzero)
    __mathlib_dbl_infnan2                    0x080061f9   Thumb Code    20  dunder.o(i.__mathlib_dbl_infnan2)
    __mathlib_dbl_invalid                    0x08006211   Thumb Code    24  dunder.o(i.__mathlib_dbl_invalid)
    __mathlib_dbl_overflow                   0x08006231   Thumb Code    24  dunder.o(i.__mathlib_dbl_overflow)
    __mathlib_dbl_underflow                  0x08006251   Thumb Code    24  dunder.o(i.__mathlib_dbl_underflow)
    _sys_exit                                0x08006271   Thumb Code     2  usart.o(i._sys_exit)
    click_N_Double_MPU6050                   0x08006275   Thumb Code   132  key.o(i.click_N_Double_MPU6050)
    data_task                                0x08006301   Thumb Code    38  usartx.o(i.data_task)
    data_transition                          0x08006329   Thumb Code   414  usartx.o(i.data_transition)
    delay_init                               0x080064fd   Thumb Code    50  delay.o(i.delay_init)
    delay_ms                                 0x08006535   Thumb Code    52  delay.o(i.delay_ms)
    delay_us                                 0x0800656d   Thumb Code    48  delay.o(i.delay_us)
    fabs                                     0x080065a1   Thumb Code    24  fabs.o(i.fabs)
    float_abs                                0x080065b9   Thumb Code    16  balance.o(i.float_abs)
    fputc                                    0x080065c9   Thumb Code    18  usart.o(i.fputc)
    getSysTickCnt                            0x080065e1   Thumb Code    24  delay.o(i.getSysTickCnt)
    led_task                                 0x080065fd   Thumb Code    22  led.o(i.led_task)
    main                                     0x0800661d   Thumb Code    34  main.o(i.main)
    moveit_angle_limit                       0x08006655   Thumb Code   100  balance.o(i.moveit_angle_limit)
    moveit_pwm_limit                         0x080066d9   Thumb Code    72  balance.o(i.moveit_pwm_limit)
    oled_pow                                 0x08006731   Thumb Code    16  oled.o(i.oled_pow)
    oled_show                                0x08006741   Thumb Code  2146  show.o(i.oled_show)
    pstwo_task                               0x080078bd   Thumb Code    26  pstwo.o(i.pstwo_task)
    pvPortMalloc                             0x080078d9   Thumb Code   214  heap_4.o(i.pvPortMalloc)
    pvTaskIncrementMutexHeldCount            0x080079ed   Thumb Code    18  tasks.o(i.pvTaskIncrementMutexHeldCount)
    pxPortInitialiseStack                    0x08007a05   Thumb Code    40  port.o(i.pxPortInitialiseStack)
    show_task                                0x08007a31   Thumb Code   296  show.o(i.show_task)
    sqrt                                     0x08007b81   Thumb Code   110  sqrt.o(i.sqrt)
    start_task                               0x08007bf1   Thumb Code   132  main.o(i.start_task)
    systemInit                               0x08007ce1   Thumb Code   180  system.o(i.systemInit)
    target_limit_float                       0x08007d95   Thumb Code    32  balance.o(i.target_limit_float)
    target_limit_int                         0x08007db5   Thumb Code    16  balance.o(i.target_limit_int)
    uart1_init                               0x08007dc5   Thumb Code   162  usartx.o(i.uart1_init)
    uart2_init                               0x08007e71   Thumb Code   160  usartx.o(i.uart2_init)
    uart3_init                               0x08007f19   Thumb Code   168  usartx.o(i.uart3_init)
    uart5_init                               0x08007fc9   Thumb Code   206  usartx.o(i.uart5_init)
    usart1_send                              0x080080a5   Thumb Code    12  usartx.o(i.usart1_send)
    usart3_send                              0x080080b5   Thumb Code    14  usartx.o(i.usart3_send)
    usart5_send                              0x080080c9   Thumb Code    12  usartx.o(i.usart5_send)
    uxListRemove                             0x080080d9   Thumb Code    36  list.o(i.uxListRemove)
    vListInitialise                          0x080080fd   Thumb Code    22  list.o(i.vListInitialise)
    vListInitialiseItem                      0x08008113   Thumb Code     6  list.o(i.vListInitialiseItem)
    vListInsert                              0x08008119   Thumb Code    48  list.o(i.vListInsert)
    vListInsertEnd                           0x08008149   Thumb Code    24  list.o(i.vListInsertEnd)
    vPortEnterCritical                       0x08008161   Thumb Code    50  port.o(i.vPortEnterCritical)
    vPortExitCritical                        0x080081d9   Thumb Code    34  port.o(i.vPortExitCritical)
    vPortFree                                0x0800823d   Thumb Code    94  heap_4.o(i.vPortFree)
    vPortSetupTimerInterrupt                 0x080082d9   Thumb Code    26  port.o(i.vPortSetupTimerInterrupt)
    vPortValidateInterruptPriority           0x080082f9   Thumb Code    70  port.o(i.vPortValidateInterruptPriority)
    vQueueAddToRegistry                      0x08008385   Thumb Code    32  queue.o(i.vQueueAddToRegistry)
    vQueueWaitForMessageRestricted           0x080083a9   Thumb Code    68  queue.o(i.vQueueWaitForMessageRestricted)
    vTaskDelay                               0x080083ed   Thumb Code    62  tasks.o(i.vTaskDelay)
    vTaskDelayUntil                          0x08008459   Thumb Code   128  tasks.o(i.vTaskDelayUntil)
    vTaskDelete                              0x08008505   Thumb Code   152  tasks.o(i.vTaskDelete)
    vTaskMissedYield                         0x080085d1   Thumb Code     8  tasks.o(i.vTaskMissedYield)
    vTaskPlaceOnEventList                    0x080085dd   Thumb Code    44  tasks.o(i.vTaskPlaceOnEventList)
    vTaskPlaceOnEventListRestricted          0x08008631   Thumb Code    52  tasks.o(i.vTaskPlaceOnEventListRestricted)
    vTaskPriorityInherit                     0x0800868d   Thumb Code   124  tasks.o(i.vTaskPriorityInherit)
    vTaskSetTimeOutState                     0x08008711   Thumb Code    30  tasks.o(i.vTaskSetTimeOutState)
    vTaskStartScheduler                      0x08008759   Thumb Code    96  tasks.o(i.vTaskStartScheduler)
    vTaskSuspendAll                          0x080087ed   Thumb Code    10  tasks.o(i.vTaskSuspendAll)
    vTaskSwitchContext                       0x080087fd   Thumb Code    80  tasks.o(i.vTaskSwitchContext)
    xPortStartScheduler                      0x08008879   Thumb Code   196  port.o(i.xPortStartScheduler)
    xPortSysTickHandler                      0x0800898d   Thumb Code    38  port.o(i.xPortSysTickHandler)
    xQueueGenericCreate                      0x080089b9   Thumb Code    82  queue.o(i.xQueueGenericCreate)
    xQueueGenericReceive                     0x08008a31   Thumb Code   348  queue.o(i.xQueueGenericReceive)
    xQueueGenericReset                       0x08008bb5   Thumb Code   128  queue.o(i.xQueueGenericReset)
    xQueueGenericSend                        0x08008c5d   Thumb Code   350  queue.o(i.xQueueGenericSend)
    xQueueGenericSendFromISR                 0x08008de5   Thumb Code   188  queue.o(i.xQueueGenericSendFromISR)
    xTaskCheckForTimeOut                     0x08008ec5   Thumb Code    94  tasks.o(i.xTaskCheckForTimeOut)
    xTaskCreate                              0x08008f4d   Thumb Code    86  tasks.o(i.xTaskCreate)
    xTaskGetSchedulerState                   0x08008fa5   Thumb Code    22  tasks.o(i.xTaskGetSchedulerState)
    xTaskGetTickCount                        0x08008fc1   Thumb Code     6  tasks.o(i.xTaskGetTickCount)
    xTaskIncrementTick                       0x08008fcd   Thumb Code   188  tasks.o(i.xTaskIncrementTick)
    xTaskPriorityDisinherit                  0x080090b5   Thumb Code   136  tasks.o(i.xTaskPriorityDisinherit)
    xTaskRemoveFromEventList                 0x08009169   Thumb Code   102  tasks.o(i.xTaskRemoveFromEventList)
    xTaskResumeAll                           0x08009201   Thumb Code   180  tasks.o(i.xTaskResumeAll)
    xTimerCreate                             0x080092e5   Thumb Code    74  timers.o(i.xTimerCreate)
    xTimerCreateTimerTask                    0x08009359   Thumb Code    58  timers.o(i.xTimerCreateTimerTask)
    xTimerGenericCommand                     0x080093cd   Thumb Code    98  timers.o(i.xTimerGenericCommand)
    __aeabi_dneg                             0x0800945d   Thumb Code     0  basic.o(x$fpl$basic)
    _dneg                                    0x0800945d   Thumb Code     6  basic.o(x$fpl$basic)
    __aeabi_fneg                             0x08009463   Thumb Code     0  basic.o(x$fpl$basic)
    _fneg                                    0x08009463   Thumb Code     6  basic.o(x$fpl$basic)
    _dabs                                    0x08009469   Thumb Code     6  basic.o(x$fpl$basic)
    _fabs                                    0x0800946f   Thumb Code     6  basic.o(x$fpl$basic)
    __aeabi_d2f                              0x08009475   Thumb Code     0  d2f.o(x$fpl$d2f)
    _d2f                                     0x08009475   Thumb Code    98  d2f.o(x$fpl$d2f)
    __aeabi_dadd                             0x080094d9   Thumb Code     0  daddsub_clz.o(x$fpl$dadd)
    _dadd                                    0x080094d9   Thumb Code   332  daddsub_clz.o(x$fpl$dadd)
    __fpl_dcheck_NaN1                        0x08009629   Thumb Code    10  dcheck1.o(x$fpl$dcheck1)
    __fpl_dcmp_Inf                           0x08009639   Thumb Code    24  dcmpi.o(x$fpl$dcmpinf)
    __aeabi_ddiv                             0x08009651   Thumb Code     0  ddiv.o(x$fpl$ddiv)
    _ddiv                                    0x08009651   Thumb Code   552  ddiv.o(x$fpl$ddiv)
    __aeabi_i2d                              0x08009901   Thumb Code     0  dflt_clz.o(x$fpl$dflt)
    _dflt                                    0x08009901   Thumb Code    46  dflt_clz.o(x$fpl$dflt)
    __aeabi_ui2d                             0x0800992f   Thumb Code     0  dflt_clz.o(x$fpl$dfltu)
    _dfltu                                   0x0800992f   Thumb Code    38  dflt_clz.o(x$fpl$dfltu)
    __aeabi_cdcmple                          0x08009955   Thumb Code     0  dleqf.o(x$fpl$dleqf)
    _dcmple                                  0x08009955   Thumb Code   120  dleqf.o(x$fpl$dleqf)
    __fpl_dcmple_InfNaN                      0x080099b7   Thumb Code     0  dleqf.o(x$fpl$dleqf)
    __aeabi_dmul                             0x080099cd   Thumb Code     0  dmul.o(x$fpl$dmul)
    _dmul                                    0x080099cd   Thumb Code   332  dmul.o(x$fpl$dmul)
    __fpl_dnaninf                            0x08009b21   Thumb Code   156  dnaninf.o(x$fpl$dnaninf)
    __fpl_dretinf                            0x08009bbd   Thumb Code    12  dretinf.o(x$fpl$dretinf)
    __aeabi_cdrcmple                         0x08009bc9   Thumb Code     0  drleqf.o(x$fpl$drleqf)
    _drcmple                                 0x08009bc9   Thumb Code   108  drleqf.o(x$fpl$drleqf)
    __aeabi_drsub                            0x08009c35   Thumb Code     0  daddsub_clz.o(x$fpl$drsb)
    _drsb                                    0x08009c35   Thumb Code    22  daddsub_clz.o(x$fpl$drsb)
    _dsqrt                                   0x08009c4d   Thumb Code   404  dsqrt_umaal.o(x$fpl$dsqrt)
    __aeabi_dsub                             0x08009de5   Thumb Code     0  daddsub_clz.o(x$fpl$dsub)
    _dsub                                    0x08009de5   Thumb Code   464  daddsub_clz.o(x$fpl$dsub)
    __aeabi_f2d                              0x08009fb9   Thumb Code     0  f2d.o(x$fpl$f2d)
    _f2d                                     0x08009fb9   Thumb Code    86  f2d.o(x$fpl$f2d)
    __fpl_fnaninf                            0x0800a00f   Thumb Code   140  fnaninf.o(x$fpl$fnaninf)
    _fp_init                                 0x0800a09b   Thumb Code    10  fpinit.o(x$fpl$fpinit)
    __fplib_config_fpu_vfp                   0x0800a0a3   Thumb Code     0  fpinit.o(x$fpl$fpinit)
    __fplib_config_pureend_doubles           0x0800a0a3   Thumb Code     0  fpinit.o(x$fpl$fpinit)
    __fpl_fretinf                            0x0800a0a5   Thumb Code    10  fretinf.o(x$fpl$fretinf)
    __fpl_return_NaN                         0x0800a0af   Thumb Code   100  retnan.o(x$fpl$retnan)
    __ARM_scalbn                             0x0800a113   Thumb Code    92  scalbn.o(x$fpl$scalbn)
    __fpl_cmpreturn                          0x0800a16f   Thumb Code    48  trapv.o(x$fpl$trapveneer)
    __I$use$fp                               0x0800a19e   Number         0  usenofp.o(x$fpl$usenofp)
    oled_asc2_1206                           0x0800a19e   Data        1140  oled.o(.constdata)
    oled_asc2_1608                           0x0800a612   Data        1520  oled.o(.constdata)
    Hzk16                                    0x0800ac02   Data        2624  oled.o(.constdata)
    __mathlib_zero                           0x0800b6d0   Data           8  qnan.o(.constdata)
    Region$$Table$$Base                      0x0800b6d8   Number         0  anon$$obj.o(Region$$Table)
    Region$$Table$$Limit                     0x0800b6f8   Number         0  anon$$obj.o(Region$$Table)
    StartTask_Handler                        0x20000000   Data           4  main.o(.data)
    SystemCoreClock                          0x20000004   Data           4  system_stm32f4xx.o(.data)
    AHBPrescTable                            0x20000008   Data          16  system_stm32f4xx.o(.data)
    Voltage                                  0x20000018   Data           4  adc.o(.data)
    Voltage_All                              0x2000001c   Data           4  adc.o(.data)
    Led_Count                                0x20000034   Data           4  led.o(.data)
    Comd                                     0x2000003c   Data           2  pstwo.o(.data)
    Handkey                                  0x2000003e   Data           2  pstwo.o(.data)
    Beep_Control_Flag                        0x20000040   Data           4  pstwo.o(.data)
    MASK                                     0x20000054   Data          32  pstwo.o(.data)
    TIM8CH1_CAPTURE_STA                      0x20000074   Data           1  timer.o(.data)
    TIM8CH2_CAPTURE_STA                      0x20000075   Data           1  timer.o(.data)
    TIM8CH3_CAPTURE_STA                      0x20000076   Data           1  timer.o(.data)
    TIM8CH4_CAPTURE_STA                      0x20000077   Data           1  timer.o(.data)
    TIM8CH1_CAPTURE_UPVAL                    0x20000078   Data           2  timer.o(.data)
    TIM8CH1_CAPTURE_DOWNVAL                  0x2000007a   Data           2  timer.o(.data)
    TIM8CH2_CAPTURE_UPVAL                    0x2000007c   Data           2  timer.o(.data)
    TIM8CH2_CAPTURE_DOWNVAL                  0x2000007e   Data           2  timer.o(.data)
    TIM8CH3_CAPTURE_UPVAL                    0x20000080   Data           2  timer.o(.data)
    TIM8CH3_CAPTURE_DOWNVAL                  0x20000082   Data           2  timer.o(.data)
    TIM8CH4_CAPTURE_UPVAL                    0x20000084   Data           2  timer.o(.data)
    TIM8CH4_CAPTURE_DOWNVAL                  0x20000086   Data           2  timer.o(.data)
    Remoter_Ch1                              0x20000088   Data           4  timer.o(.data)
    Remoter_Ch2                              0x2000008c   Data           4  timer.o(.data)
    Remoter_Ch3                              0x20000090   Data           4  timer.o(.data)
    Remoter_Ch4                              0x20000094   Data           4  timer.o(.data)
    L_Remoter_Ch1                            0x20000098   Data           4  timer.o(.data)
    L_Remoter_Ch2                            0x2000009c   Data           4  timer.o(.data)
    L_Remoter_Ch3                            0x200000a0   Data           4  timer.o(.data)
    L_Remoter_Ch4                            0x200000a4   Data           4  timer.o(.data)
    TIM8_T1                                  0x200000a8   Data           4  timer.o(.data)
    TIM8_T2                                  0x200000ac   Data           4  timer.o(.data)
    TIM8_T3                                  0x200000b0   Data           4  timer.o(.data)
    TIM8_T4                                  0x200000b4   Data           4  timer.o(.data)
    Position1                                0x200000c8   Data           4  f4_flash.o(.data)
    Position2                                0x200000cc   Data           4  f4_flash.o(.data)
    Position3                                0x200000d0   Data           4  f4_flash.o(.data)
    Position4                                0x200000d4   Data           4  f4_flash.o(.data)
    Velocity1                                0x200000d8   Data           4  f4_flash.o(.data)
    Velocity2                                0x200000dc   Data           4  f4_flash.o(.data)
    Velocity3                                0x200000e0   Data           4  f4_flash.o(.data)
    Velocity4                                0x200000e4   Data           4  f4_flash.o(.data)
    Position_KP                              0x200000e8   Data           4  f4_flash.o(.data)
    Position_KI                              0x200000ec   Data           4  f4_flash.o(.data)
    Position_KD                              0x200000f0   Data           4  f4_flash.o(.data)
    Moveit_Angle1_init                       0x200000f4   Data           2  f4_flash.o(.data)
    Moveit_Angle2_init                       0x200000f6   Data           2  f4_flash.o(.data)
    Moveit_Angle3_init                       0x200000f8   Data           2  f4_flash.o(.data)
    Moveit_Angle4_init                       0x200000fa   Data           2  f4_flash.o(.data)
    Servo_init_angle_adjust                  0x200000fc   Data           4  f4_flash.o(.data)
    __stdout                                 0x20000108   Data           4  usart.o(.data)
    pxCurrentTCB                             0x2000011c   Data           4  tasks.o(.data)
    Flag_Stop                                0x20000190   Data           1  system.o(.data)
    Car_Mode                                 0x20000191   Data           1  system.o(.data)
    RC_Velocity                              0x20000194   Data           4  system.o(.data)
    car_A_steer_flag                         0x20000198   Data           1  system.o(.data)
    Velocity_KP                              0x2000019c   Data           4  system.o(.data)
    Velocity_KI                              0x200001a0   Data           4  system.o(.data)
    PS2_ON_Flag                              0x200001a4   Data           1  system.o(.data)
    APP_ON_Flag                              0x200001a5   Data           1  system.o(.data)
    Remote_ON_Flag                           0x200001a6   Data           1  system.o(.data)
    CAN_ON_Flag                              0x200001a7   Data           1  system.o(.data)
    Moveit_Angle1                            0x200001a8   Data           4  system.o(.data)
    Moveit_Angle2                            0x200001ac   Data           4  system.o(.data)
    Moveit_Angle3                            0x200001b0   Data           4  system.o(.data)
    Moveit_Angle4                            0x200001b4   Data           4  system.o(.data)
    Flag_Direction                           0x200001b8   Data           1  system.o(.data)
    Check                                    0x200001bc   Data           4  system.o(.data)
    CheckPhrase1                             0x200001c0   Data           4  system.o(.data)
    CheckPhrase2                             0x200001c4   Data           4  system.o(.data)
    Divisor_Mode                             0x200001c8   Data           4  system.o(.data)
    Move_X                                   0x200001cc   Data           4  system.o(.data)
    Move_Y                                   0x200001d0   Data           4  system.o(.data)
    Move_Z                                   0x200001d4   Data           4  system.o(.data)
    Encoder_precision                        0x200001d8   Data           4  system.o(.data)
    Wheel_perimeter                          0x200001dc   Data           4  system.o(.data)
    Wheel_spacing                            0x200001e0   Data           4  system.o(.data)
    Axle_spacing                             0x200001e4   Data           4  system.o(.data)
    Omni_turn_radiaus                        0x200001e8   Data           4  system.o(.data)
    Usart1_ON_Flag                           0x200001ec   Data           1  system.o(.data)
    Usart5_ON_Flag                           0x200001ed   Data           1  system.o(.data)
    Moveit_PWM1                              0x200001f0   Data           4  system.o(.data)
    Moveit_PWM2                              0x200001f4   Data           4  system.o(.data)
    Moveit_PWM3                              0x200001f8   Data           4  system.o(.data)
    Moveit_PWM4                              0x200001fc   Data           4  system.o(.data)
    Flag_Left                                0x20000200   Data           1  system.o(.data)
    Flag_Right                               0x20000201   Data           1  system.o(.data)
    Turn_Flag                                0x20000202   Data           1  system.o(.data)
    PID_Send                                 0x20000203   Data           1  system.o(.data)
    PS2_LX                                   0x20000204   Data           4  system.o(.data)
    PS2_LY                                   0x20000208   Data           4  system.o(.data)
    PS2_RX                                   0x2000020c   Data           4  system.o(.data)
    PS2_RY                                   0x20000210   Data           4  system.o(.data)
    PS2_KEY                                  0x20000214   Data           4  system.o(.data)
    Time_count                               0x2000021c   Data           4  balance.o(.data)
    robot_mode_check_flag                    0x20000220   Data           4  balance.o(.data)
    command_lost_count                       0x200002b4   Data           1  balance.o(.data)
    Buzzer_count                             0x200002bc   Data           4  show.o(.data)
    Voltage_Show                             0x200002d0   Data           4  show.o(.data)
    Deviation_Count                          0x200002d4   Data           4  mpu6050.o(.data)
    gyro                                     0x200002d8   Data           6  mpu6050.o(.data)
    accel                                    0x200002de   Data           6  mpu6050.o(.data)
    Deviation_gyro                           0x200002e4   Data           6  mpu6050.o(.data)
    Original_gyro                            0x200002ea   Data           6  mpu6050.o(.data)
    Deviation_accel                          0x200002f0   Data           6  mpu6050.o(.data)
    Original_accel                           0x200002f6   Data           6  mpu6050.o(.data)
    OLED_GRAM                                0x200002fc   Data        1024  oled.o(.bss)
    Data                                     0x200006fc   Data           9  pstwo.o(.bss)
    Send_Data                                0x20000776   Data          48  usartx.o(.bss)
    Receive_Data                             0x200007a8   Data          32  usartx.o(.bss)
    Flash_Parameter                          0x200007c8   Data          20  f4_flash.o(.bss)
    xQueueRegistry                           0x200007dc   Data          64  queue.o(.bss)
    smooth_control                           0x20005b28   Data          12  system.o(.bss)
    MOTOR_A                                  0x20005b34   Data          20  system.o(.bss)
    MOTOR_B                                  0x20005b48   Data          20  system.o(.bss)
    MOTOR_C                                  0x20005b5c   Data          20  system.o(.bss)
    MOTOR_D                                  0x20005b70   Data          20  system.o(.bss)
    OriginalEncoder                          0x20005b84   Data          16  balance.o(.bss)
    Robot_Parament                           0x20005b94   Data          24  robot_select_init.o(.bss)
    __libspace_start                         0x20005bac   Data          96  libspace.o(.bss)
    __temporary_stack_top$libspace           0x20005c0c   Data           0  libspace.o(.bss)



==============================================================================

Memory Map of the image

  Image Entry point : 0x08000189

  Load Region LR_IROM1 (Base: 0x08000000, Size: 0x0000b9f4, Max: 0x00100000, ABSOLUTE, COMPRESSED[0x0000b774])

    Execution Region ER_IROM1 (Exec base: 0x08000000, Load base: 0x08000000, Size: 0x0000b6f8, Max: 0x00100000, ABSOLUTE)

    Exec Addr    Load Addr    Size         Type   Attr      Idx    E Section Name        Object

    0x08000000   0x08000000   0x00000188   Data   RO         1351    RESET               startup_stm32f40_41xxx.o
    0x08000188   0x08000188   0x00000008   Code   RO         5073  * !!!main             c_w.l(__main.o)
    0x08000190   0x08000190   0x00000034   Code   RO         5374    !!!scatter          c_w.l(__scatter.o)
    0x080001c4   0x080001c4   0x0000005a   Code   RO         5372    !!dczerorl2         c_w.l(__dczerorl2.o)
    0x0800021e   0x0800021e   0x00000002   PAD
    0x08000220   0x08000220   0x0000001c   Code   RO         5376    !!handler_zi        c_w.l(__scatter_zi.o)
    0x0800023c   0x0800023c   0x00000000   Code   RO         5060    .ARM.Collect$$_printf_percent$$00000000  c_w.l(_printf_percent.o)
    0x0800023c   0x0800023c   0x00000006   Code   RO         5058    .ARM.Collect$$_printf_percent$$00000009  c_w.l(_printf_d.o)
    0x08000242   0x08000242   0x00000006   Code   RO         5057    .ARM.Collect$$_printf_percent$$00000014  c_w.l(_printf_s.o)
    0x08000248   0x08000248   0x00000004   Code   RO         5136    .ARM.Collect$$_printf_percent$$00000017  c_w.l(_printf_percent_end.o)
    0x0800024c   0x0800024c   0x00000002   Code   RO         5241    .ARM.Collect$$libinit$$00000000  c_w.l(libinit.o)
    0x0800024e   0x0800024e   0x00000004   Code   RO         5248    .ARM.Collect$$libinit$$00000001  c_w.l(libinit2.o)
    0x08000252   0x08000252   0x00000000   Code   RO         5251    .ARM.Collect$$libinit$$00000004  c_w.l(libinit2.o)
    0x08000252   0x08000252   0x00000000   Code   RO         5254    .ARM.Collect$$libinit$$0000000A  c_w.l(libinit2.o)
    0x08000252   0x08000252   0x00000000   Code   RO         5256    .ARM.Collect$$libinit$$0000000C  c_w.l(libinit2.o)
    0x08000252   0x08000252   0x00000000   Code   RO         5258    .ARM.Collect$$libinit$$0000000E  c_w.l(libinit2.o)
    0x08000252   0x08000252   0x00000000   Code   RO         5261    .ARM.Collect$$libinit$$00000011  c_w.l(libinit2.o)
    0x08000252   0x08000252   0x00000000   Code   RO         5263    .ARM.Collect$$libinit$$00000013  c_w.l(libinit2.o)
    0x08000252   0x08000252   0x00000000   Code   RO         5265    .ARM.Collect$$libinit$$00000015  c_w.l(libinit2.o)
    0x08000252   0x08000252   0x00000000   Code   RO         5267    .ARM.Collect$$libinit$$00000017  c_w.l(libinit2.o)
    0x08000252   0x08000252   0x00000000   Code   RO         5269    .ARM.Collect$$libinit$$00000019  c_w.l(libinit2.o)
    0x08000252   0x08000252   0x00000000   Code   RO         5271    .ARM.Collect$$libinit$$0000001B  c_w.l(libinit2.o)
    0x08000252   0x08000252   0x00000000   Code   RO         5273    .ARM.Collect$$libinit$$0000001D  c_w.l(libinit2.o)
    0x08000252   0x08000252   0x00000000   Code   RO         5275    .ARM.Collect$$libinit$$0000001F  c_w.l(libinit2.o)
    0x08000252   0x08000252   0x00000000   Code   RO         5277    .ARM.Collect$$libinit$$00000021  c_w.l(libinit2.o)
    0x08000252   0x08000252   0x00000000   Code   RO         5279    .ARM.Collect$$libinit$$00000023  c_w.l(libinit2.o)
    0x08000252   0x08000252   0x00000000   Code   RO         5281    .ARM.Collect$$libinit$$00000025  c_w.l(libinit2.o)
    0x08000252   0x08000252   0x00000000   Code   RO         5285    .ARM.Collect$$libinit$$0000002C  c_w.l(libinit2.o)
    0x08000252   0x08000252   0x00000000   Code   RO         5287    .ARM.Collect$$libinit$$0000002E  c_w.l(libinit2.o)
    0x08000252   0x08000252   0x00000000   Code   RO         5289    .ARM.Collect$$libinit$$00000030  c_w.l(libinit2.o)
    0x08000252   0x08000252   0x00000000   Code   RO         5291    .ARM.Collect$$libinit$$00000032  c_w.l(libinit2.o)
    0x08000252   0x08000252   0x00000002   Code   RO         5292    .ARM.Collect$$libinit$$00000033  c_w.l(libinit2.o)
    0x08000254   0x08000254   0x00000002   Code   RO         5312    .ARM.Collect$$libshutdown$$00000000  c_w.l(libshutdown.o)
    0x08000256   0x08000256   0x00000000   Code   RO         5322    .ARM.Collect$$libshutdown$$00000002  c_w.l(libshutdown2.o)
    0x08000256   0x08000256   0x00000000   Code   RO         5324    .ARM.Collect$$libshutdown$$00000004  c_w.l(libshutdown2.o)
    0x08000256   0x08000256   0x00000000   Code   RO         5326    .ARM.Collect$$libshutdown$$00000006  c_w.l(libshutdown2.o)
    0x08000256   0x08000256   0x00000000   Code   RO         5329    .ARM.Collect$$libshutdown$$00000009  c_w.l(libshutdown2.o)
    0x08000256   0x08000256   0x00000000   Code   RO         5332    .ARM.Collect$$libshutdown$$0000000C  c_w.l(libshutdown2.o)
    0x08000256   0x08000256   0x00000000   Code   RO         5334    .ARM.Collect$$libshutdown$$0000000E  c_w.l(libshutdown2.o)
    0x08000256   0x08000256   0x00000000   Code   RO         5337    .ARM.Collect$$libshutdown$$00000011  c_w.l(libshutdown2.o)
    0x08000256   0x08000256   0x00000002   Code   RO         5338    .ARM.Collect$$libshutdown$$00000012  c_w.l(libshutdown2.o)
    0x08000258   0x08000258   0x00000000   Code   RO         5123    .ARM.Collect$$rtentry$$00000000  c_w.l(__rtentry.o)
    0x08000258   0x08000258   0x00000000   Code   RO         5198    .ARM.Collect$$rtentry$$00000002  c_w.l(__rtentry2.o)
    0x08000258   0x08000258   0x00000006   Code   RO         5210    .ARM.Collect$$rtentry$$00000004  c_w.l(__rtentry4.o)
    0x0800025e   0x0800025e   0x00000000   Code   RO         5200    .ARM.Collect$$rtentry$$00000009  c_w.l(__rtentry2.o)
    0x0800025e   0x0800025e   0x00000004   Code   RO         5201    .ARM.Collect$$rtentry$$0000000A  c_w.l(__rtentry2.o)
    0x08000262   0x08000262   0x00000000   Code   RO         5203    .ARM.Collect$$rtentry$$0000000C  c_w.l(__rtentry2.o)
    0x08000262   0x08000262   0x00000008   Code   RO         5204    .ARM.Collect$$rtentry$$0000000D  c_w.l(__rtentry2.o)
    0x0800026a   0x0800026a   0x00000002   Code   RO         5246    .ARM.Collect$$rtexit$$00000000  c_w.l(rtexit.o)
    0x0800026c   0x0800026c   0x00000000   Code   RO         5296    .ARM.Collect$$rtexit$$00000002  c_w.l(rtexit2.o)
    0x0800026c   0x0800026c   0x00000004   Code   RO         5297    .ARM.Collect$$rtexit$$00000003  c_w.l(rtexit2.o)
    0x08000270   0x08000270   0x00000006   Code   RO         5298    .ARM.Collect$$rtexit$$00000004  c_w.l(rtexit2.o)
    0x08000276   0x08000276   0x00000002   PAD
    0x08000278   0x08000278   0x000000b6   Code   RO         4307    .emb_text           port.o
    0x0800032e   0x0800032e   0x00000002   PAD
    0x08000330   0x08000330   0x00000040   Code   RO         1352    .text               startup_stm32f40_41xxx.o
    0x08000370   0x08000370   0x00000002   Code   RO         5020    .text               c_w.l(use_no_semi_2.o)
    0x08000372   0x08000372   0x00000002   PAD
    0x08000374   0x08000374   0x00000018   Code   RO         5026    .text               c_w.l(noretval__2printf.o)
    0x0800038c   0x0800038c   0x00000068   Code   RO         5030    .text               c_w.l(__printf.o)
    0x080003f4   0x080003f4   0x00000052   Code   RO         5032    .text               c_w.l(_printf_str.o)
    0x08000446   0x08000446   0x00000002   PAD
    0x08000448   0x08000448   0x00000078   Code   RO         5034    .text               c_w.l(_printf_dec.o)
    0x080004c0   0x080004c0   0x0000008a   Code   RO         5065    .text               c_w.l(rt_memcpy_v6.o)
    0x0800054a   0x0800054a   0x00000010   Code   RO         5067    .text               c_w.l(aeabi_memset.o)
    0x0800055a   0x0800055a   0x00000044   Code   RO         5069    .text               c_w.l(rt_memclr.o)
    0x0800059e   0x0800059e   0x00000006   Code   RO         5071    .text               c_w.l(heapauxi.o)
    0x080005a4   0x080005a4   0x00000002   Code   RO         5121    .text               c_w.l(use_no_semi.o)
    0x080005a6   0x080005a6   0x00000016   Code   RO         5124    .text               c_w.l(_rserrno.o)
    0x080005bc   0x080005bc   0x000000b2   Code   RO         5126    .text               c_w.l(_printf_intcommon.o)
    0x0800066e   0x0800066e   0x00000002   PAD
    0x08000670   0x08000670   0x00000030   Code   RO         5128    .text               c_w.l(_printf_char_common.o)
    0x080006a0   0x080006a0   0x0000002c   Code   RO         5132    .text               c_w.l(_printf_char.o)
    0x080006cc   0x080006cc   0x00000024   Code   RO         5134    .text               c_w.l(_printf_char_file.o)
    0x080006f0   0x080006f0   0x00000064   Code   RO         5137    .text               c_w.l(rt_memcpy_w.o)
    0x08000754   0x08000754   0x0000004e   Code   RO         5139    .text               c_w.l(rt_memclr_w.o)
    0x080007a2   0x080007a2   0x00000002   PAD
    0x080007a4   0x080007a4   0x00000008   Code   RO         5215    .text               c_w.l(rt_errno_addr_intlibspace.o)
    0x080007ac   0x080007ac   0x00000008   Code   RO         5219    .text               c_w.l(ferror.o)
    0x080007b4   0x080007b4   0x00000008   Code   RO         5229    .text               c_w.l(libspace.o)
    0x080007bc   0x080007bc   0x0000004a   Code   RO         5232    .text               c_w.l(sys_stackheap_outer.o)
    0x08000806   0x08000806   0x00000012   Code   RO         5234    .text               c_w.l(exit.o)
    0x08000818   0x08000818   0x00000014   Code   RO         2084    i.ADC_Cmd           stm32f4xx_adc.o
    0x0800082c   0x0800082c   0x0000002c   Code   RO         2085    i.ADC_CommonInit    stm32f4xx_adc.o
    0x08000858   0x08000858   0x00000006   Code   RO         2096    i.ADC_GetConversionValue  stm32f4xx_adc.o
    0x0800085e   0x0800085e   0x0000000e   Code   RO         2097    i.ADC_GetFlagStatus  stm32f4xx_adc.o
    0x0800086c   0x0800086c   0x0000004c   Code   RO         2104    i.ADC_Init          stm32f4xx_adc.o
    0x080008b8   0x080008b8   0x00000074   Code   RO         2109    i.ADC_RegularChannelConfig  stm32f4xx_adc.o
    0x0800092c   0x0800092c   0x0000000a   Code   RO         2111    i.ADC_SoftwareStartConv  stm32f4xx_adc.o
    0x08000936   0x08000936   0x00000002   PAD
    0x08000938   0x08000938   0x000001b8   Code   RO         4755    i.APP_Show          show.o
    0x08000af0   0x08000af0   0x00000080   Code   RO          386    i.Adc_Init          adc.o
    0x08000b70   0x08000b70   0x00000080   Code   RO          387    i.Adc_POWER_Init    adc.o
    0x08000bf0   0x08000bf0   0x0000022c   Code   RO         4526    i.Balance_task      balance.o
    0x08000e1c   0x08000e1c   0x00000002   Code   RO          270    i.BusFault_Handler  stm32f4xx_it.o
    0x08000e1e   0x08000e1e   0x00000002   PAD
    0x08000e20   0x08000e20   0x00000034   Code   RO          644    i.Buzzer_Init       led.o
    0x08000e54   0x08000e54   0x00000198   Code   RO          445    i.CAN1_Mode_Init    can.o
    0x08000fec   0x08000fec   0x000000d8   Code   RO          447    i.CAN1_RX0_IRQHandler  can.o
    0x080010c4   0x080010c4   0x00000094   Code   RO          449    i.CAN1_Rx_Msg       can.o
    0x08001158   0x08001158   0x00000036   Code   RO          452    i.CAN1_Send_Num     can.o
    0x0800118e   0x0800118e   0x00000002   PAD
    0x08001190   0x08001190   0x000000c0   Code   RO          453    i.CAN1_Tx_Msg       can.o
    0x08001250   0x08001250   0x00000064   Code   RO          454    i.CAN1_Tx_Staus     can.o
    0x080012b4   0x080012b4   0x00000010   Code   RO         2332    i.CAN_ITConfig      stm32f4xx_can.o
    0x080012c4   0x080012c4   0x00000058   Code   RO         1007    i.CAN_SEND          usartx.o
    0x0800131c   0x0800131c   0x00000038   Code   RO         1008    i.Check_Sum         usartx.o
    0x08001354   0x08001354   0x00000002   Code   RO          271    i.DebugMon_Handler  stm32f4xx_it.o
    0x08001356   0x08001356   0x00000002   PAD
    0x08001358   0x08001358   0x0000019c   Code   RO         4527    i.Drive_Motor       balance.o
    0x080014f4   0x080014f4   0x00000158   Code   RO         4528    i.Drive_Robot_Arm   balance.o
    0x0800164c   0x0800164c   0x00000030   Code   RO          688    i.Enable_Pin        motor.o
    0x0800167c   0x0800167c   0x000000dc   Code   RO          519    i.Encoder_Init_TIM2  encoder.o
    0x08001758   0x08001758   0x000000bc   Code   RO          520    i.Encoder_Init_TIM3  encoder.o
    0x08001814   0x08001814   0x000000bc   Code   RO          521    i.Encoder_Init_TIM4  encoder.o
    0x080018d0   0x080018d0   0x000000bc   Code   RO          522    i.Encoder_Init_TIM5  encoder.o
    0x0800198c   0x0800198c   0x0000001c   Code   RO         3153    i.FLASH_DataCacheCmd  stm32f4xx_flash.o
    0x080019a8   0x080019a8   0x0000006c   Code   RO         3158    i.FLASH_EraseSector  stm32f4xx_flash.o
    0x08001a14   0x08001a14   0x0000003c   Code   RO         3160    i.FLASH_GetStatus   stm32f4xx_flash.o
    0x08001a50   0x08001a50   0x00000010   Code   RO         3164    i.FLASH_Lock        stm32f4xx_flash.o
    0x08001a60   0x08001a60   0x0000003c   Code   RO         3187    i.FLASH_ProgramHalfWord  stm32f4xx_flash.o
    0x08001a9c   0x08001a9c   0x00000024   Code   RO         3190    i.FLASH_Unlock      stm32f4xx_flash.o
    0x08001ac0   0x08001ac0   0x0000001e   Code   RO         3191    i.FLASH_WaitForLastOperation  stm32f4xx_flash.o
    0x08001ade   0x08001ade   0x00000002   PAD
    0x08001ae0   0x08001ae0   0x00000054   Code   RO         1162    i.Flash_Read        f4_flash.o
    0x08001b34   0x08001b34   0x00000028   Code   RO         1163    i.Flash_Write       f4_flash.o
    0x08001b5c   0x08001b5c   0x00000078   Code   RO         1403    i.GPIO_Init         stm32f4xx_gpio.o
    0x08001bd4   0x08001bd4   0x00000020   Code   RO         1404    i.GPIO_PinAFConfig  stm32f4xx_gpio.o
    0x08001bf4   0x08001bf4   0x00000004   Code   RO         1411    i.GPIO_SetBits      stm32f4xx_gpio.o
    0x08001bf8   0x08001bf8   0x00000030   Code   RO          388    i.Get_Adc           adc.o
    0x08001c28   0x08001c28   0x00000030   Code   RO          389    i.Get_Adc2          adc.o
    0x08001c58   0x08001c58   0x00000298   Code   RO         4529    i.Get_RC            balance.o
    0x08001ef0   0x08001ef0   0x00000100   Code   RO         4530    i.Get_Velocity_Form_Encoder  balance.o
    0x08001ff0   0x08001ff0   0x0000002e   Code   RO          390    i.Get_adc_Average   adc.o
    0x0800201e   0x0800201e   0x00000002   PAD
    0x08002020   0x08002020   0x00000068   Code   RO          391    i.Get_battery_volt  adc.o
    0x08002088   0x08002088   0x00000002   Code   RO          272    i.HardFault_Handler  stm32f4xx_it.o
    0x0800208a   0x0800208a   0x00000002   PAD
    0x0800208c   0x0800208c   0x00000040   Code   RO         4918    i.I2C_Ack           i2c.o
    0x080020cc   0x080020cc   0x00000044   Code   RO         4919    i.I2C_GPIOInit      i2c.o
    0x08002110   0x08002110   0x00000040   Code   RO         4920    i.I2C_NAck          i2c.o
    0x08002150   0x08002150   0x00000070   Code   RO         4922    i.I2C_ReadByte      i2c.o
    0x080021c0   0x080021c0   0x0000003e   Code   RO         4923    i.I2C_ReadOneByte   i2c.o
    0x080021fe   0x080021fe   0x00000002   PAD
    0x08002200   0x08002200   0x00000050   Code   RO         4924    i.I2C_Start         i2c.o
    0x08002250   0x08002250   0x00000040   Code   RO         4925    i.I2C_Stop          i2c.o
    0x08002290   0x08002290   0x00000054   Code   RO         4926    i.I2C_WaiteForAck   i2c.o
    0x080022e4   0x080022e4   0x0000004a   Code   RO         4927    i.I2C_WriteBits     i2c.o
    0x0800232e   0x0800232e   0x00000002   PAD
    0x08002330   0x08002330   0x00000060   Code   RO         4929    i.I2C_WriteByte     i2c.o
    0x08002390   0x08002390   0x00000032   Code   RO         4931    i.I2C_WriteOneByte  i2c.o
    0x080023c2   0x080023c2   0x00000002   PAD
    0x080023c4   0x080023c4   0x0000007c   Code   RO         4531    i.Incremental_PI_A  balance.o
    0x08002440   0x08002440   0x0000007c   Code   RO         4532    i.Incremental_PI_B  balance.o
    0x080024bc   0x080024bc   0x0000007c   Code   RO         4533    i.Incremental_PI_C  balance.o
    0x08002538   0x08002538   0x0000007c   Code   RO         4534    i.Incremental_PI_D  balance.o
    0x080025b4   0x080025b4   0x0000002c   Code   RO          594    i.KEY_Init          key.o
    0x080025e0   0x080025e0   0x00000038   Code   RO         4535    i.Key               balance.o
    0x08002618   0x08002618   0x00000040   Code   RO          645    i.LED_Init          led.o
    0x08002658   0x08002658   0x00000090   Code   RO         4536    i.Limit_Pwm         balance.o
    0x080026e8   0x080026e8   0x00000032   Code   RO         4793    i.MPU6050_Set_LPF   mpu6050.o
    0x0800271a   0x0800271a   0x00000030   Code   RO         4794    i.MPU6050_Set_Rate  mpu6050.o
    0x0800274a   0x0800274a   0x00000084   Code   RO         4796    i.MPU6050_initialize  mpu6050.o
    0x080027ce   0x080027ce   0x00000012   Code   RO         4799    i.MPU6050_setFullScaleAccelRange  mpu6050.o
    0x080027e0   0x080027e0   0x00000012   Code   RO         4800    i.MPU6050_setFullScaleGyroRange  mpu6050.o
    0x080027f2   0x080027f2   0x00000002   PAD
    0x080027f4   0x080027f4   0x00000040   Code   RO         4804    i.MPU6050_task      mpu6050.o
    0x08002834   0x08002834   0x00000088   Code   RO         4806    i.MPU_Get_Accelscope  mpu6050.o
    0x080028bc   0x080028bc   0x000000ac   Code   RO         4807    i.MPU_Get_Gyroscope  mpu6050.o
    0x08002968   0x08002968   0x00000002   Code   RO          273    i.MemManage_Handler  stm32f4xx_it.o
    0x0800296a   0x0800296a   0x00000002   Code   RO          274    i.NMI_Handler       stm32f4xx_it.o
    0x0800296c   0x0800296c   0x00000064   Code   RO         1358    i.NVIC_Init         misc.o
    0x080029d0   0x080029d0   0x00000014   Code   RO         1359    i.NVIC_PriorityGroupConfig  misc.o
    0x080029e4   0x080029e4   0x0000002c   Code   RO          732    i.OLED_Clear        oled.o
    0x08002a10   0x08002a10   0x0000003c   Code   RO          735    i.OLED_DrawPoint    oled.o
    0x08002a4c   0x08002a4c   0x00000130   Code   RO          736    i.OLED_Init         oled.o
    0x08002b7c   0x08002b7c   0x00000048   Code   RO          737    i.OLED_Refresh_Gram  oled.o
    0x08002bc4   0x08002bc4   0x00000084   Code   RO          740    i.OLED_ShowChar     oled.o
    0x08002c48   0x08002c48   0x00000078   Code   RO          741    i.OLED_ShowNumber   oled.o
    0x08002cc0   0x08002cc0   0x0000003e   Code   RO          742    i.OLED_ShowString   oled.o
    0x08002cfe   0x08002cfe   0x00000002   PAD
    0x08002d00   0x08002d00   0x00000044   Code   RO          743    i.OLED_WR_Byte      oled.o
    0x08002d44   0x08002d44   0x00000018   Code   RO          830    i.PS2_ClearData     pstwo.o
    0x08002d5c   0x08002d5c   0x00000084   Code   RO          831    i.PS2_Cmd           pstwo.o
    0x08002de0   0x08002de0   0x00000040   Code   RO          832    i.PS2_DataKey       pstwo.o
    0x08002e20   0x08002e20   0x0000005c   Code   RO          833    i.PS2_EnterConfing  pstwo.o
    0x08002e7c   0x08002e7c   0x0000005c   Code   RO          834    i.PS2_ExitConfing   pstwo.o
    0x08002ed8   0x08002ed8   0x00000054   Code   RO          835    i.PS2_Init          pstwo.o
    0x08002f2c   0x08002f2c   0x000000a4   Code   RO          836    i.PS2_Read          pstwo.o
    0x08002fd0   0x08002fd0   0x000000a8   Code   RO          837    i.PS2_ReadData      pstwo.o
    0x08003078   0x08003078   0x0000001e   Code   RO          840    i.PS2_SetInit       pstwo.o
    0x08003096   0x08003096   0x00000002   PAD
    0x08003098   0x08003098   0x00000044   Code   RO          841    i.PS2_ShortPoll     pstwo.o
    0x080030dc   0x080030dc   0x00000058   Code   RO          842    i.PS2_TurnOnAnalogMode  pstwo.o
    0x08003134   0x08003134   0x00000258   Code   RO         4537    i.PS2_control       balance.o
    0x0800338c   0x0800338c   0x0000000c   Code   RO         3030    i.PWR_BackupAccessCmd  stm32f4xx_pwr.o
    0x08003398   0x08003398   0x0000006c   Code   RO         4538    i.Position_PID1     balance.o
    0x08003404   0x08003404   0x0000006c   Code   RO         4539    i.Position_PID2     balance.o
    0x08003470   0x08003470   0x0000006c   Code   RO         4540    i.Position_PID3     balance.o
    0x080034dc   0x080034dc   0x0000006c   Code   RO         4541    i.Position_PID4     balance.o
    0x08003548   0x08003548   0x00000018   Code   RO         1500    i.RCC_AHB1PeriphClockCmd  stm32f4xx_rcc.o
    0x08003560   0x08003560   0x00000018   Code   RO         1509    i.RCC_APB1PeriphClockCmd  stm32f4xx_rcc.o
    0x08003578   0x08003578   0x00000018   Code   RO         1512    i.RCC_APB2PeriphClockCmd  stm32f4xx_rcc.o
    0x08003590   0x08003590   0x00000018   Code   RO         1514    i.RCC_APB2PeriphResetCmd  stm32f4xx_rcc.o
    0x080035a8   0x080035a8   0x00000090   Code   RO         1521    i.RCC_GetClocksFreq  stm32f4xx_rcc.o
    0x08003638   0x08003638   0x0000001c   Code   RO         1530    i.RCC_LSEConfig     stm32f4xx_rcc.o
    0x08003654   0x08003654   0x00000040   Code   RO          523    i.Read_Encoder      encoder.o
    0x08003694   0x08003694   0x00000098   Code   RO         4726    i.Robot_Init        robot_select_init.o
    0x0800372c   0x0800372c   0x000000e8   Code   RO         4727    i.Robot_Select      robot_select_init.o
    0x08003814   0x08003814   0x0000002c   Code   RO         4545    i.SERVO_PWM_VALUE   balance.o
    0x08003840   0x08003840   0x000000a0   Code   RO         1164    i.STMFLASH_GetFlashSector  f4_flash.o
    0x080038e0   0x080038e0   0x00000016   Code   RO         1165    i.STMFLASH_Read     f4_flash.o
    0x080038f6   0x080038f6   0x00000002   PAD
    0x080038f8   0x080038f8   0x00000084   Code   RO         1167    i.STMFLASH_Write    f4_flash.o
    0x0800397c   0x0800397c   0x00000098   Code   RO          845    i.Servo_init_angle_adjust_function  pstwo.o
    0x08003a14   0x08003a14   0x000000a4   Code   RO          846    i.Servo_init_angle_adjust_mode_check  pstwo.o
    0x08003ab8   0x08003ab8   0x000000b4   Code   RO          349    i.SetSysClock       system_stm32f4xx.o
    0x08003b6c   0x08003b6c   0x00000090   Code   RO         4546    i.Set_Pwm           balance.o
    0x08003bfc   0x08003bfc   0x00000140   Code   RO         4547    i.Smooth_control    balance.o
    0x08003d3c   0x08003d3c   0x00000018   Code   RO         1362    i.SysTick_CLKSourceConfig  misc.o
    0x08003d54   0x08003d54   0x00000014   Code   RO         1230    i.SysTick_Handler   delay.o
    0x08003d68   0x08003d68   0x0000005c   Code   RO          351    i.SystemInit        system_stm32f4xx.o
    0x08003dc4   0x08003dc4   0x0000002e   Code   RO         2483    i.TI1_Config        stm32f4xx_tim.o
    0x08003df2   0x08003df2   0x00000036   Code   RO         2484    i.TI2_Config        stm32f4xx_tim.o
    0x08003e28   0x08003e28   0x000000a0   Code   RO          689    i.TIM10_PWM_Init    motor.o
    0x08003ec8   0x08003ec8   0x000000a8   Code   RO          690    i.TIM11_PWM_Init    motor.o
    0x08003f70   0x08003f70   0x000000f8   Code   RO          691    i.TIM1_PWM_Init     motor.o
    0x08004068   0x08004068   0x00000010   Code   RO          524    i.TIM2_IRQHandler   encoder.o
    0x08004078   0x08004078   0x00000014   Code   RO          525    i.TIM3_IRQHandler   encoder.o
    0x0800408c   0x0800408c   0x00000014   Code   RO          526    i.TIM4_IRQHandler   encoder.o
    0x080040a0   0x080040a0   0x00000014   Code   RO          527    i.TIM5_IRQHandler   encoder.o
    0x080040b4   0x080040b4   0x00000014   Code   RO          528    i.TIM8_BRK_TIM12_IRQHandler  encoder.o
    0x080040c8   0x080040c8   0x00000264   Code   RO          963    i.TIM8_CC_IRQHandler  timer.o
    0x0800432c   0x0800432c   0x00000140   Code   RO          965    i.TIM8_SERVO_Init   timer.o
    0x0800446c   0x0800446c   0x00000010   Code   RO          966    i.TIM8_UP_TIM13_IRQHandler  timer.o
    0x0800447c   0x0800447c   0x000000b8   Code   RO          692    i.TIM9_PWM_Init     motor.o
    0x08004534   0x08004534   0x00000014   Code   RO         2485    i.TIM_ARRPreloadConfig  stm32f4xx_tim.o
    0x08004548   0x08004548   0x00000006   Code   RO         2491    i.TIM_ClearFlag     stm32f4xx_tim.o
    0x0800454e   0x0800454e   0x00000006   Code   RO         2492    i.TIM_ClearITPendingBit  stm32f4xx_tim.o
    0x08004554   0x08004554   0x00000014   Code   RO         2497    i.TIM_Cmd           stm32f4xx_tim.o
    0x08004568   0x08004568   0x00000016   Code   RO         2499    i.TIM_CtrlPWMOutputs  stm32f4xx_tim.o
    0x0800457e   0x0800457e   0x00000032   Code   RO         2506    i.TIM_EncoderInterfaceConfig  stm32f4xx_tim.o
    0x080045b0   0x080045b0   0x00000004   Code   RO         2512    i.TIM_GetCapture1   stm32f4xx_tim.o
    0x080045b4   0x080045b4   0x00000004   Code   RO         2513    i.TIM_GetCapture2   stm32f4xx_tim.o
    0x080045b8   0x080045b8   0x00000004   Code   RO         2514    i.TIM_GetCapture3   stm32f4xx_tim.o
    0x080045bc   0x080045bc   0x00000004   Code   RO         2515    i.TIM_GetCapture4   stm32f4xx_tim.o
    0x080045c0   0x080045c0   0x00000018   Code   RO         2518    i.TIM_GetITStatus   stm32f4xx_tim.o
    0x080045d8   0x080045d8   0x000000ac   Code   RO         2520    i.TIM_ICInit        stm32f4xx_tim.o
    0x08004684   0x08004684   0x00000010   Code   RO         2521    i.TIM_ICStructInit  stm32f4xx_tim.o
    0x08004694   0x08004694   0x00000010   Code   RO         2522    i.TIM_ITConfig      stm32f4xx_tim.o
    0x080046a4   0x080046a4   0x00000060   Code   RO         2526    i.TIM_OC1Init       stm32f4xx_tim.o
    0x08004704   0x08004704   0x0000000c   Code   RO         2528    i.TIM_OC1PolarityConfig  stm32f4xx_tim.o
    0x08004710   0x08004710   0x0000000c   Code   RO         2529    i.TIM_OC1PreloadConfig  stm32f4xx_tim.o
    0x0800471c   0x0800471c   0x00000080   Code   RO         2531    i.TIM_OC2Init       stm32f4xx_tim.o
    0x0800479c   0x0800479c   0x00000014   Code   RO         2533    i.TIM_OC2PolarityConfig  stm32f4xx_tim.o
    0x080047b0   0x080047b0   0x00000014   Code   RO         2534    i.TIM_OC2PreloadConfig  stm32f4xx_tim.o
    0x080047c4   0x080047c4   0x0000007c   Code   RO         2536    i.TIM_OC3Init       stm32f4xx_tim.o
    0x08004840   0x08004840   0x00000014   Code   RO         2538    i.TIM_OC3PolarityConfig  stm32f4xx_tim.o
    0x08004854   0x08004854   0x0000000c   Code   RO         2539    i.TIM_OC3PreloadConfig  stm32f4xx_tim.o
    0x08004860   0x08004860   0x00000060   Code   RO         2541    i.TIM_OC4Init       stm32f4xx_tim.o
    0x080048c0   0x080048c0   0x00000014   Code   RO         2542    i.TIM_OC4PolarityConfig  stm32f4xx_tim.o
    0x080048d4   0x080048d4   0x00000014   Code   RO         2543    i.TIM_OC4PreloadConfig  stm32f4xx_tim.o
    0x080048e8   0x080048e8   0x00000004   Code   RO         2563    i.TIM_SetCounter    stm32f4xx_tim.o
    0x080048ec   0x080048ec   0x00000010   Code   RO         2564    i.TIM_SetIC1Prescaler  stm32f4xx_tim.o
    0x080048fc   0x080048fc   0x00000018   Code   RO         2565    i.TIM_SetIC2Prescaler  stm32f4xx_tim.o
    0x08004914   0x08004914   0x00000010   Code   RO         2566    i.TIM_SetIC3Prescaler  stm32f4xx_tim.o
    0x08004924   0x08004924   0x00000018   Code   RO         2567    i.TIM_SetIC4Prescaler  stm32f4xx_tim.o
    0x0800493c   0x0800493c   0x0000007c   Code   RO         2569    i.TIM_TimeBaseInit  stm32f4xx_tim.o
    0x080049b8   0x080049b8   0x00000012   Code   RO         2570    i.TIM_TimeBaseStructInit  stm32f4xx_tim.o
    0x080049ca   0x080049ca   0x00000002   PAD
    0x080049cc   0x080049cc   0x00000050   Code   RO         4548    i.Turn_Off          balance.o
    0x08004a1c   0x08004a1c   0x000001c0   Code   RO         1009    i.UART5_IRQHandler  usartx.o
    0x08004bdc   0x08004bdc   0x00000204   Code   RO         1010    i.USART1_IRQHandler  usartx.o
    0x08004de0   0x08004de0   0x0000001c   Code   RO         1011    i.USART1_SEND       usartx.o
    0x08004dfc   0x08004dfc   0x000002d0   Code   RO         1012    i.USART2_IRQHandler  usartx.o
    0x080050cc   0x080050cc   0x000001bc   Code   RO         1013    i.USART3_IRQHandler  usartx.o
    0x08005288   0x08005288   0x0000001c   Code   RO         1014    i.USART3_SEND       usartx.o
    0x080052a4   0x080052a4   0x0000001c   Code   RO         1015    i.USART5_SEND       usartx.o
    0x080052c0   0x080052c0   0x00000014   Code   RO         1894    i.USART_Cmd         stm32f4xx_usart.o
    0x080052d4   0x080052d4   0x0000003e   Code   RO         1898    i.USART_GetITStatus  stm32f4xx_usart.o
    0x08005312   0x08005312   0x00000030   Code   RO         1900    i.USART_ITConfig    stm32f4xx_usart.o
    0x08005342   0x08005342   0x00000002   PAD
    0x08005344   0x08005344   0x000000ac   Code   RO         1901    i.USART_Init        stm32f4xx_usart.o
    0x080053f0   0x080053f0   0x00000008   Code   RO         1908    i.USART_ReceiveData  stm32f4xx_usart.o
    0x080053f8   0x080053f8   0x00000002   Code   RO          275    i.UsageFault_Handler  stm32f4xx_it.o
    0x080053fa   0x080053fa   0x00000002   PAD
    0x080053fc   0x080053fc   0x00000054   Code   RO         1017    i.XYZ_Target_Speed_transition  usartx.o
    0x08005450   0x08005450   0x00000030   Code   RO         5180    i.__ARM_fpclassify  m_wm.l(fpclassify.o)
    0x08005480   0x08005480   0x00000c50   Code   RO         5107    i.__hardfp_pow      m_wm.l(pow.o)
    0x080060d0   0x080060d0   0x000000f8   Code   RO         5182    i.__kernel_poly     m_wm.l(poly.o)
    0x080061c8   0x080061c8   0x00000030   Code   RO         5160    i.__mathlib_dbl_divzero  m_wm.l(dunder.o)
    0x080061f8   0x080061f8   0x00000014   Code   RO         5162    i.__mathlib_dbl_infnan2  m_wm.l(dunder.o)
    0x0800620c   0x0800620c   0x00000004   PAD
    0x08006210   0x08006210   0x00000020   Code   RO         5163    i.__mathlib_dbl_invalid  m_wm.l(dunder.o)
    0x08006230   0x08006230   0x00000020   Code   RO         5164    i.__mathlib_dbl_overflow  m_wm.l(dunder.o)
    0x08006250   0x08006250   0x00000020   Code   RO         5166    i.__mathlib_dbl_underflow  m_wm.l(dunder.o)
    0x08006270   0x08006270   0x00000002   Code   RO         1304    i._sys_exit         usart.o
    0x08006272   0x08006272   0x00000002   PAD
    0x08006274   0x08006274   0x0000008c   Code   RO          598    i.click_N_Double_MPU6050  key.o
    0x08006300   0x08006300   0x00000026   Code   RO         1018    i.data_task         usartx.o
    0x08006326   0x08006326   0x00000002   PAD
    0x08006328   0x08006328   0x000001d4   Code   RO         1019    i.data_transition   usartx.o
    0x080064fc   0x080064fc   0x00000038   Code   RO         1231    i.delay_init        delay.o
    0x08006534   0x08006534   0x00000038   Code   RO         1232    i.delay_ms          delay.o
    0x0800656c   0x0800656c   0x00000034   Code   RO         1233    i.delay_us          delay.o
    0x080065a0   0x080065a0   0x00000018   Code   RO         5176    i.fabs              m_wm.l(fabs.o)
    0x080065b8   0x080065b8   0x00000010   Code   RO         4549    i.float_abs         balance.o
    0x080065c8   0x080065c8   0x00000018   Code   RO         1305    i.fputc             usart.o
    0x080065e0   0x080065e0   0x0000001c   Code   RO         1235    i.getSysTickCnt     delay.o
    0x080065fc   0x080065fc   0x00000020   Code   RO          647    i.led_task          led.o
    0x0800661c   0x0800661c   0x00000038   Code   RO            3    i.main              main.o
    0x08006654   0x08006654   0x00000084   Code   RO         4550    i.moveit_angle_limit  balance.o
    0x080066d8   0x080066d8   0x00000058   Code   RO         4551    i.moveit_pwm_limit  balance.o
    0x08006730   0x08006730   0x00000010   Code   RO          744    i.oled_pow          oled.o
    0x08006740   0x08006740   0x00000918   Code   RO         4756    i.oled_show         show.o
    0x08007058   0x08007058   0x00000070   Code   RO         3826    i.prvAddCurrentTaskToDelayedList  tasks.o
    0x080070c8   0x080070c8   0x000000d0   Code   RO         3827    i.prvAddNewTaskToReadyList  tasks.o
    0x08007198   0x08007198   0x00000050   Code   RO         4179    i.prvCheckForValidListAndQueue  timers.o
    0x080071e8   0x080071e8   0x00000054   Code   RO         3828    i.prvCheckTasksWaitingTermination  tasks.o
    0x0800723c   0x0800723c   0x00000026   Code   RO         3603    i.prvCopyDataFromQueue  queue.o
    0x08007262   0x08007262   0x0000006c   Code   RO         3604    i.prvCopyDataToQueue  queue.o
    0x080072ce   0x080072ce   0x00000014   Code   RO         3829    i.prvDeleteTCB      tasks.o
    0x080072e2   0x080072e2   0x00000002   PAD
    0x080072e4   0x080072e4   0x0000004c   Code   RO         4392    i.prvHeapInit       heap_4.o
    0x08007330   0x08007330   0x00000028   Code   RO         3830    i.prvIdleTask       tasks.o
    0x08007358   0x08007358   0x000000c0   Code   RO         3831    i.prvInitialiseNewTask  tasks.o
    0x08007418   0x08007418   0x0000004c   Code   RO         4393    i.prvInsertBlockIntoFreeList  heap_4.o
    0x08007464   0x08007464   0x00000038   Code   RO         4180    i.prvInsertTimerInActiveList  timers.o
    0x0800749c   0x0800749c   0x0000001a   Code   RO         3605    i.prvIsQueueEmpty   queue.o
    0x080074b6   0x080074b6   0x00000002   PAD
    0x080074b8   0x080074b8   0x00000090   Code   RO         3606    i.prvNotifyQueueSetContainer  queue.o
    0x08007548   0x08007548   0x00000060   Code   RO         4181    i.prvProcessExpiredTimer  timers.o
    0x080075a8   0x080075a8   0x000000f0   Code   RO         4182    i.prvProcessReceivedCommands  timers.o
    0x08007698   0x08007698   0x0000006c   Code   RO         4183    i.prvProcessTimerOrBlockTask  timers.o
    0x08007704   0x08007704   0x00000020   Code   RO         3833    i.prvResetNextTaskUnblockTime  tasks.o
    0x08007724   0x08007724   0x00000028   Code   RO         4184    i.prvSampleTimeNow  timers.o
    0x0800774c   0x0800774c   0x0000006c   Code   RO         4185    i.prvSwitchTimerLists  timers.o
    0x080077b8   0x080077b8   0x00000064   Code   RO         4308    i.prvTaskExitError  port.o
    0x0800781c   0x0800781c   0x00000028   Code   RO         4186    i.prvTimerTask      timers.o
    0x08007844   0x08007844   0x00000078   Code   RO         3607    i.prvUnlockQueue    queue.o
    0x080078bc   0x080078bc   0x0000001a   Code   RO          847    i.pstwo_task        pstwo.o
    0x080078d6   0x080078d6   0x00000002   PAD
    0x080078d8   0x080078d8   0x00000114   Code   RO         4394    i.pvPortMalloc      heap_4.o
    0x080079ec   0x080079ec   0x00000018   Code   RO         3835    i.pvTaskIncrementMutexHeldCount  tasks.o
    0x08007a04   0x08007a04   0x0000002c   Code   RO         4309    i.pxPortInitialiseStack  port.o
    0x08007a30   0x08007a30   0x00000150   Code   RO         4757    i.show_task         show.o
    0x08007b80   0x08007b80   0x0000006e   Code   RO         5187    i.sqrt              m_wm.l(sqrt.o)
    0x08007bee   0x08007bee   0x00000002   PAD
    0x08007bf0   0x08007bf0   0x000000f0   Code   RO            4    i.start_task        main.o
    0x08007ce0   0x08007ce0   0x000000b4   Code   RO         4449    i.systemInit        system.o
    0x08007d94   0x08007d94   0x00000020   Code   RO         4554    i.target_limit_float  balance.o
    0x08007db4   0x08007db4   0x00000010   Code   RO         4555    i.target_limit_int  balance.o
    0x08007dc4   0x08007dc4   0x000000ac   Code   RO         1020    i.uart1_init        usartx.o
    0x08007e70   0x08007e70   0x000000a8   Code   RO         1021    i.uart2_init        usartx.o
    0x08007f18   0x08007f18   0x000000b0   Code   RO         1022    i.uart3_init        usartx.o
    0x08007fc8   0x08007fc8   0x000000dc   Code   RO         1023    i.uart5_init        usartx.o
    0x080080a4   0x080080a4   0x00000010   Code   RO         1024    i.usart1_send       usartx.o
    0x080080b4   0x080080b4   0x00000014   Code   RO         1026    i.usart3_send       usartx.o
    0x080080c8   0x080080c8   0x00000010   Code   RO         1027    i.usart5_send       usartx.o
    0x080080d8   0x080080d8   0x00000024   Code   RO         3558    i.uxListRemove      list.o
    0x080080fc   0x080080fc   0x00000016   Code   RO         3559    i.vListInitialise   list.o
    0x08008112   0x08008112   0x00000006   Code   RO         3560    i.vListInitialiseItem  list.o
    0x08008118   0x08008118   0x00000030   Code   RO         3561    i.vListInsert       list.o
    0x08008148   0x08008148   0x00000018   Code   RO         3562    i.vListInsertEnd    list.o
    0x08008160   0x08008160   0x00000078   Code   RO         4311    i.vPortEnterCritical  port.o
    0x080081d8   0x080081d8   0x00000064   Code   RO         4312    i.vPortExitCritical  port.o
    0x0800823c   0x0800823c   0x0000009c   Code   RO         4395    i.vPortFree         heap_4.o
    0x080082d8   0x080082d8   0x00000020   Code   RO         4313    i.vPortSetupTimerInterrupt  port.o
    0x080082f8   0x080082f8   0x0000008c   Code   RO         4314    i.vPortValidateInterruptPriority  port.o
    0x08008384   0x08008384   0x00000024   Code   RO         3613    i.vQueueAddToRegistry  queue.o
    0x080083a8   0x080083a8   0x00000044   Code   RO         3617    i.vQueueWaitForMessageRestricted  queue.o
    0x080083ec   0x080083ec   0x0000006c   Code   RO         3843    i.vTaskDelay        tasks.o
    0x08008458   0x08008458   0x000000ac   Code   RO         3844    i.vTaskDelayUntil   tasks.o
    0x08008504   0x08008504   0x000000cc   Code   RO         3845    i.vTaskDelete       tasks.o
    0x080085d0   0x080085d0   0x0000000c   Code   RO         3849    i.vTaskMissedYield  tasks.o
    0x080085dc   0x080085dc   0x00000054   Code   RO         3851    i.vTaskPlaceOnEventList  tasks.o
    0x08008630   0x08008630   0x0000005c   Code   RO         3852    i.vTaskPlaceOnEventListRestricted  tasks.o
    0x0800868c   0x0800868c   0x00000084   Code   RO         3854    i.vTaskPriorityInherit  tasks.o
    0x08008710   0x08008710   0x00000048   Code   RO         3858    i.vTaskSetTimeOutState  tasks.o
    0x08008758   0x08008758   0x00000094   Code   RO         3859    i.vTaskStartScheduler  tasks.o
    0x080087ec   0x080087ec   0x00000010   Code   RO         3861    i.vTaskSuspendAll   tasks.o
    0x080087fc   0x080087fc   0x0000007c   Code   RO         3862    i.vTaskSwitchContext  tasks.o
    0x08008878   0x08008878   0x00000114   Code   RO         4315    i.xPortStartScheduler  port.o
    0x0800898c   0x0800898c   0x0000002c   Code   RO         4316    i.xPortSysTickHandler  port.o
    0x080089b8   0x080089b8   0x00000078   Code   RO         3622    i.xQueueGenericCreate  queue.o
    0x08008a30   0x08008a30   0x00000184   Code   RO         3623    i.xQueueGenericReceive  queue.o
    0x08008bb4   0x08008bb4   0x000000a8   Code   RO         3624    i.xQueueGenericReset  queue.o
    0x08008c5c   0x08008c5c   0x00000188   Code   RO         3625    i.xQueueGenericSend  queue.o
    0x08008de4   0x08008de4   0x000000e0   Code   RO         3626    i.xQueueGenericSendFromISR  queue.o
    0x08008ec4   0x08008ec4   0x00000088   Code   RO         3863    i.xTaskCheckForTimeOut  tasks.o
    0x08008f4c   0x08008f4c   0x00000056   Code   RO         3864    i.xTaskCreate       tasks.o
    0x08008fa2   0x08008fa2   0x00000002   PAD
    0x08008fa4   0x08008fa4   0x0000001c   Code   RO         3868    i.xTaskGetSchedulerState  tasks.o
    0x08008fc0   0x08008fc0   0x0000000c   Code   RO         3869    i.xTaskGetTickCount  tasks.o
    0x08008fcc   0x08008fcc   0x000000e8   Code   RO         3871    i.xTaskIncrementTick  tasks.o
    0x080090b4   0x080090b4   0x000000b4   Code   RO         3874    i.xTaskPriorityDisinherit  tasks.o
    0x08009168   0x08009168   0x00000098   Code   RO         3875    i.xTaskRemoveFromEventList  tasks.o
    0x08009200   0x08009200   0x000000e4   Code   RO         3877    i.xTaskResumeAll    tasks.o
    0x080092e4   0x080092e4   0x00000074   Code   RO         4189    i.xTimerCreate      timers.o
    0x08009358   0x08009358   0x00000074   Code   RO         4190    i.xTimerCreateTimerTask  timers.o
    0x080093cc   0x080093cc   0x00000090   Code   RO         4191    i.xTimerGenericCommand  timers.o
    0x0800945c   0x0800945c   0x00000018   Code   RO         5141    x$fpl$basic         fz_wm.l(basic.o)
    0x08009474   0x08009474   0x00000062   Code   RO         5075    x$fpl$d2f           fz_wm.l(d2f.o)
    0x080094d6   0x080094d6   0x00000002   PAD
    0x080094d8   0x080094d8   0x00000150   Code   RO         5077    x$fpl$dadd          fz_wm.l(daddsub_clz.o)
    0x08009628   0x08009628   0x00000010   Code   RO         5223    x$fpl$dcheck1       fz_wm.l(dcheck1.o)
    0x08009638   0x08009638   0x00000018   Code   RO         5242    x$fpl$dcmpinf       fz_wm.l(dcmpi.o)
    0x08009650   0x08009650   0x000002b0   Code   RO         5144    x$fpl$ddiv          fz_wm.l(ddiv.o)
    0x08009900   0x08009900   0x0000002e   Code   RO         5084    x$fpl$dflt          fz_wm.l(dflt_clz.o)
    0x0800992e   0x0800992e   0x00000026   Code   RO         5083    x$fpl$dfltu         fz_wm.l(dflt_clz.o)
    0x08009954   0x08009954   0x00000078   Code   RO         5225    x$fpl$dleqf         fz_wm.l(dleqf.o)
    0x080099cc   0x080099cc   0x00000154   Code   RO         5089    x$fpl$dmul          fz_wm.l(dmul.o)
    0x08009b20   0x08009b20   0x0000009c   Code   RO         5147    x$fpl$dnaninf       fz_wm.l(dnaninf.o)
    0x08009bbc   0x08009bbc   0x0000000c   Code   RO         5149    x$fpl$dretinf       fz_wm.l(dretinf.o)
    0x08009bc8   0x08009bc8   0x0000006c   Code   RO         5151    x$fpl$drleqf        fz_wm.l(drleqf.o)
    0x08009c34   0x08009c34   0x00000016   Code   RO         5078    x$fpl$drsb          fz_wm.l(daddsub_clz.o)
    0x08009c4a   0x08009c4a   0x00000002   PAD
    0x08009c4c   0x08009c4c   0x00000198   Code   RO         5227    x$fpl$dsqrt         fz_wm.l(dsqrt_umaal.o)
    0x08009de4   0x08009de4   0x000001d4   Code   RO         5079    x$fpl$dsub          fz_wm.l(daddsub_clz.o)
    0x08009fb8   0x08009fb8   0x00000056   Code   RO         5091    x$fpl$f2d           fz_wm.l(f2d.o)
    0x0800a00e   0x0800a00e   0x0000008c   Code   RO         5153    x$fpl$fnaninf       fz_wm.l(fnaninf.o)
    0x0800a09a   0x0800a09a   0x0000000a   Code   RO         5304    x$fpl$fpinit        fz_wm.l(fpinit.o)
    0x0800a0a4   0x0800a0a4   0x0000000a   Code   RO         5155    x$fpl$fretinf       fz_wm.l(fretinf.o)
    0x0800a0ae   0x0800a0ae   0x00000064   Code   RO         5244    x$fpl$retnan        fz_wm.l(retnan.o)
    0x0800a112   0x0800a112   0x0000005c   Code   RO         5157    x$fpl$scalbn        fz_wm.l(scalbn.o)
    0x0800a16e   0x0800a16e   0x00000030   Code   RO         5293    x$fpl$trapveneer    fz_wm.l(trapv.o)
    0x0800a19e   0x0800a19e   0x00000000   Code   RO         5159    x$fpl$usenofp       fz_wm.l(usenofp.o)
    0x0800a19e   0x0800a19e   0x000014a4   Data   RO          746    .constdata          oled.o
    0x0800b642   0x0800b642   0x00000006   PAD
    0x0800b648   0x0800b648   0x00000088   Data   RO         5110    .constdata          m_wm.l(pow.o)
    0x0800b6d0   0x0800b6d0   0x00000008   Data   RO         5184    .constdata          m_wm.l(qnan.o)
    0x0800b6d8   0x0800b6d8   0x00000020   Data   RO         5370    Region$$Table       anon$$obj.o


    Execution Region RW_IRAM1 (Exec base: 0x20000000, Load base: 0x0800b6f8, Size: 0x00006210, Max: 0x00020000, ABSOLUTE, COMPRESSED[0x0000007c])

    Exec Addr    Load Addr    Size         Type   Attr      Idx    E Section Name        Object

    0x20000000   COMPRESSED   0x00000004   Data   RW            5    .data               main.o
    0x20000004   COMPRESSED   0x00000014   Data   RW          352    .data               system_stm32f4xx.o
    0x20000018   COMPRESSED   0x00000004   Data   RW          393    .data               adc.o
    0x2000001c   COMPRESSED   0x00000004   Data   RW          395    .data               adc.o
    0x20000020   COMPRESSED   0x00000014   Data   RW          599    .data               key.o
    0x20000034   COMPRESSED   0x00000008   Data   RW          648    .data               led.o
    0x2000003c   COMPRESSED   0x00000038   Data   RW          849    .data               pstwo.o
    0x20000074   COMPRESSED   0x00000044   Data   RW          967    .data               timer.o
    0x200000b8   COMPRESSED   0x00000010   Data   RW         1029    .data               usartx.o
    0x200000c8   COMPRESSED   0x00000004   Data   RW         1169    .data               f4_flash.o
    0x200000cc   COMPRESSED   0x00000004   Data   RW         1170    .data               f4_flash.o
    0x200000d0   COMPRESSED   0x00000004   Data   RW         1171    .data               f4_flash.o
    0x200000d4   COMPRESSED   0x00000004   Data   RW         1172    .data               f4_flash.o
    0x200000d8   COMPRESSED   0x00000004   Data   RW         1173    .data               f4_flash.o
    0x200000dc   COMPRESSED   0x00000004   Data   RW         1174    .data               f4_flash.o
    0x200000e0   COMPRESSED   0x00000004   Data   RW         1175    .data               f4_flash.o
    0x200000e4   COMPRESSED   0x00000004   Data   RW         1176    .data               f4_flash.o
    0x200000e8   COMPRESSED   0x00000004   Data   RW         1177    .data               f4_flash.o
    0x200000ec   COMPRESSED   0x00000004   Data   RW         1178    .data               f4_flash.o
    0x200000f0   COMPRESSED   0x00000004   Data   RW         1179    .data               f4_flash.o
    0x200000f4   COMPRESSED   0x00000008   Data   RW         1180    .data               f4_flash.o
    0x200000fc   COMPRESSED   0x00000004   Data   RW         1181    .data               f4_flash.o
    0x20000100   COMPRESSED   0x00000008   Data   RW         1236    .data               delay.o
    0x20000108   COMPRESSED   0x00000004   Data   RW         1309    .data               usart.o
    0x2000010c   COMPRESSED   0x00000010   Data   RW         1553    .data               stm32f4xx_rcc.o
    0x2000011c   COMPRESSED   0x0000003c   Data   RW         3880    .data               tasks.o
    0x20000158   COMPRESSED   0x00000014   Data   RW         4199    .data               timers.o
    0x2000016c   COMPRESSED   0x0000000c   Data   RW         4317    .data               port.o
    0x20000178   COMPRESSED   0x00000018   Data   RW         4400    .data               heap_4.o
    0x20000190   COMPRESSED   0x00000001   Data   RW         4455    .data               system.o
    0x20000191   COMPRESSED   0x00000001   Data   RW         4456    .data               system.o
    0x20000192   COMPRESSED   0x00000002   PAD
    0x20000194   COMPRESSED   0x00000004   Data   RW         4457    .data               system.o
    0x20000198   COMPRESSED   0x00000001   Data   RW         4458    .data               system.o
    0x20000199   COMPRESSED   0x00000003   PAD
    0x2000019c   COMPRESSED   0x00000004   Data   RW         4459    .data               system.o
    0x200001a0   COMPRESSED   0x00000004   Data   RW         4460    .data               system.o
    0x200001a4   COMPRESSED   0x00000001   Data   RW         4461    .data               system.o
    0x200001a5   COMPRESSED   0x00000001   Data   RW         4462    .data               system.o
    0x200001a6   COMPRESSED   0x00000001   Data   RW         4463    .data               system.o
    0x200001a7   COMPRESSED   0x00000001   Data   RW         4464    .data               system.o
    0x200001a8   COMPRESSED   0x00000004   Data   RW         4465    .data               system.o
    0x200001ac   COMPRESSED   0x00000004   Data   RW         4466    .data               system.o
    0x200001b0   COMPRESSED   0x00000004   Data   RW         4467    .data               system.o
    0x200001b4   COMPRESSED   0x00000004   Data   RW         4468    .data               system.o
    0x200001b8   COMPRESSED   0x00000001   Data   RW         4469    .data               system.o
    0x200001b9   COMPRESSED   0x00000003   PAD
    0x200001bc   COMPRESSED   0x00000004   Data   RW         4470    .data               system.o
    0x200001c0   COMPRESSED   0x00000004   Data   RW         4474    .data               system.o
    0x200001c4   COMPRESSED   0x00000004   Data   RW         4475    .data               system.o
    0x200001c8   COMPRESSED   0x00000004   Data   RW         4477    .data               system.o
    0x200001cc   COMPRESSED   0x00000004   Data   RW         4479    .data               system.o
    0x200001d0   COMPRESSED   0x00000004   Data   RW         4480    .data               system.o
    0x200001d4   COMPRESSED   0x00000004   Data   RW         4481    .data               system.o
    0x200001d8   COMPRESSED   0x00000004   Data   RW         4482    .data               system.o
    0x200001dc   COMPRESSED   0x00000004   Data   RW         4483    .data               system.o
    0x200001e0   COMPRESSED   0x00000004   Data   RW         4484    .data               system.o
    0x200001e4   COMPRESSED   0x00000004   Data   RW         4485    .data               system.o
    0x200001e8   COMPRESSED   0x00000004   Data   RW         4486    .data               system.o
    0x200001ec   COMPRESSED   0x00000001   Data   RW         4487    .data               system.o
    0x200001ed   COMPRESSED   0x00000001   Data   RW         4488    .data               system.o
    0x200001ee   COMPRESSED   0x00000002   PAD
    0x200001f0   COMPRESSED   0x00000004   Data   RW         4489    .data               system.o
    0x200001f4   COMPRESSED   0x00000004   Data   RW         4490    .data               system.o
    0x200001f8   COMPRESSED   0x00000004   Data   RW         4491    .data               system.o
    0x200001fc   COMPRESSED   0x00000004   Data   RW         4492    .data               system.o
    0x20000200   COMPRESSED   0x00000001   Data   RW         4493    .data               system.o
    0x20000201   COMPRESSED   0x00000001   Data   RW         4494    .data               system.o
    0x20000202   COMPRESSED   0x00000001   Data   RW         4495    .data               system.o
    0x20000203   COMPRESSED   0x00000001   Data   RW         4496    .data               system.o
    0x20000204   COMPRESSED   0x00000004   Data   RW         4497    .data               system.o
    0x20000208   COMPRESSED   0x00000004   Data   RW         4498    .data               system.o
    0x2000020c   COMPRESSED   0x00000004   Data   RW         4499    .data               system.o
    0x20000210   COMPRESSED   0x00000004   Data   RW         4500    .data               system.o
    0x20000214   COMPRESSED   0x00000004   Data   RW         4501    .data               system.o
    0x20000218   COMPRESSED   0x0000009c   Data   RW         4557    .data               balance.o
    0x200002b4   COMPRESSED   0x00000001   Data   RW         4558    .data               balance.o
    0x200002b5   COMPRESSED   0x00000003   PAD
    0x200002b8   COMPRESSED   0x0000001c   Data   RW         4758    .data               show.o
    0x200002d4   COMPRESSED   0x00000028   Data   RW         4818    .data               mpu6050.o
    0x200002fc        -       0x00000400   Zero   RW          745    .bss                oled.o
    0x200006fc        -       0x00000009   Zero   RW          848    .bss                pstwo.o
    0x20000705   COMPRESSED   0x00000003   PAD
    0x20000708        -       0x000000c0   Zero   RW         1028    .bss                usartx.o
    0x200007c8        -       0x00000014   Zero   RW         1168    .bss                f4_flash.o
    0x200007dc        -       0x00000040   Zero   RW         3637    .bss                queue.o
    0x2000081c        -       0x000002e4   Zero   RW         3879    .bss                tasks.o
    0x20000b00        -       0x00000028   Zero   RW         4198    .bss                timers.o
    0x20000b28        -       0x00005000   Zero   RW         4399    .bss                heap_4.o
    0x20005b28        -       0x0000000c   Zero   RW         4450    .bss                system.o
    0x20005b34        -       0x00000014   Zero   RW         4451    .bss                system.o
    0x20005b48        -       0x00000014   Zero   RW         4452    .bss                system.o
    0x20005b5c        -       0x00000014   Zero   RW         4453    .bss                system.o
    0x20005b70        -       0x00000014   Zero   RW         4454    .bss                system.o
    0x20005b84        -       0x00000010   Zero   RW         4556    .bss                balance.o
    0x20005b94        -       0x00000018   Zero   RW         4728    .bss                robot_select_init.o
    0x20005bac        -       0x00000060   Zero   RW         5230    .bss                c_w.l(libspace.o)
    0x20005c0c   COMPRESSED   0x00000004   PAD
    0x20005c10        -       0x00000200   Zero   RW         1350    HEAP                startup_stm32f40_41xxx.o
    0x20005e10        -       0x00000400   Zero   RW         1349    STACK               startup_stm32f40_41xxx.o


==============================================================================

Image component sizes


      Code (inc. data)   RO Data    RW Data    ZI Data      Debug   Object Name

       502         60          0          8          0       4885   adc.o
      4832        804          0        157         16      24805   balance.o
      1118         82          0          0          0       6179   can.o
       212         18          0          8          0       3929   delay.o
       944         70          0          0          0       7271   encoder.o
         0          0          0          0          0       9728   event_groups.o
       438         76          0         56         20       5810   f4_flash.o
       584        138          0         24      20480       4883   heap_4.o
       818         74          0          0          0       8377   i2c.o
       184         12          0         20          0       3682   key.o
       148         20          0          8          0       2864   led.o
       136          0          0          0          0       3954   list.o
       296        130          0          4          0     333920   main.o
       144         14          0          0          0       2617   misc.o
       808         44          0          0          0       4351   motor.o
       638         24          0         40          0       7772   mpu6050.o
       878         42       5284          0       1024       8943   oled.o
      1038        382          0         12          0      12329   port.o
      1348        192          0         56          9      11274   pstwo.o
      1832        236          0          0         64      15185   queue.o
       384         94          0          0         24       2209   robot_select_init.o
      3104        496          0         28          0       4412   show.o
        64         26        392          0       1536        936   startup_stm32f40_41xxx.o
       286         20          0          0          0       6634   stm32f4xx_adc.o
        16          0          0          0          0       1823   stm32f4xx_can.o
       338         36          0          0          0       5760   stm32f4xx_flash.o
       156          0          0          0          0       2826   stm32f4xx_gpio.o
        12          0          0          0          0       3465   stm32f4xx_it.o
        12          6          0          0          0        658   stm32f4xx_pwr.o
       268         42          0         16          0       6880   stm32f4xx_rcc.o
      1274         60          0          0          0      28640   stm32f4xx_tim.o
       310          8          0          0          0       5202   stm32f4xx_usart.o
       180          0          0        126         92       4571   system.o
       272         36          0         20          0       2269   system_stm32f4xx.o
      2930        714          0         60        740      34793   tasks.o
       948         66          0         68          0       4240   timer.o
      1144        260          0         20         40      11646   timers.o
        26          6          0          4          0       3408   usart.o
      3734        532          0         16        192      17456   usartx.o

    ----------------------------------------------------------------------
     32404       4820       5714        764      24240     630586   Object Totals
         0          0         32          0          0          0   (incl. Generated)
        48          0          6         13          3          0   (incl. Padding)

    ----------------------------------------------------------------------

      Code (inc. data)   RO Data    RW Data    ZI Data      Debug   Library Member Name

        90          0          0          0          0          0   __dczerorl2.o
         8          0          0          0          0         68   __main.o
       104          0          0          0          0         84   __printf.o
         0          0          0          0          0          0   __rtentry.o
        12          0          0          0          0          0   __rtentry2.o
         6          0          0          0          0          0   __rtentry4.o
        52          8          0          0          0          0   __scatter.o
        28          0          0          0          0          0   __scatter_zi.o
        44          0          0          0          0        108   _printf_char.o
        48          6          0          0          0         96   _printf_char_common.o
        36          4          0          0          0         80   _printf_char_file.o
         6          0          0          0          0          0   _printf_d.o
       120         16          0          0          0         92   _printf_dec.o
       178          0          0          0          0         88   _printf_intcommon.o
         0          0          0          0          0          0   _printf_percent.o
         4          0          0          0          0          0   _printf_percent_end.o
         6          0          0          0          0          0   _printf_s.o
        82          0          0          0          0         80   _printf_str.o
        22          0          0          0          0        100   _rserrno.o
        16          0          0          0          0         68   aeabi_memset.o
        18          0          0          0          0         80   exit.o
         8          0          0          0          0         68   ferror.o
         6          0          0          0          0        152   heapauxi.o
         2          0          0          0          0          0   libinit.o
         6          0          0          0          0          0   libinit2.o
         2          0          0          0          0          0   libshutdown.o
         2          0          0          0          0          0   libshutdown2.o
         8          4          0          0         96         68   libspace.o
        24          4          0          0          0         84   noretval__2printf.o
         8          4          0          0          0         68   rt_errno_addr_intlibspace.o
        68          0          0          0          0         68   rt_memclr.o
        78          0          0          0          0         80   rt_memclr_w.o
       138          0          0          0          0         68   rt_memcpy_v6.o
       100          0          0          0          0         80   rt_memcpy_w.o
         2          0          0          0          0          0   rtexit.o
        10          0          0          0          0          0   rtexit2.o
        74          0          0          0          0         80   sys_stackheap_outer.o
         2          0          0          0          0         68   use_no_semi.o
         2          0          0          0          0         68   use_no_semi_2.o
        24          0          0          0          0        164   basic.o
        98          4          0          0          0        140   d2f.o
       826         16          0          0          0        492   daddsub_clz.o
        16          4          0          0          0        116   dcheck1.o
        24          0          0          0          0        116   dcmpi.o
       688        140          0          0          0        256   ddiv.o
        84          0          0          0          0        232   dflt_clz.o
       120          4          0          0          0        140   dleqf.o
       340         12          0          0          0        152   dmul.o
       156          4          0          0          0        140   dnaninf.o
        12          0          0          0          0        116   dretinf.o
       108          0          0          0          0        128   drleqf.o
       408         56          0          0          0        168   dsqrt_umaal.o
        86          4          0          0          0        132   f2d.o
       140          4          0          0          0        132   fnaninf.o
        10          0          0          0          0        116   fpinit.o
        10          0          0          0          0        116   fretinf.o
       100          0          0          0          0        116   retnan.o
        92          0          0          0          0        116   scalbn.o
        48          0          0          0          0        116   trapv.o
         0          0          0          0          0          0   usenofp.o
       164         44          0          0          0        620   dunder.o
        24          0          0          0          0        124   fabs.o
        48          0          0          0          0        124   fpclassify.o
       248          0          0          0          0        152   poly.o
      3152        296        136          0          0        352   pow.o
         0          0          8          0          0          0   qnan.o
       110          0          0          0          0        148   sqrt.o

    ----------------------------------------------------------------------
      8578        634        144          0        100       6620   Library Totals
        22          0          0          0          4          0   (incl. Padding)

    ----------------------------------------------------------------------

      Code (inc. data)   RO Data    RW Data    ZI Data      Debug   Library Name

      1420         46          0          0         96       1896   c_w.l
      3390        248          0          0          0       3204   fz_wm.l
      3746        340        144          0          0       1520   m_wm.l

    ----------------------------------------------------------------------
      8578        634        144          0        100       6620   Library Totals

    ----------------------------------------------------------------------

==============================================================================


      Code (inc. data)   RO Data    RW Data    ZI Data      Debug   

     40982       5454       5858        764      24340     606418   Grand Totals
     40982       5454       5858        124      24340     606418   ELF Image Totals (compressed)
     40982       5454       5858        124          0          0   ROM Totals

==============================================================================

    Total RO  Size (Code + RO Data)                46840 (  45.74kB)
    Total RW  Size (RW Data + ZI Data)             25104 (  24.52kB)
    Total ROM Size (Code + RO Data + RW Data)      46964 (  45.86kB)

==============================================================================

